<?xml version="1.0" encoding="ISO-8859-1" ?>
<link_info>
   <banner>TI ARM Linker PC v18.1.4.LTS</banner>
   <copyright>Copyright (c) 1996-2018 Texas Instruments Incorporated</copyright>
   <link_time>0x5cae97e8</link_time>
   <link_errors>0x0</link_errors>
   <output_file>led_temp_FreeRTOS.out</output_file>
   <entry_point>
      <name>_c_int00_noargs</name>
      <address>0x2d91</address>
   </entry_point>
   <input_file_list>
      <input_file id="fl-2">
         <path>.\</path>
         <kind>object</kind>
         <file>main.obj</file>
         <name>main.obj</name>
      </input_file>
      <input_file id="fl-3">
         <path>.\</path>
         <kind>object</kind>
         <file>startup_ccs.obj</file>
         <name>startup_ccs.obj</name>
      </input_file>
      <input_file id="fl-4">
         <path>.\drivers\</path>
         <kind>object</kind>
         <file>buttons.obj</file>
         <name>buttons.obj</name>
      </input_file>
      <input_file id="fl-5">
         <path>.\drivers\</path>
         <kind>object</kind>
         <file>eth_client_lwip.obj</file>
         <name>eth_client_lwip.obj</name>
      </input_file>
      <input_file id="fl-6">
         <path>.\drivers\</path>
         <kind>object</kind>
         <file>exosite_hal_lwip.obj</file>
         <name>exosite_hal_lwip.obj</name>
      </input_file>
      <input_file id="fl-7">
         <path>.\drivers\</path>
         <kind>object</kind>
         <file>http.obj</file>
         <name>http.obj</name>
      </input_file>
      <input_file id="fl-8">
         <path>.\drivers\</path>
         <kind>object</kind>
         <file>pinout.obj</file>
         <name>pinout.obj</name>
      </input_file>
      <input_file id="fl-9">
         <path>.\src\</path>
         <kind>object</kind>
         <file>led.obj</file>
         <name>led.obj</name>
      </input_file>
      <input_file id="fl-a">
         <path>.\src\</path>
         <kind>object</kind>
         <file>logger.obj</file>
         <name>logger.obj</name>
      </input_file>
      <input_file id="fl-b">
         <path>.\src\</path>
         <kind>object</kind>
         <file>temp.obj</file>
         <name>temp.obj</name>
      </input_file>
      <input_file id="fl-c">
         <path>.\third_party\FreeRTOS\Source\</path>
         <kind>object</kind>
         <file>list.obj</file>
         <name>list.obj</name>
      </input_file>
      <input_file id="fl-d">
         <path>.\third_party\FreeRTOS\Source\</path>
         <kind>object</kind>
         <file>queue.obj</file>
         <name>queue.obj</name>
      </input_file>
      <input_file id="fl-e">
         <path>.\third_party\FreeRTOS\Source\</path>
         <kind>object</kind>
         <file>tasks.obj</file>
         <name>tasks.obj</name>
      </input_file>
      <input_file id="fl-f">
         <path>.\third_party\FreeRTOS\Source\</path>
         <kind>object</kind>
         <file>timers.obj</file>
         <name>timers.obj</name>
      </input_file>
      <input_file id="fl-10">
         <path>.\third_party\FreeRTOS\Source\portable\CCS\ARM_CM4F\</path>
         <kind>object</kind>
         <file>port.obj</file>
         <name>port.obj</name>
      </input_file>
      <input_file id="fl-11">
         <path>.\third_party\FreeRTOS\Source\portable\CCS\ARM_CM4F\</path>
         <kind>object</kind>
         <file>portasm.obj</file>
         <name>portasm.obj</name>
      </input_file>
      <input_file id="fl-12">
         <path>.\third_party\FreeRTOS\Source\portable\MemMang\</path>
         <kind>object</kind>
         <file>heap_1.obj</file>
         <name>heap_1.obj</name>
      </input_file>
      <input_file id="fl-13">
         <path>.\third_party\exosite\</path>
         <kind>object</kind>
         <file>exosite.obj</file>
         <name>exosite.obj</name>
      </input_file>
      <input_file id="fl-14">
         <path>.\third_party\exosite\</path>
         <kind>object</kind>
         <file>exosite_meta.obj</file>
         <name>exosite_meta.obj</name>
      </input_file>
      <input_file id="fl-15">
         <path>.\utils\</path>
         <kind>object</kind>
         <file>cmdline.obj</file>
         <name>cmdline.obj</name>
      </input_file>
      <input_file id="fl-16">
         <path>.\utils\</path>
         <kind>object</kind>
         <file>flash_pb.obj</file>
         <name>flash_pb.obj</name>
      </input_file>
      <input_file id="fl-17">
         <path>.\utils\</path>
         <kind>object</kind>
         <file>locator.obj</file>
         <name>locator.obj</name>
      </input_file>
      <input_file id="fl-18">
         <path>.\utils\</path>
         <kind>object</kind>
         <file>lwiplib.obj</file>
         <name>lwiplib.obj</name>
      </input_file>
      <input_file id="fl-19">
         <path>.\utils\</path>
         <kind>object</kind>
         <file>ringbuf.obj</file>
         <name>ringbuf.obj</name>
      </input_file>
      <input_file id="fl-1a">
         <path>.\utils\</path>
         <kind>object</kind>
         <file>uartstdio.obj</file>
         <name>uartstdio.obj</name>
      </input_file>
      <input_file id="fl-1b">
         <path>.\utils\</path>
         <kind>object</kind>
         <file>ustdlib.obj</file>
         <name>ustdlib.obj</name>
      </input_file>
      <input_file id="fl-21">
         <kind>object</kind>
         <file>&lt;internal&gt;</file>
         <name>&lt;internal&gt;</name>
      </input_file>
      <input_file id="fl-d7">
         <path>C:\ti\ccsv8\tools\compiler\ti-cgt-arm_18.1.4.LTS\lib\</path>
         <kind>archive</kind>
         <file>rtsv7M4_T_le_v4SPD16_eabi.lib</file>
         <name>u_divt2.asm.obj</name>
      </input_file>
      <input_file id="fl-d8">
         <path>C:\ti\ccsv8\tools\compiler\ti-cgt-arm_18.1.4.LTS\lib\</path>
         <kind>archive</kind>
         <file>rtsv7M4_T_le_v4SPD16_eabi.lib</file>
         <name>fd_mul_t2.asm.obj</name>
      </input_file>
      <input_file id="fl-d9">
         <path>C:\ti\ccsv8\tools\compiler\ti-cgt-arm_18.1.4.LTS\lib\</path>
         <kind>archive</kind>
         <file>rtsv7M4_T_le_v4SPD16_eabi.lib</file>
         <name>fd_tos_t2.asm.obj</name>
      </input_file>
      <input_file id="fl-da">
         <path>C:\ti\ccsv8\tools\compiler\ti-cgt-arm_18.1.4.LTS\lib\</path>
         <kind>archive</kind>
         <file>rtsv7M4_T_le_v4SPD16_eabi.lib</file>
         <name>memcpy_t2.asm.obj</name>
      </input_file>
      <input_file id="fl-db">
         <path>C:\ti\ccsv8\tools\compiler\ti-cgt-arm_18.1.4.LTS\lib\</path>
         <kind>archive</kind>
         <file>rtsv7M4_T_le_v4SPD16_eabi.lib</file>
         <name>u_tofd_t2.asm.obj</name>
      </input_file>
      <input_file id="fl-dc">
         <path>C:\ti\ccsv8\tools\compiler\ti-cgt-arm_18.1.4.LTS\lib\</path>
         <kind>archive</kind>
         <file>rtsv7M4_T_le_v4SPD16_eabi.lib</file>
         <name>memset_t2.asm.obj</name>
      </input_file>
      <input_file id="fl-dd">
         <path>C:\ti\ccsv8\tools\compiler\ti-cgt-arm_18.1.4.LTS\lib\</path>
         <kind>archive</kind>
         <file>rtsv7M4_T_le_v4SPD16_eabi.lib</file>
         <name>copy_zero_init.c.obj</name>
      </input_file>
      <input_file id="fl-de">
         <path>C:\ti\ccsv8\tools\compiler\ti-cgt-arm_18.1.4.LTS\lib\</path>
         <kind>archive</kind>
         <file>rtsv7M4_T_le_v4SPD16_eabi.lib</file>
         <name>copy_decompress_none.c.obj</name>
      </input_file>
      <input_file id="fl-df">
         <path>C:\ti\ccsv8\tools\compiler\ti-cgt-arm_18.1.4.LTS\lib\</path>
         <kind>archive</kind>
         <file>rtsv7M4_T_le_v4SPD16_eabi.lib</file>
         <name>copy_decompress_lzss.c.obj</name>
      </input_file>
      <input_file id="fl-e0">
         <path>C:\ti\ccsv8\tools\compiler\ti-cgt-arm_18.1.4.LTS\lib\</path>
         <kind>archive</kind>
         <file>rtsv7M4_T_le_v4SPD16_eabi.lib</file>
         <name>boot_cortex_m.c.obj</name>
      </input_file>
      <input_file id="fl-e1">
         <path>C:\ti\ccsv8\tools\compiler\ti-cgt-arm_18.1.4.LTS\lib\</path>
         <kind>archive</kind>
         <file>rtsv7M4_T_le_v4SPD16_eabi.lib</file>
         <name>exit.c.obj</name>
      </input_file>
      <input_file id="fl-e2">
         <path>C:\ti\ccsv8\tools\compiler\ti-cgt-arm_18.1.4.LTS\lib\</path>
         <kind>archive</kind>
         <file>rtsv7M4_T_le_v4SPD16_eabi.lib</file>
         <name>_lock.c.obj</name>
      </input_file>
      <input_file id="fl-e3">
         <path>C:\ti\ccsv8\tools\compiler\ti-cgt-arm_18.1.4.LTS\lib\</path>
         <kind>archive</kind>
         <file>rtsv7M4_T_le_v4SPD16_eabi.lib</file>
         <name>args_main.c.obj</name>
      </input_file>
      <input_file id="fl-e4">
         <path>C:\ti\ccsv8\tools\compiler\ti-cgt-arm_18.1.4.LTS\lib\</path>
         <kind>archive</kind>
         <file>rtsv7M4_T_le_v4SPD16_eabi.lib</file>
         <name>memcmp.c.obj</name>
      </input_file>
      <input_file id="fl-e5">
         <path>C:\ti\ccsv8\tools\compiler\ti-cgt-arm_18.1.4.LTS\lib\</path>
         <kind>archive</kind>
         <file>rtsv7M4_T_le_v4SPD16_eabi.lib</file>
         <name>strcat.c.obj</name>
      </input_file>
      <input_file id="fl-e6">
         <path>C:\ti\ccsv8\tools\compiler\ti-cgt-arm_18.1.4.LTS\lib\</path>
         <kind>archive</kind>
         <file>rtsv7M4_T_le_v4SPD16_eabi.lib</file>
         <name>strcmp.c.obj</name>
      </input_file>
      <input_file id="fl-e7">
         <path>C:\ti\ccsv8\tools\compiler\ti-cgt-arm_18.1.4.LTS\lib\</path>
         <kind>archive</kind>
         <file>rtsv7M4_T_le_v4SPD16_eabi.lib</file>
         <name>strlen.c.obj</name>
      </input_file>
      <input_file id="fl-e8">
         <path>C:\ti\ccsv8\tools\compiler\ti-cgt-arm_18.1.4.LTS\lib\</path>
         <kind>archive</kind>
         <file>rtsv7M4_T_le_v4SPD16_eabi.lib</file>
         <name>strncmp.c.obj</name>
      </input_file>
      <input_file id="fl-e9">
         <path>C:\ti\ccsv8\tools\compiler\ti-cgt-arm_18.1.4.LTS\lib\</path>
         <kind>archive</kind>
         <file>rtsv7M4_T_le_v4SPD16_eabi.lib</file>
         <name>strncpy.c.obj</name>
      </input_file>
      <input_file id="fl-ea">
         <path>C:\ti\ccsv8\tools\compiler\ti-cgt-arm_18.1.4.LTS\lib\</path>
         <kind>archive</kind>
         <file>rtsv7M4_T_le_v4SPD16_eabi.lib</file>
         <name>div0.asm.obj</name>
      </input_file>
      <input_file id="fl-eb">
         <path>C:\ti\ccsv8\tools\compiler\ti-cgt-arm_18.1.4.LTS\lib\</path>
         <kind>archive</kind>
         <file>rtsv7M4_T_le_v4SPD16_eabi.lib</file>
         <name>autoinit.c.obj</name>
      </input_file>
      <input_file id="fl-ec">
         <path>C:\ti\ccsv8\tools\compiler\ti-cgt-arm_18.1.4.LTS\lib\</path>
         <kind>archive</kind>
         <file>rtsv7M4_T_le_v4SPD16_eabi.lib</file>
         <name>pre_init.c.obj</name>
      </input_file>
      <input_file id="fl-ed">
         <path>C:\ti\ccsv8\tools\compiler\ti-cgt-arm_18.1.4.LTS\lib\</path>
         <kind>archive</kind>
         <file>rtsv7M4_T_le_v4SPD16_eabi.lib</file>
         <name>cpy_tbl.c.obj</name>
      </input_file>
      <input_file id="fl-ee">
         <path>C:\ti\TivaWare_C_Series-2.1.4.178\driverlib\ccs\Debug\</path>
         <kind>archive</kind>
         <file>driverlib.lib</file>
         <name>eeprom.obj</name>
      </input_file>
      <input_file id="fl-ef">
         <path>C:\ti\TivaWare_C_Series-2.1.4.178\driverlib\ccs\Debug\</path>
         <kind>archive</kind>
         <file>driverlib.lib</file>
         <name>emac.obj</name>
      </input_file>
      <input_file id="fl-f0">
         <path>C:\ti\TivaWare_C_Series-2.1.4.178\driverlib\ccs\Debug\</path>
         <kind>archive</kind>
         <file>driverlib.lib</file>
         <name>flash.obj</name>
      </input_file>
      <input_file id="fl-f1">
         <path>C:\ti\TivaWare_C_Series-2.1.4.178\driverlib\ccs\Debug\</path>
         <kind>archive</kind>
         <file>driverlib.lib</file>
         <name>gpio.obj</name>
      </input_file>
      <input_file id="fl-f2">
         <path>C:\ti\TivaWare_C_Series-2.1.4.178\driverlib\ccs\Debug\</path>
         <kind>archive</kind>
         <file>driverlib.lib</file>
         <name>i2c.obj</name>
      </input_file>
      <input_file id="fl-f3">
         <path>C:\ti\TivaWare_C_Series-2.1.4.178\driverlib\ccs\Debug\</path>
         <kind>archive</kind>
         <file>driverlib.lib</file>
         <name>interrupt.obj</name>
      </input_file>
      <input_file id="fl-f4">
         <path>C:\ti\TivaWare_C_Series-2.1.4.178\driverlib\ccs\Debug\</path>
         <kind>archive</kind>
         <file>driverlib.lib</file>
         <name>sw_crc.obj</name>
      </input_file>
      <input_file id="fl-f5">
         <path>C:\ti\TivaWare_C_Series-2.1.4.178\driverlib\ccs\Debug\</path>
         <kind>archive</kind>
         <file>driverlib.lib</file>
         <name>sysctl.obj</name>
      </input_file>
      <input_file id="fl-f6">
         <path>C:\ti\TivaWare_C_Series-2.1.4.178\driverlib\ccs\Debug\</path>
         <kind>archive</kind>
         <file>driverlib.lib</file>
         <name>uart.obj</name>
      </input_file>
      <input_file id="fl-f7">
         <path>C:\ti\TivaWare_C_Series-2.1.4.178\driverlib\ccs\Debug\</path>
         <kind>archive</kind>
         <file>driverlib.lib</file>
         <name>cpu.obj</name>
      </input_file>
      <input_file id="fl-f8">
         <path>C:\ti\TivaWare_C_Series-2.1.4.178\sensorlib\ccs\Debug\</path>
         <kind>archive</kind>
         <file>sensorlib.lib</file>
         <name>i2cm_drv.obj</name>
      </input_file>
   </input_file_list>
   <object_component_list>
      <object_component id="oc-f">
         <name>.intvecs</name>
         <load_address>0x0</load_address>
         <run_address>0x0</run_address>
         <size>0x200</size>
         <input_file_ref idref="fl-3"/>
      </object_component>
      <object_component id="oc-513">
         <name>.text:log</name>
         <load_address>0x200</load_address>
         <run_address>0x200</run_address>
         <size>0x210</size>
         <input_file_ref idref="fl-a"/>
      </object_component>
      <object_component id="oc-400">
         <name>.text:UARTvprintf</name>
         <load_address>0x410</load_address>
         <run_address>0x410</run_address>
         <size>0x208</size>
         <input_file_ref idref="fl-1a"/>
      </object_component>
      <object_component id="oc-299">
         <name>.text:SysCtlClockFreqSet</name>
         <load_address>0x618</load_address>
         <run_address>0x618</run_address>
         <size>0x200</size>
         <input_file_ref idref="fl-f5"/>
      </object_component>
      <object_component id="oc-47">
         <name>.text:UARTStdioIntHandler</name>
         <load_address>0x818</load_address>
         <run_address>0x818</run_address>
         <size>0x170</size>
         <input_file_ref idref="fl-1a"/>
      </object_component>
      <object_component id="oc-136">
         <name>.text:main</name>
         <load_address>0x988</load_address>
         <run_address>0x988</run_address>
         <size>0x164</size>
         <input_file_ref idref="fl-2"/>
      </object_component>
      <object_component id="oc-4b7">
         <name>.text:GPIOPadConfigSet</name>
         <load_address>0xaec</load_address>
         <run_address>0xaec</run_address>
         <size>0x132</size>
         <input_file_ref idref="fl-f1"/>
      </object_component>
      <object_component id="oc-30">
         <name>.text:FaultISR</name>
         <load_address>0xc1e</load_address>
         <run_address>0xc1e</run_address>
         <size>0x2</size>
         <input_file_ref idref="fl-3"/>
      </object_component>
      <object_component id="oc-4f4">
         <name>.text:xQueueGenericReceive</name>
         <load_address>0xc20</load_address>
         <run_address>0xc20</run_address>
         <size>0x128</size>
         <input_file_ref idref="fl-d"/>
      </object_component>
      <object_component id="oc-b0">
         <name>.text:xTaskIncrementTick</name>
         <load_address>0xd48</load_address>
         <run_address>0xd48</run_address>
         <size>0x108</size>
         <input_file_ref idref="fl-e"/>
      </object_component>
      <object_component id="oc-659">
         <name>.text</name>
         <load_address>0xe50</load_address>
         <run_address>0xe50</run_address>
         <size>0xfc</size>
         <input_file_ref idref="fl-d8"/>
      </object_component>
      <object_component id="oc-e3">
         <name>.text:xQueueGenericSend</name>
         <load_address>0xf4c</load_address>
         <run_address>0xf4c</run_address>
         <size>0xfc</size>
         <input_file_ref idref="fl-d"/>
      </object_component>
      <object_component id="oc-414">
         <name>.text:xTaskGenericCreate</name>
         <load_address>0x1048</load_address>
         <run_address>0x1048</run_address>
         <size>0xfc</size>
         <input_file_ref idref="fl-e"/>
      </object_component>
      <object_component id="oc-1ae">
         <name>.text:xTaskResumeAll</name>
         <load_address>0x1144</load_address>
         <run_address>0x1144</run_address>
         <size>0xec</size>
         <input_file_ref idref="fl-e"/>
      </object_component>
      <object_component id="oc-3c">
         <name>.text</name>
         <load_address>0x1230</load_address>
         <run_address>0x1230</run_address>
         <size>0xd2</size>
         <input_file_ref idref="fl-11"/>
      </object_component>
      <object_component id="oc-36">
         <name>.text:IntDefaultHandler</name>
         <load_address>0x1302</load_address>
         <run_address>0x1302</run_address>
         <size>0x2</size>
         <input_file_ref idref="fl-3"/>
      </object_component>
      <object_component id="oc-2e1">
         <name>.text:timer_config</name>
         <load_address>0x1304</load_address>
         <run_address>0x1304</run_address>
         <size>0xc8</size>
         <input_file_ref idref="fl-2"/>
      </object_component>
      <object_component id="oc-a9">
         <name>.text:vTaskSwitchContext</name>
         <load_address>0x13cc</load_address>
         <run_address>0x13cc</run_address>
         <size>0xc8</size>
         <input_file_ref idref="fl-e"/>
      </object_component>
      <object_component id="oc-4fa">
         <name>.text:temp_send</name>
         <load_address>0x1494</load_address>
         <run_address>0x1494</run_address>
         <size>0xc0</size>
         <input_file_ref idref="fl-b"/>
      </object_component>
      <object_component id="oc-3ba">
         <name>.text:UARTStdioConfig</name>
         <load_address>0x1554</load_address>
         <run_address>0x1554</run_address>
         <size>0xb8</size>
         <input_file_ref idref="fl-1a"/>
      </object_component>
      <object_component id="oc-5d0">
         <name>.text:xTaskGenericNotify</name>
         <load_address>0x160c</load_address>
         <run_address>0x160c</run_address>
         <size>0xb4</size>
         <input_file_ref idref="fl-e"/>
      </object_component>
      <object_component id="oc-51c">
         <name>.text:ulTaskNotifyTake</name>
         <load_address>0x16c0</load_address>
         <run_address>0x16c0</run_address>
         <size>0xb0</size>
         <input_file_ref idref="fl-e"/>
      </object_component>
      <object_component id="oc-508">
         <name>.text:led_send</name>
         <load_address>0x1770</load_address>
         <run_address>0x1770</run_address>
         <size>0xac</size>
         <input_file_ref idref="fl-9"/>
      </object_component>
      <object_component id="oc-59">
         <name>.text:lwIPEthernetIntHandler</name>
         <load_address>0x181c</load_address>
         <run_address>0x181c</run_address>
         <size>0xac</size>
         <input_file_ref idref="fl-18"/>
      </object_component>
      <object_component id="oc-c3">
         <name>.text:UARTwrite</name>
         <load_address>0x18c8</load_address>
         <run_address>0x18c8</run_address>
         <size>0xa8</size>
         <input_file_ref idref="fl-1a"/>
      </object_component>
      <object_component id="oc-604">
         <name>.text:prvProcessReceivedCommands</name>
         <load_address>0x1970</load_address>
         <run_address>0x1970</run_address>
         <size>0xa4</size>
         <input_file_ref idref="fl-f"/>
      </object_component>
      <object_component id="oc-b7">
         <name>.text:UARTPrimeTransmit</name>
         <load_address>0x1a14</load_address>
         <run_address>0x1a14</run_address>
         <size>0x9c</size>
         <input_file_ref idref="fl-1a"/>
      </object_component>
      <object_component id="oc-6d">
         <name>.text</name>
         <load_address>0x1ab0</load_address>
         <run_address>0x1ab0</run_address>
         <size>0x9c</size>
         <input_file_ref idref="fl-da"/>
      </object_component>
      <object_component id="oc-5b1">
         <name>.text:vTaskPriorityInherit</name>
         <load_address>0x1b4c</load_address>
         <run_address>0x1b4c</run_address>
         <size>0x98</size>
         <input_file_ref idref="fl-e"/>
      </object_component>
      <object_component id="oc-2bd">
         <name>.text:sem_create</name>
         <load_address>0x1be4</load_address>
         <run_address>0x1be4</run_address>
         <size>0x8c</size>
         <input_file_ref idref="fl-2"/>
      </object_component>
      <object_component id="oc-376">
         <name>.text:xTaskPriorityDisinherit</name>
         <load_address>0x1c70</load_address>
         <run_address>0x1c70</run_address>
         <size>0x84</size>
         <input_file_ref idref="fl-e"/>
      </object_component>
      <object_component id="oc-5ca">
         <name>.text:temp_read</name>
         <load_address>0x1cf4</load_address>
         <run_address>0x1cf4</run_address>
         <size>0x80</size>
         <input_file_ref idref="fl-b"/>
      </object_component>
      <object_component id="oc-12a">
         <name>.text</name>
         <load_address>0x1d74</load_address>
         <run_address>0x1d74</run_address>
         <size>0x7a</size>
         <input_file_ref idref="fl-dc"/>
      </object_component>
      <object_component id="oc-2a">
         <name>.text:NmiSR</name>
         <load_address>0x1dee</load_address>
         <run_address>0x1dee</run_address>
         <size>0x2</size>
         <input_file_ref idref="fl-3"/>
      </object_component>
      <object_component id="oc-1c6">
         <name>.text:xTaskRemoveFromEventList</name>
         <load_address>0x1df0</load_address>
         <run_address>0x1df0</run_address>
         <size>0x78</size>
         <input_file_ref idref="fl-e"/>
      </object_component>
      <object_component id="oc-1c0">
         <name>.text:prvCopyDataToQueue</name>
         <load_address>0x1e68</load_address>
         <run_address>0x1e68</run_address>
         <size>0x76</size>
         <input_file_ref idref="fl-d"/>
      </object_component>
      <object_component id="oc-583">
         <name>.text</name>
         <load_address>0x1ede</load_address>
         <run_address>0x1ede</run_address>
         <size>0x2</size>
         <input_file_ref idref="fl-ea"/>
      </object_component>
      <object_component id="oc-2a5">
         <name>.text:configure_i2c</name>
         <load_address>0x1ee0</load_address>
         <run_address>0x1ee0</run_address>
         <size>0x74</size>
         <input_file_ref idref="fl-2"/>
      </object_component>
      <object_component id="oc-6a0">
         <name>.text:prvSwitchTimerLists</name>
         <load_address>0x1f54</load_address>
         <run_address>0x1f54</run_address>
         <size>0x74</size>
         <input_file_ref idref="fl-f"/>
      </object_component>
      <object_component id="oc-3f9">
         <name>.text:xQueueGenericReset</name>
         <load_address>0x1fc8</load_address>
         <run_address>0x1fc8</run_address>
         <size>0x74</size>
         <input_file_ref idref="fl-d"/>
      </object_component>
      <object_component id="oc-5fe">
         <name>.text:prvProcessTimerOrBlockTask</name>
         <load_address>0x203c</load_address>
         <run_address>0x203c</run_address>
         <size>0x70</size>
         <input_file_ref idref="fl-f"/>
      </object_component>
      <object_component id="oc-2e7">
         <name>.text:vTaskStartScheduler</name>
         <load_address>0x20ac</load_address>
         <run_address>0x20ac</run_address>
         <size>0x70</size>
         <input_file_ref idref="fl-e"/>
      </object_component>
      <object_component id="oc-65e">
         <name>.text</name>
         <load_address>0x211c</load_address>
         <run_address>0x211c</run_address>
         <size>0x6e</size>
         <input_file_ref idref="fl-d9"/>
      </object_component>
      <object_component id="oc-153">
         <name>.text:vApplicationStackOverflowHook</name>
         <load_address>0x218a</load_address>
         <run_address>0x218a</run_address>
         <size>0x2</size>
         <input_file_ref idref="fl-2"/>
      </object_component>
      <object_component id="oc-29f">
         <name>.text:ConfigureUART</name>
         <load_address>0x218c</load_address>
         <run_address>0x218c</run_address>
         <size>0x6c</size>
         <input_file_ref idref="fl-2"/>
      </object_component>
      <object_component id="oc-12">
         <name>.text:decompress:lzss:__TI_decompress_lzss</name>
         <load_address>0x21f8</load_address>
         <run_address>0x21f8</run_address>
         <size>0x68</size>
         <input_file_ref idref="fl-df"/>
      </object_component>
      <object_component id="oc-4ed">
         <name>.text:prvInitialiseTaskLists</name>
         <load_address>0x2260</load_address>
         <run_address>0x2260</run_address>
         <size>0x68</size>
         <input_file_ref idref="fl-e"/>
      </object_component>
      <object_component id="oc-53d">
         <name>.text:prvCheckTasksWaitingTermination</name>
         <load_address>0x22c8</load_address>
         <run_address>0x22c8</run_address>
         <size>0x64</size>
         <input_file_ref idref="fl-e"/>
      </object_component>
      <object_component id="oc-2c9">
         <name>.text:temptask_init</name>
         <load_address>0x232c</load_address>
         <run_address>0x232c</run_address>
         <size>0x64</size>
         <input_file_ref idref="fl-b"/>
      </object_component>
      <object_component id="oc-1a8">
         <name>.text:prvUnlockQueue</name>
         <load_address>0x2390</load_address>
         <run_address>0x2390</run_address>
         <size>0x62</size>
         <input_file_ref idref="fl-d"/>
      </object_component>
      <object_component id="oc-58c">
         <name>.text:vPortFree</name>
         <load_address>0x23f2</load_address>
         <run_address>0x23f2</run_address>
         <size>0x2</size>
         <input_file_ref idref="fl-12"/>
      </object_component>
      <object_component id="oc-2db">
         <name>.text:alerttask_init</name>
         <load_address>0x23f4</load_address>
         <run_address>0x23f4</run_address>
         <size>0x60</size>
         <input_file_ref idref="fl-2"/>
      </object_component>
      <object_component id="oc-1a2">
         <name>.text:xTaskCheckForTimeOut</name>
         <load_address>0x2454</load_address>
         <run_address>0x2454</run_address>
         <size>0x60</size>
         <input_file_ref idref="fl-e"/>
      </object_component>
      <object_component id="oc-2d5">
         <name>.text:loggertask_init</name>
         <load_address>0x24b4</load_address>
         <run_address>0x24b4</run_address>
         <size>0x5c</size>
         <input_file_ref idref="fl-a"/>
      </object_component>
      <object_component id="oc-523">
         <name>.text:prvCheckForValidListAndQueue</name>
         <load_address>0x2510</load_address>
         <run_address>0x2510</run_address>
         <size>0x5c</size>
         <input_file_ref idref="fl-f"/>
      </object_component>
      <object_component id="oc-3f3">
         <name>.text:pvPortMalloc</name>
         <load_address>0x256c</load_address>
         <run_address>0x256c</run_address>
         <size>0x5c</size>
         <input_file_ref idref="fl-12"/>
      </object_component>
      <object_component id="oc-101">
         <name>.text:xQueueGenericSendFromISR</name>
         <load_address>0x25c8</load_address>
         <run_address>0x25c8</run_address>
         <size>0x5c</size>
         <input_file_ref idref="fl-d"/>
      </object_component>
      <object_component id="oc-430">
         <name>.text:alert</name>
         <load_address>0x2624</load_address>
         <run_address>0x2624</run_address>
         <size>0x58</size>
         <input_file_ref idref="fl-2"/>
      </object_component>
      <object_component id="oc-421">
         <name>.text:led</name>
         <load_address>0x267c</load_address>
         <run_address>0x267c</run_address>
         <size>0x58</size>
         <input_file_ref idref="fl-9"/>
      </object_component>
      <object_component id="oc-1ba">
         <name>.text:vTaskPlaceOnEventList</name>
         <load_address>0x26d4</load_address>
         <run_address>0x26d4</run_address>
         <size>0x58</size>
         <input_file_ref idref="fl-e"/>
      </object_component>
      <object_component id="oc-6a6">
         <name>.text:vTaskPlaceOnEventListRestricted</name>
         <load_address>0x272c</load_address>
         <run_address>0x272c</run_address>
         <size>0x58</size>
         <input_file_ref idref="fl-e"/>
      </object_component>
      <object_component id="oc-2cf">
         <name>.text:ledtask_init</name>
         <load_address>0x2784</load_address>
         <run_address>0x2784</run_address>
         <size>0x54</size>
         <input_file_ref idref="fl-9"/>
      </object_component>
      <object_component id="oc-683">
         <name>.text:xTimerGenericCommand</name>
         <load_address>0x27d8</load_address>
         <run_address>0x27d8</run_address>
         <size>0x54</size>
         <input_file_ref idref="fl-f"/>
      </object_component>
      <object_component id="oc-4e1">
         <name>.text:prvInitialiseTCBVariables</name>
         <load_address>0x282c</load_address>
         <run_address>0x282c</run_address>
         <size>0x52</size>
         <input_file_ref idref="fl-e"/>
      </object_component>
      <object_component id="oc-3c7">
         <name>.text:SysCtlPeripheralReset</name>
         <load_address>0x2880</load_address>
         <run_address>0x2880</run_address>
         <size>0x50</size>
         <input_file_ref idref="fl-f5"/>
      </object_component>
      <object_component id="oc-3e5">
         <name>.text:I2CMasterInitExpClk</name>
         <load_address>0x28d0</load_address>
         <run_address>0x28d0</run_address>
         <size>0x4c</size>
         <input_file_ref idref="fl-f2"/>
      </object_component>
      <object_component id="oc-36c">
         <name>.text:prvAddCurrentTaskToDelayedList</name>
         <load_address>0x291c</load_address>
         <run_address>0x291c</run_address>
         <size>0x4c</size>
         <input_file_ref idref="fl-e"/>
      </object_component>
      <object_component id="oc-67d">
         <name>.text:prvInsertTimerInActiveList</name>
         <load_address>0x2968</load_address>
         <run_address>0x2968</run_address>
         <size>0x4c</size>
         <input_file_ref idref="fl-f"/>
      </object_component>
      <object_component id="oc-2c3">
         <name>.text:xQueueCreateMutex</name>
         <load_address>0x29b4</load_address>
         <run_address>0x29b4</run_address>
         <size>0x4c</size>
         <input_file_ref idref="fl-d"/>
      </object_component>
      <object_component id="oc-3d3">
         <name>.text:GPIOPinConfigure</name>
         <load_address>0x2a00</load_address>
         <run_address>0x2a00</run_address>
         <size>0x48</size>
         <input_file_ref idref="fl-f1"/>
      </object_component>
      <object_component id="oc-3a3">
         <name>.text:_SysCtlFrequencyGet</name>
         <load_address>0x2a48</load_address>
         <run_address>0x2a48</run_address>
         <size>0x48</size>
         <input_file_ref idref="fl-f5"/>
      </object_component>
      <object_component id="oc-676">
         <name>.text:prvProcessExpiredTimer</name>
         <load_address>0x2a90</load_address>
         <run_address>0x2a90</run_address>
         <size>0x48</size>
         <input_file_ref idref="fl-f"/>
      </object_component>
      <object_component id="oc-2fe">
         <name>.text:__TI_auto_init_nobinit_nopinit:__TI_auto_init_nobinit_nopinit</name>
         <load_address>0x2ad8</load_address>
         <run_address>0x2ad8</run_address>
         <size>0x44</size>
         <input_file_ref idref="fl-eb"/>
      </object_component>
      <object_component id="oc-2b1">
         <name>.text:xQueueGenericCreate</name>
         <load_address>0x2b1c</load_address>
         <run_address>0x2b1c</run_address>
         <size>0x42</size>
         <input_file_ref idref="fl-d"/>
      </object_component>
      <object_component id="oc-4d1">
         <name>.text</name>
         <load_address>0x2b5e</load_address>
         <run_address>0x2b5e</run_address>
         <size>0x40</size>
         <input_file_ref idref="fl-d7"/>
      </object_component>
      <object_component id="oc-4d">
         <name>.text:temp_timer0handler</name>
         <load_address>0x2ba0</load_address>
         <run_address>0x2ba0</run_address>
         <size>0x40</size>
         <input_file_ref idref="fl-2"/>
      </object_component>
      <object_component id="oc-670">
         <name>.text:vQueueWaitForMessageRestricted</name>
         <load_address>0x2be0</load_address>
         <run_address>0x2be0</run_address>
         <size>0x40</size>
         <input_file_ref idref="fl-d"/>
      </object_component>
      <object_component id="oc-43e">
         <name>.text:xPortStartScheduler</name>
         <load_address>0x2c20</load_address>
         <run_address>0x2c20</run_address>
         <size>0x40</size>
         <input_file_ref idref="fl-10"/>
      </object_component>
      <object_component id="oc-438">
         <name>.text:xTimerCreateTimerTask</name>
         <load_address>0x2c60</load_address>
         <run_address>0x2c60</run_address>
         <size>0x40</size>
         <input_file_ref idref="fl-f"/>
      </object_component>
      <object_component id="oc-4db">
         <name>.text:prvAllocateTCBAndStack</name>
         <load_address>0x2ca0</load_address>
         <run_address>0x2ca0</run_address>
         <size>0x3e</size>
         <input_file_ref idref="fl-e"/>
      </object_component>
      <object_component id="oc-49c">
         <name>.text:UARTFlushTx</name>
         <load_address>0x2ce0</load_address>
         <run_address>0x2ce0</run_address>
         <size>0x3c</size>
         <input_file_ref idref="fl-1a"/>
      </object_component>
      <object_component id="oc-53">
         <name>.text:led_timer0handler</name>
         <load_address>0x2d1c</load_address>
         <run_address>0x2d1c</run_address>
         <size>0x3c</size>
         <input_file_ref idref="fl-2"/>
      </object_component>
      <object_component id="oc-3cd">
         <name>.text:SysCtlPeripheralReady</name>
         <load_address>0x2d58</load_address>
         <run_address>0x2d58</run_address>
         <size>0x38</size>
         <input_file_ref idref="fl-f5"/>
      </object_component>
      <object_component id="oc-8b">
         <name>.text:_c_int00_noargs:_c_int00_noargs</name>
         <load_address>0x2d90</load_address>
         <run_address>0x2d90</run_address>
         <size>0x38</size>
         <input_file_ref idref="fl-e0"/>
      </object_component>
      <object_component id="oc-636">
         <name>.text:temp_write</name>
         <load_address>0x2dc8</load_address>
         <run_address>0x2dc8</run_address>
         <size>0x38</size>
         <input_file_ref idref="fl-b"/>
      </object_component>
      <object_component id="oc-3c1">
         <name>.text:SysCtlPeripheralEnable</name>
         <load_address>0x2e00</load_address>
         <run_address>0x2e00</run_address>
         <size>0x34</size>
         <input_file_ref idref="fl-f5"/>
      </object_component>
      <object_component id="oc-366">
         <name>.text:vListInsert</name>
         <load_address>0x2e34</load_address>
         <run_address>0x2e34</run_address>
         <size>0x32</size>
         <input_file_ref idref="fl-c"/>
      </object_component>
      <object_component id="oc-2ab">
         <name>.text:led_config</name>
         <load_address>0x2e68</load_address>
         <run_address>0x2e68</run_address>
         <size>0x30</size>
         <input_file_ref idref="fl-9"/>
      </object_component>
      <object_component id="oc-5e8">
         <name>.text:vQueueAddToRegistry</name>
         <load_address>0x2e98</load_address>
         <run_address>0x2e98</run_address>
         <size>0x30</size>
         <input_file_ref idref="fl-d"/>
      </object_component>
      <object_component id="oc-ef">
         <name>.text:EMACIntStatus</name>
         <load_address>0x2ec8</load_address>
         <run_address>0x2ec8</run_address>
         <size>0x2c</size>
         <input_file_ref idref="fl-ef"/>
      </object_component>
      <object_component id="oc-496">
         <name>.text:UARTFlushRx</name>
         <load_address>0x2ef4</load_address>
         <run_address>0x2ef4</run_address>
         <size>0x2c</size>
         <input_file_ref idref="fl-1a"/>
      </object_component>
      <object_component id="oc-15e">
         <name>.text:prvResetNextTaskUnblockTime</name>
         <load_address>0x2f20</load_address>
         <run_address>0x2f20</run_address>
         <size>0x2c</size>
         <input_file_ref idref="fl-e"/>
      </object_component>
      <object_component id="oc-66e">
         <name>.text:prvSampleTimeNow</name>
         <load_address>0x2f4c</load_address>
         <run_address>0x2f4c</run_address>
         <size>0x2c</size>
         <input_file_ref idref="fl-f"/>
      </object_component>
      <object_component id="oc-41">
         <name>.text:xPortSysTickHandler</name>
         <load_address>0x2f78</load_address>
         <run_address>0x2f78</run_address>
         <size>0x2c</size>
         <input_file_ref idref="fl-10"/>
      </object_component>
      <object_component id="oc-4b1">
         <name>.text:GPIODirModeSet</name>
         <load_address>0x2fa4</load_address>
         <run_address>0x2fa4</run_address>
         <size>0x2a</size>
         <input_file_ref idref="fl-f1"/>
      </object_component>
      <object_component id="oc-5b7">
         <name>.text:prvCopyDataFromQueue</name>
         <load_address>0x2fce</load_address>
         <run_address>0x2fce</run_address>
         <size>0x28</size>
         <input_file_ref idref="fl-d"/>
      </object_component>
      <object_component id="oc-4e7">
         <name>.text:pxPortInitialiseStack</name>
         <load_address>0x2ff8</load_address>
         <run_address>0x2ff8</run_address>
         <size>0x28</size>
         <input_file_ref idref="fl-10"/>
      </object_component>
      <object_component id="oc-164">
         <name>.text:uxListRemove</name>
         <load_address>0x3020</load_address>
         <run_address>0x3020</run_address>
         <size>0x26</size>
         <input_file_ref idref="fl-c"/>
      </object_component>
      <object_component id="oc-5f8">
         <name>.text:prvGetNextExpireTime</name>
         <load_address>0x3048</load_address>
         <run_address>0x3048</run_address>
         <size>0x24</size>
         <input_file_ref idref="fl-f"/>
      </object_component>
      <object_component id="oc-39d">
         <name>.text:_SysCtlMemTimingGet</name>
         <load_address>0x306c</load_address>
         <run_address>0x306c</run_address>
         <size>0x20</size>
         <input_file_ref idref="fl-f5"/>
      </object_component>
      <object_component id="oc-654">
         <name>.text</name>
         <load_address>0x308c</load_address>
         <run_address>0x308c</run_address>
         <size>0x20</size>
         <input_file_ref idref="fl-db"/>
      </object_component>
      <object_component id="oc-6af">
         <name>.text:xTaskGetSchedulerState</name>
         <load_address>0x30ac</load_address>
         <run_address>0x30ac</run_address>
         <size>0x20</size>
         <input_file_ref idref="fl-e"/>
      </object_component>
      <object_component id="oc-1b4">
         <name>.text:prvIsQueueFull</name>
         <load_address>0x30cc</load_address>
         <run_address>0x30cc</run_address>
         <size>0x1e</size>
         <input_file_ref idref="fl-d"/>
      </object_component>
      <object_component id="oc-40d">
         <name>.text:vListInitialise</name>
         <load_address>0x30ea</load_address>
         <run_address>0x30ea</run_address>
         <size>0x1e</size>
         <input_file_ref idref="fl-c"/>
      </object_component>
      <object_component id="oc-41a">
         <name>.text:temp</name>
         <load_address>0x3108</load_address>
         <run_address>0x3108</run_address>
         <size>0x1c</size>
         <input_file_ref idref="fl-b"/>
      </object_component>
      <object_component id="oc-19c">
         <name>.text:vPortEnterCritical</name>
         <load_address>0x3124</load_address>
         <run_address>0x3124</run_address>
         <size>0x1c</size>
         <input_file_ref idref="fl-10"/>
      </object_component>
      <object_component id="oc-c9">
         <name>.text:IsBufferFull</name>
         <load_address>0x3140</load_address>
         <run_address>0x3140</run_address>
         <size>0x1a</size>
         <input_file_ref idref="fl-1a"/>
      </object_component>
      <object_component id="oc-2b7">
         <name>.text:UARTprintf</name>
         <load_address>0x315a</load_address>
         <run_address>0x315a</run_address>
         <size>0x1a</size>
         <input_file_ref idref="fl-1a"/>
      </object_component>
      <object_component id="oc-5ab">
         <name>.text:prvIsQueueEmpty</name>
         <load_address>0x3174</load_address>
         <run_address>0x3174</run_address>
         <size>0x1a</size>
         <input_file_ref idref="fl-d"/>
      </object_component>
      <object_component id="oc-3ec">
         <name>.text:GPIOPinTypeGPIOOutput</name>
         <load_address>0x318e</load_address>
         <run_address>0x318e</run_address>
         <size>0x18</size>
         <input_file_ref idref="fl-f1"/>
      </object_component>
      <object_component id="oc-5bd">
         <name>.text:pvTaskIncrementMutexHeldCount</name>
         <load_address>0x31a8</load_address>
         <run_address>0x31a8</run_address>
         <size>0x18</size>
         <input_file_ref idref="fl-e"/>
      </object_component>
      <object_component id="oc-16a">
         <name>.text:vListInsertEnd</name>
         <load_address>0x31c0</load_address>
         <run_address>0x31c0</run_address>
         <size>0x18</size>
         <input_file_ref idref="fl-c"/>
      </object_component>
      <object_component id="oc-18a">
         <name>.text:vPortExitCritical</name>
         <load_address>0x31d8</load_address>
         <run_address>0x31d8</run_address>
         <size>0x18</size>
         <input_file_ref idref="fl-10"/>
      </object_component>
      <object_component id="oc-536">
         <name>.text:vPortSetupTimerInterrupt</name>
         <load_address>0x31f0</load_address>
         <run_address>0x31f0</run_address>
         <size>0x18</size>
         <input_file_ref idref="fl-10"/>
      </object_component>
      <object_component id="oc-190">
         <name>.text:vTaskSetTimeOutState</name>
         <load_address>0x3208</load_address>
         <run_address>0x3208</run_address>
         <size>0x18</size>
         <input_file_ref idref="fl-e"/>
      </object_component>
      <object_component id="oc-529">
         <name>.text:prvTimerTask</name>
         <load_address>0x3220</load_address>
         <run_address>0x3220</run_address>
         <size>0x14</size>
         <input_file_ref idref="fl-f"/>
      </object_component>
      <object_component id="oc-3d9">
         <name>.text:GPIOPinTypeI2C</name>
         <load_address>0x3234</load_address>
         <run_address>0x3234</run_address>
         <size>0x12</size>
         <input_file_ref idref="fl-f1"/>
      </object_component>
      <object_component id="oc-3df">
         <name>.text:GPIOPinTypeI2CSCL</name>
         <load_address>0x3246</load_address>
         <run_address>0x3246</run_address>
         <size>0x12</size>
         <input_file_ref idref="fl-f1"/>
      </object_component>
      <object_component id="oc-611">
         <name>.text:prvDeleteTCB</name>
         <load_address>0x3258</load_address>
         <run_address>0x3258</run_address>
         <size>0x12</size>
         <input_file_ref idref="fl-e"/>
      </object_component>
      <object_component id="oc-59a">
         <name>.text:prvTaskExitError</name>
         <load_address>0x326a</load_address>
         <run_address>0x326a</run_address>
         <size>0x10</size>
         <input_file_ref idref="fl-10"/>
      </object_component>
      <object_component id="oc-196">
         <name>.text:vTaskSuspendAll</name>
         <load_address>0x327c</load_address>
         <run_address>0x327c</run_address>
         <size>0x10</size>
         <input_file_ref idref="fl-e"/>
      </object_component>
      <object_component id="oc-bd">
         <name>.text:IsBufferEmpty</name>
         <load_address>0x328c</load_address>
         <run_address>0x328c</run_address>
         <size>0xe</size>
         <input_file_ref idref="fl-1a"/>
      </object_component>
      <object_component id="oc-18">
         <name>.text:decompress:none:__TI_decompress_none</name>
         <load_address>0x329a</load_address>
         <run_address>0x329a</run_address>
         <size>0xe</size>
         <input_file_ref idref="fl-de"/>
      </object_component>
      <object_component id="oc-7f">
         <name>.text:decompress:ZI:__TI_zero_init</name>
         <load_address>0x32a8</load_address>
         <run_address>0x32a8</run_address>
         <size>0xc</size>
         <input_file_ref idref="fl-dd"/>
      </object_component>
      <object_component id="oc-35a">
         <name>.text:vTaskMissedYield</name>
         <load_address>0x32b4</load_address>
         <run_address>0x32b4</run_address>
         <size>0xc</size>
         <input_file_ref idref="fl-e"/>
      </object_component>
      <object_component id="oc-5c4">
         <name>.text:xTaskGetTickCount</name>
         <load_address>0x32c0</load_address>
         <run_address>0x32c0</run_address>
         <size>0xc</size>
         <input_file_ref idref="fl-e"/>
      </object_component>
      <object_component id="oc-4bf">
         <name>.text:I2CMasterEnable</name>
         <load_address>0x32cc</load_address>
         <run_address>0x32cc</run_address>
         <size>0xa</size>
         <input_file_ref idref="fl-f2"/>
      </object_component>
      <object_component id="oc-f5">
         <name>.text:EMACPowerManagementStatusGet</name>
         <load_address>0x32d6</load_address>
         <run_address>0x32d6</run_address>
         <size>0x8</size>
         <input_file_ref idref="fl-ef"/>
      </object_component>
      <object_component id="oc-648">
         <name>.text:I2CMasterBusy</name>
         <load_address>0x32de</load_address>
         <run_address>0x32de</run_address>
         <size>0x8</size>
         <input_file_ref idref="fl-f2"/>
      </object_component>
      <object_component id="oc-63c">
         <name>.text:I2CMasterSlaveAddrSet</name>
         <load_address>0x32e6</load_address>
         <run_address>0x32e6</run_address>
         <size>0x8</size>
         <input_file_ref idref="fl-f2"/>
      </object_component>
      <object_component id="oc-428">
         <name>.text:logger</name>
         <load_address>0x32ee</load_address>
         <run_address>0x32ee</run_address>
         <size>0x8</size>
         <input_file_ref idref="fl-a"/>
      </object_component>
      <object_component id="oc-444">
         <name>.text:prvIdleTask</name>
         <load_address>0x32f6</load_address>
         <run_address>0x32f6</run_address>
         <size>0x8</size>
         <input_file_ref idref="fl-e"/>
      </object_component>
      <object_component id="oc-fb">
         <name>.text:EMACTimestampIntStatus</name>
         <load_address>0x32fe</load_address>
         <run_address>0x32fe</run_address>
         <size>0x6</size>
         <input_file_ref idref="fl-ef"/>
      </object_component>
      <object_component id="oc-502">
         <name>.text:GPIOPinWrite</name>
         <load_address>0x3304</load_address>
         <run_address>0x3304</run_address>
         <size>0x6</size>
         <input_file_ref idref="fl-f1"/>
      </object_component>
      <object_component id="oc-24">
         <name>.text:ResetISR</name>
         <load_address>0x330a</load_address>
         <run_address>0x330a</run_address>
         <size>0x6</size>
         <input_file_ref idref="fl-3"/>
      </object_component>
      <object_component id="oc-3b4">
         <name>.text:UARTClockSourceSet</name>
         <load_address>0x3310</load_address>
         <run_address>0x3310</run_address>
         <size>0x6</size>
         <input_file_ref idref="fl-f6"/>
      </object_component>
      <object_component id="oc-593">
         <name>.text:vListInitialiseItem</name>
         <load_address>0x3316</load_address>
         <run_address>0x3316</run_address>
         <size>0x6</size>
         <input_file_ref idref="fl-c"/>
      </object_component>
      <object_component id="oc-642">
         <name>.text:I2CMasterControl</name>
         <load_address>0x331c</load_address>
         <run_address>0x331c</run_address>
         <size>0x4</size>
         <input_file_ref idref="fl-f2"/>
      </object_component>
      <object_component id="oc-64e">
         <name>.text:I2CMasterDataGet</name>
         <load_address>0x3320</load_address>
         <run_address>0x3320</run_address>
         <size>0x4</size>
         <input_file_ref idref="fl-f2"/>
      </object_component>
      <object_component id="oc-692">
         <name>.text:I2CMasterDataPut</name>
         <load_address>0x3324</load_address>
         <run_address>0x3324</run_address>
         <size>0x4</size>
         <input_file_ref idref="fl-f2"/>
      </object_component>
      <object_component id="oc-130">
         <name>.text:_system_pre_init</name>
         <load_address>0x3328</load_address>
         <run_address>0x3328</run_address>
         <size>0x4</size>
         <input_file_ref idref="fl-ec"/>
      </object_component>
      <object_component id="oc-2f2">
         <name>.text:abort:abort</name>
         <load_address>0x332c</load_address>
         <run_address>0x332c</run_address>
         <size>0x4</size>
         <input_file_ref idref="fl-e1"/>
      </object_component>
      <object_component id="oc-3ac">
         <name>.const:g_pppui32XTALtoVCO</name>
         <load_address>0x3330</load_address>
         <run_address>0x3330</run_address>
         <size>0x1b0</size>
         <input_file_ref idref="fl-f5"/>
      </object_component>
      <object_component id="oc-4ac">
         <name>.const:g_pui32GPIOBaseAddrs</name>
         <load_address>0x34e0</load_address>
         <run_address>0x34e0</run_address>
         <size>0x90</size>
         <input_file_ref idref="fl-f1"/>
      </object_component>
      <object_component id="oc-3a9">
         <name>.const:g_pui32Xtals</name>
         <load_address>0x3570</load_address>
         <run_address>0x3570</run_address>
         <size>0x6c</size>
         <input_file_ref idref="fl-f5"/>
      </object_component>
      <object_component id="oc-482">
         <name>.const:g_sXTALtoMEMTIM</name>
         <load_address>0x35dc</load_address>
         <run_address>0x35dc</run_address>
         <size>0x30</size>
         <input_file_ref idref="fl-f5"/>
      </object_component>
      <object_component id="oc-589">
         <name>.const:.string</name>
         <load_address>0x360c</load_address>
         <run_address>0x360c</run_address>
         <size>0x12</size>
         <input_file_ref idref="fl-1a"/>
      </object_component>
      <object_component id="oc-4a5">
         <name>.const:g_ui32UARTBase</name>
         <load_address>0x3620</load_address>
         <run_address>0x3620</run_address>
         <size>0xc</size>
         <input_file_ref idref="fl-1a"/>
      </object_component>
      <object_component id="oc-174">
         <name>.const:g_ui32UARTInt</name>
         <load_address>0x362c</load_address>
         <run_address>0x362c</run_address>
         <size>0xc</size>
         <input_file_ref idref="fl-1a"/>
      </object_component>
      <object_component id="oc-4a2">
         <name>.const:g_ui32UARTPeriph</name>
         <load_address>0x3638</load_address>
         <run_address>0x3638</run_address>
         <size>0xc</size>
         <input_file_ref idref="fl-1a"/>
      </object_component>
      <object_component id="oc-3af">
         <name>.const</name>
         <load_address>0x3644</load_address>
         <run_address>0x3644</run_address>
         <size>0x8</size>
         <input_file_ref idref="fl-f5"/>
      </object_component>
      <object_component id="oc-a6">
         <name>.const</name>
         <load_address>0x364c</load_address>
         <run_address>0x364c</run_address>
         <size>0x4</size>
         <input_file_ref idref="fl-10"/>
      </object_component>
      <object_component id="oc-4d6">
         <name>.const</name>
         <load_address>0x3650</load_address>
         <run_address>0x3650</run_address>
         <size>0x4</size>
         <input_file_ref idref="fl-1a"/>
      </object_component>
      <object_component id="oc-6e1">
         <name>__TI_handler_table</name>
         <load_address>0x3658</load_address>
         <run_address>0x3658</run_address>
         <size>0xc</size>
      </object_component>
      <object_component id="oc-6e3">
         <name>.cinit..data.load</name>
         <load_address>0x3664</load_address>
         <run_address>0x3664</run_address>
         <size>0xb</size>
      </object_component>
      <object_component id="oc-6e4">
         <name>.cinit..bss.load</name>
         <load_address>0x3670</load_address>
         <run_address>0x3670</run_address>
         <size>0x8</size>
      </object_component>
      <object_component id="oc-6e2">
         <name>__TI_cinit_table</name>
         <load_address>0x3678</load_address>
         <run_address>0x3678</run_address>
         <size>0x10</size>
      </object_component>
      <object_component id="oc-a3">
         <name>.data</name>
         <load_address>0x20014740</load_address>
         <run_address>0x20014740</run_address>
         <size>0x38</size>
         <input_file_ref idref="fl-e"/>
      </object_component>
      <object_component id="oc-52f">
         <name>.data</name>
         <load_address>0x20014798</load_address>
         <run_address>0x20014798</run_address>
         <size>0x8</size>
         <input_file_ref idref="fl-f"/>
      </object_component>
      <object_component id="oc-352">
         <name>.data</name>
         <load_address>0x200147a0</load_address>
         <run_address>0x200147a0</run_address>
         <size>0x4</size>
         <input_file_ref idref="fl-10"/>
      </object_component>
      <object_component id="oc-4c8">
         <name>.data</name>
         <load_address>0x20014790</load_address>
         <run_address>0x20014790</run_address>
         <size>0x8</size>
         <input_file_ref idref="fl-12"/>
      </object_component>
      <object_component id="oc-cf">
         <name>.data</name>
         <load_address>0x20014778</load_address>
         <run_address>0x20014778</run_address>
         <size>0x15</size>
         <input_file_ref idref="fl-1a"/>
      </object_component>
      <object_component id="oc-50e">
         <name>.bss</name>
         <uninitialized>true</uninitialized>
         <run_address>0x20010718</run_address>
         <size>0x4</size>
         <input_file_ref idref="fl-9"/>
      </object_component>
      <object_component id="oc-15a">
         <name>.bss:pxReadyTasksLists</name>
         <uninitialized>true</uninitialized>
         <run_address>0x20010400</run_address>
         <size>0x140</size>
         <input_file_ref idref="fl-e"/>
      </object_component>
      <object_component id="oc-5a1">
         <name>.bss:xDelayedTaskList1</name>
         <uninitialized>true</uninitialized>
         <run_address>0x2001069c</run_address>
         <size>0x14</size>
         <input_file_ref idref="fl-e"/>
      </object_component>
      <object_component id="oc-5a4">
         <name>.bss:xDelayedTaskList2</name>
         <uninitialized>true</uninitialized>
         <run_address>0x200106b0</run_address>
         <size>0x14</size>
         <input_file_ref idref="fl-e"/>
      </object_component>
      <object_component id="oc-170">
         <name>.bss</name>
         <uninitialized>true</uninitialized>
         <run_address>0x20010700</run_address>
         <size>0x8</size>
         <input_file_ref idref="fl-e"/>
      </object_component>
      <object_component id="oc-361">
         <name>.bss:xPendingReadyList</name>
         <uninitialized>true</uninitialized>
         <run_address>0x200106c4</run_address>
         <size>0x14</size>
         <input_file_ref idref="fl-e"/>
      </object_component>
      <object_component id="oc-5a7">
         <name>.bss:xTasksWaitingTermination</name>
         <uninitialized>true</uninitialized>
         <run_address>0x200106ec</run_address>
         <size>0x14</size>
         <input_file_ref idref="fl-e"/>
      </object_component>
      <object_component id="oc-372">
         <name>.bss:xSuspendedTaskList</name>
         <uninitialized>true</uninitialized>
         <run_address>0x200106d8</run_address>
         <size>0x14</size>
         <input_file_ref idref="fl-e"/>
      </object_component>
      <object_component id="oc-5ee">
         <name>.bss:xActiveTimerList1</name>
         <uninitialized>true</uninitialized>
         <run_address>0x20010674</run_address>
         <size>0x14</size>
         <input_file_ref idref="fl-f"/>
      </object_component>
      <object_component id="oc-5f1">
         <name>.bss:xActiveTimerList2</name>
         <uninitialized>true</uninitialized>
         <run_address>0x20010688</run_address>
         <size>0x14</size>
         <input_file_ref idref="fl-f"/>
      </object_component>
      <object_component id="oc-5f4">
         <name>.bss</name>
         <uninitialized>true</uninitialized>
         <run_address>0x20010708</run_address>
         <size>0x8</size>
         <input_file_ref idref="fl-f"/>
      </object_component>
      <object_component id="oc-4cb">
         <name>.bss:ucHeap</name>
         <uninitialized>true</uninitialized>
         <run_address>0x20000000</run_address>
         <size>0x10000</size>
         <input_file_ref idref="fl-12"/>
      </object_component>
      <object_component id="oc-10a">
         <name>.bss</name>
         <uninitialized>true</uninitialized>
         <run_address>0x200105c0</run_address>
         <size>0x64</size>
         <input_file_ref idref="fl-18"/>
      </object_component>
      <object_component id="oc-d2">
         <name>.bss</name>
         <uninitialized>true</uninitialized>
         <run_address>0x20010710</run_address>
         <size>0x8</size>
         <input_file_ref idref="fl-1a"/>
      </object_component>
      <object_component id="oc-177">
         <name>.bss:g_pcUARTTxBuffer</name>
         <uninitialized>true</uninitialized>
         <run_address>0x20010000</run_address>
         <size>0x400</size>
         <input_file_ref idref="fl-1a"/>
      </object_component>
      <object_component id="oc-d5">
         <name>.bss:g_pcUARTRxBuffer</name>
         <uninitialized>true</uninitialized>
         <run_address>0x20010540</run_address>
         <size>0x80</size>
         <input_file_ref idref="fl-1a"/>
      </object_component>
      <object_component id="oc-2ee">
         <name>.common:g_uartsem</name>
         <uninitialized>true</uninitialized>
         <run_address>0x20010730</run_address>
         <size>0x4</size>
      </object_component>
      <object_component id="oc-2ef">
         <name>.common:g_qsem</name>
         <uninitialized>true</uninitialized>
         <run_address>0x20010728</run_address>
         <size>0x4</size>
      </object_component>
      <object_component id="oc-2f0">
         <name>.common:g_ui32SysClock</name>
         <uninitialized>true</uninitialized>
         <run_address>0x20010734</run_address>
         <size>0x4</size>
      </object_component>
      <object_component id="oc-e9">
         <name>.common:g_temp</name>
         <uninitialized>true</uninitialized>
         <run_address>0x2001072c</run_address>
         <size>0x4</size>
      </object_component>
      <object_component id="oc-ed">
         <name>.common:g_led</name>
         <uninitialized>true</uninitialized>
         <run_address>0x20010720</run_address>
         <size>0x4</size>
      </object_component>
      <object_component id="oc-2ed">
         <name>.common:log_mq</name>
         <uninitialized>true</uninitialized>
         <run_address>0x2001073c</run_address>
         <size>0x4</size>
      </object_component>
      <object_component id="oc-42f">
         <name>.common:alert_id</name>
         <uninitialized>true</uninitialized>
         <run_address>0x2001071c</run_address>
         <size>0x4</size>
      </object_component>
      <object_component id="oc-159">
         <name>.common:g_vulRunTimeStatsCountValue</name>
         <uninitialized>true</uninitialized>
         <run_address>0x20010738</run_address>
         <size>0x4</size>
      </object_component>
      <object_component id="oc-665">
         <name>.common:xQueueRegistry</name>
         <uninitialized>true</uninitialized>
         <run_address>0x20010624</run_address>
         <size>0x50</size>
      </object_component>
      <object_component id="oc-107">
         <name>.common:g_pfnTimerHandler</name>
         <uninitialized>true</uninitialized>
         <run_address>0x20010724</run_address>
         <size>0x4</size>
      </object_component>
      <object_component id="oc-21">
         <name>.stack</name>
         <uninitialized>true</uninitialized>
         <run_address>0x20010740</run_address>
         <size>0x4</size>
         <input_file_ref idref="fl-e0"/>
      </object_component>
      <object_component id="oc-6e5">
         <name>.stack</name>
         <uninitialized>true</uninitialized>
         <run_address>0x20010740</run_address>
         <size>0x0</size>
      </object_component>
      <object_component id="oc-ea">
         <name>.debug_info</name>
         <load_address>0x0</load_address>
         <run_address>0x0</run_address>
         <size>0xaa0</size>
         <input_file_ref idref="fl-2"/>
      </object_component>
      <object_component id="oc-154">
         <name>.debug_info</name>
         <load_address>0xaa0</load_address>
         <run_address>0xaa0</run_address>
         <size>0x150</size>
         <input_file_ref idref="fl-2"/>
      </object_component>
      <object_component id="oc-431">
         <name>.debug_info</name>
         <load_address>0xbf0</load_address>
         <run_address>0xbf0</run_address>
         <size>0x16a</size>
         <input_file_ref idref="fl-2"/>
      </object_component>
      <object_component id="oc-2e2">
         <name>.debug_info</name>
         <load_address>0xd5a</load_address>
         <run_address>0xd5a</run_address>
         <size>0x15d</size>
         <input_file_ref idref="fl-2"/>
      </object_component>
      <object_component id="oc-4e">
         <name>.debug_info</name>
         <load_address>0xeb7</load_address>
         <run_address>0xeb7</run_address>
         <size>0x13b</size>
         <input_file_ref idref="fl-2"/>
      </object_component>
      <object_component id="oc-2be">
         <name>.debug_info</name>
         <load_address>0xff2</load_address>
         <run_address>0xff2</run_address>
         <size>0x16a</size>
         <input_file_ref idref="fl-2"/>
      </object_component>
      <object_component id="oc-2a0">
         <name>.debug_info</name>
         <load_address>0x115c</load_address>
         <run_address>0x115c</run_address>
         <size>0x159</size>
         <input_file_ref idref="fl-2"/>
      </object_component>
      <object_component id="oc-2a6">
         <name>.debug_info</name>
         <load_address>0x12b5</load_address>
         <run_address>0x12b5</run_address>
         <size>0x20a</size>
         <input_file_ref idref="fl-2"/>
      </object_component>
      <object_component id="oc-2dc">
         <name>.debug_info</name>
         <load_address>0x14bf</load_address>
         <run_address>0x14bf</run_address>
         <size>0x134</size>
         <input_file_ref idref="fl-2"/>
      </object_component>
      <object_component id="oc-137">
         <name>.debug_info</name>
         <load_address>0x15f3</load_address>
         <run_address>0x15f3</run_address>
         <size>0x295</size>
         <input_file_ref idref="fl-2"/>
      </object_component>
      <object_component id="oc-54">
         <name>.debug_info</name>
         <load_address>0x1888</load_address>
         <run_address>0x1888</run_address>
         <size>0x139</size>
         <input_file_ref idref="fl-2"/>
      </object_component>
      <object_component id="oc-1d4">
         <name>.debug_info</name>
         <load_address>0x19c1</load_address>
         <run_address>0x19c1</run_address>
         <size>0x2ef</size>
         <input_file_ref idref="fl-2"/>
      </object_component>
      <object_component id="oc-1db">
         <name>.debug_info</name>
         <load_address>0x1cb0</load_address>
         <run_address>0x1cb0</run_address>
         <size>0x4e6</size>
         <input_file_ref idref="fl-2"/>
      </object_component>
      <object_component id="oc-110">
         <name>.debug_info</name>
         <load_address>0x2196</load_address>
         <run_address>0x2196</run_address>
         <size>0x26b</size>
         <input_file_ref idref="fl-2"/>
      </object_component>
      <object_component id="oc-33c">
         <name>.debug_info</name>
         <load_address>0x2401</load_address>
         <run_address>0x2401</run_address>
         <size>0x110</size>
         <input_file_ref idref="fl-2"/>
      </object_component>
      <object_component id="oc-5d7">
         <name>.debug_info</name>
         <load_address>0x2511</load_address>
         <run_address>0x2511</run_address>
         <size>0x110</size>
         <input_file_ref idref="fl-2"/>
      </object_component>
      <object_component id="oc-d9">
         <name>.debug_info</name>
         <load_address>0x2621</load_address>
         <run_address>0x2621</run_address>
         <size>0x8b</size>
         <input_file_ref idref="fl-2"/>
      </object_component>
      <object_component id="oc-1cd">
         <name>.debug_info</name>
         <load_address>0x26ac</load_address>
         <run_address>0x26ac</run_address>
         <size>0x46</size>
         <input_file_ref idref="fl-2"/>
      </object_component>
      <object_component id="oc-1ea">
         <name>.debug_info</name>
         <load_address>0x26f2</load_address>
         <run_address>0x26f2</run_address>
         <size>0x2c</size>
         <input_file_ref idref="fl-2"/>
      </object_component>
      <object_component id="oc-1ef">
         <name>.debug_info</name>
         <load_address>0x271e</load_address>
         <run_address>0x271e</run_address>
         <size>0x2c</size>
         <input_file_ref idref="fl-2"/>
      </object_component>
      <object_component id="oc-185">
         <name>.debug_info</name>
         <load_address>0x274a</load_address>
         <run_address>0x274a</run_address>
         <size>0x297</size>
         <input_file_ref idref="fl-2"/>
      </object_component>
      <object_component id="oc-1e0">
         <name>.debug_info</name>
         <load_address>0x29e1</load_address>
         <run_address>0x29e1</run_address>
         <size>0xef</size>
         <input_file_ref idref="fl-2"/>
      </object_component>
      <object_component id="oc-de">
         <name>.debug_info</name>
         <load_address>0x2ad0</load_address>
         <run_address>0x2ad0</run_address>
         <size>0xbb</size>
         <input_file_ref idref="fl-2"/>
      </object_component>
      <object_component id="oc-14b">
         <name>.debug_info</name>
         <load_address>0x2b8b</load_address>
         <run_address>0x2b8b</run_address>
         <size>0x53</size>
         <input_file_ref idref="fl-2"/>
      </object_component>
      <object_component id="oc-407">
         <name>.debug_info</name>
         <load_address>0x2bde</load_address>
         <run_address>0x2bde</run_address>
         <size>0x2c</size>
         <input_file_ref idref="fl-2"/>
      </object_component>
      <object_component id="oc-1e5">
         <name>.debug_info</name>
         <load_address>0x2c0a</load_address>
         <run_address>0x2c0a</run_address>
         <size>0x14c</size>
         <input_file_ref idref="fl-2"/>
      </object_component>
      <object_component id="oc-61">
         <name>.debug_info</name>
         <load_address>0x2d56</load_address>
         <run_address>0x2d56</run_address>
         <size>0x3d8</size>
         <input_file_ref idref="fl-3"/>
      </object_component>
      <object_component id="oc-10">
         <name>.debug_info</name>
         <load_address>0x312e</load_address>
         <run_address>0x312e</run_address>
         <size>0xdf</size>
         <input_file_ref idref="fl-3"/>
      </object_component>
      <object_component id="oc-25">
         <name>.debug_info</name>
         <load_address>0x320d</load_address>
         <run_address>0x320d</run_address>
         <size>0x10f</size>
         <input_file_ref idref="fl-3"/>
      </object_component>
      <object_component id="oc-2b">
         <name>.debug_info</name>
         <load_address>0x331c</load_address>
         <run_address>0x331c</run_address>
         <size>0xfd</size>
         <input_file_ref idref="fl-3"/>
      </object_component>
      <object_component id="oc-37">
         <name>.debug_info</name>
         <load_address>0x3419</load_address>
         <run_address>0x3419</run_address>
         <size>0x118</size>
         <input_file_ref idref="fl-3"/>
      </object_component>
      <object_component id="oc-31">
         <name>.debug_info</name>
         <load_address>0x3531</load_address>
         <run_address>0x3531</run_address>
         <size>0x106</size>
         <input_file_ref idref="fl-3"/>
      </object_component>
      <object_component id="oc-68">
         <name>.debug_info</name>
         <load_address>0x3637</load_address>
         <run_address>0x3637</run_address>
         <size>0x84</size>
         <input_file_ref idref="fl-3"/>
      </object_component>
      <object_component id="oc-391">
         <name>.debug_info</name>
         <load_address>0x36bb</load_address>
         <run_address>0x36bb</run_address>
         <size>0x901</size>
         <input_file_ref idref="fl-5"/>
      </object_component>
      <object_component id="oc-479">
         <name>.debug_info</name>
         <load_address>0x3fbc</load_address>
         <run_address>0x3fbc</run_address>
         <size>0x176</size>
         <input_file_ref idref="fl-5"/>
      </object_component>
      <object_component id="oc-25a">
         <name>.debug_info</name>
         <load_address>0x4132</load_address>
         <run_address>0x4132</run_address>
         <size>0x12f</size>
         <input_file_ref idref="fl-5"/>
      </object_component>
      <object_component id="oc-219">
         <name>.debug_info</name>
         <load_address>0x4261</load_address>
         <run_address>0x4261</run_address>
         <size>0xc4</size>
         <input_file_ref idref="fl-5"/>
      </object_component>
      <object_component id="oc-565">
         <name>.debug_info</name>
         <load_address>0x4325</load_address>
         <run_address>0x4325</run_address>
         <size>0x2c</size>
         <input_file_ref idref="fl-5"/>
      </object_component>
      <object_component id="oc-264">
         <name>.debug_info</name>
         <load_address>0x4351</load_address>
         <run_address>0x4351</run_address>
         <size>0x8a</size>
         <input_file_ref idref="fl-5"/>
      </object_component>
      <object_component id="oc-26e">
         <name>.debug_info</name>
         <load_address>0x43db</load_address>
         <run_address>0x43db</run_address>
         <size>0x651</size>
         <input_file_ref idref="fl-5"/>
      </object_component>
      <object_component id="oc-278">
         <name>.debug_info</name>
         <load_address>0x4a2c</load_address>
         <run_address>0x4a2c</run_address>
         <size>0x174</size>
         <input_file_ref idref="fl-5"/>
      </object_component>
      <object_component id="oc-398">
         <name>.debug_info</name>
         <load_address>0x4ba0</load_address>
         <run_address>0x4ba0</run_address>
         <size>0x2c</size>
         <input_file_ref idref="fl-5"/>
      </object_component>
      <object_component id="oc-47d">
         <name>.debug_info</name>
         <load_address>0x4bcc</load_address>
         <run_address>0x4bcc</run_address>
         <size>0x1cd</size>
         <input_file_ref idref="fl-5"/>
      </object_component>
      <object_component id="oc-27d">
         <name>.debug_info</name>
         <load_address>0x4d99</load_address>
         <run_address>0x4d99</run_address>
         <size>0x2c</size>
         <input_file_ref idref="fl-5"/>
      </object_component>
      <object_component id="oc-20f">
         <name>.debug_info</name>
         <load_address>0x4dc5</load_address>
         <run_address>0x4dc5</run_address>
         <size>0x87</size>
         <input_file_ref idref="fl-5"/>
      </object_component>
      <object_component id="oc-223">
         <name>.debug_info</name>
         <load_address>0x4e4c</load_address>
         <run_address>0x4e4c</run_address>
         <size>0x2c</size>
         <input_file_ref idref="fl-5"/>
      </object_component>
      <object_component id="oc-393">
         <name>.debug_info</name>
         <load_address>0x4e78</load_address>
         <run_address>0x4e78</run_address>
         <size>0x2c</size>
         <input_file_ref idref="fl-5"/>
      </object_component>
      <object_component id="oc-282">
         <name>.debug_info</name>
         <load_address>0x4ea4</load_address>
         <run_address>0x4ea4</run_address>
         <size>0x53</size>
         <input_file_ref idref="fl-5"/>
      </object_component>
      <object_component id="oc-241">
         <name>.debug_info</name>
         <load_address>0x4ef7</load_address>
         <run_address>0x4ef7</run_address>
         <size>0xf5</size>
         <input_file_ref idref="fl-5"/>
      </object_component>
      <object_component id="oc-205">
         <name>.debug_info</name>
         <load_address>0x4fec</load_address>
         <run_address>0x4fec</run_address>
         <size>0x9f</size>
         <input_file_ref idref="fl-5"/>
      </object_component>
      <object_component id="oc-246">
         <name>.debug_info</name>
         <load_address>0x508b</load_address>
         <run_address>0x508b</run_address>
         <size>0x167</size>
         <input_file_ref idref="fl-5"/>
      </object_component>
      <object_component id="oc-20a">
         <name>.debug_info</name>
         <load_address>0x51f2</load_address>
         <run_address>0x51f2</run_address>
         <size>0x40f</size>
         <input_file_ref idref="fl-5"/>
      </object_component>
      <object_component id="oc-214">
         <name>.debug_info</name>
         <load_address>0x5601</load_address>
         <run_address>0x5601</run_address>
         <size>0x17e</size>
         <input_file_ref idref="fl-5"/>
      </object_component>
      <object_component id="oc-290">
         <name>.debug_info</name>
         <load_address>0x577f</load_address>
         <run_address>0x577f</run_address>
         <size>0x2c</size>
         <input_file_ref idref="fl-6"/>
      </object_component>
      <object_component id="oc-512">
         <name>.debug_info</name>
         <load_address>0x57ab</load_address>
         <run_address>0x57ab</run_address>
         <size>0x6e2</size>
         <input_file_ref idref="fl-9"/>
      </object_component>
      <object_component id="oc-50f">
         <name>.debug_info</name>
         <load_address>0x5e8d</load_address>
         <run_address>0x5e8d</run_address>
         <size>0xc8</size>
         <input_file_ref idref="fl-9"/>
      </object_component>
      <object_component id="oc-2d0">
         <name>.debug_info</name>
         <load_address>0x5f55</load_address>
         <run_address>0x5f55</run_address>
         <size>0x139</size>
         <input_file_ref idref="fl-9"/>
      </object_component>
      <object_component id="oc-509">
         <name>.debug_info</name>
         <load_address>0x608e</load_address>
         <run_address>0x608e</run_address>
         <size>0x1bc</size>
         <input_file_ref idref="fl-9"/>
      </object_component>
      <object_component id="oc-2ac">
         <name>.debug_info</name>
         <load_address>0x624a</load_address>
         <run_address>0x624a</run_address>
         <size>0x178</size>
         <input_file_ref idref="fl-9"/>
      </object_component>
      <object_component id="oc-422">
         <name>.debug_info</name>
         <load_address>0x63c2</load_address>
         <run_address>0x63c2</run_address>
         <size>0x185</size>
         <input_file_ref idref="fl-9"/>
      </object_component>
      <object_component id="oc-51a">
         <name>.debug_info</name>
         <load_address>0x6547</load_address>
         <run_address>0x6547</run_address>
         <size>0x5c0</size>
         <input_file_ref idref="fl-a"/>
      </object_component>
      <object_component id="oc-2d7">
         <name>.debug_info</name>
         <load_address>0x6b07</load_address>
         <run_address>0x6b07</run_address>
         <size>0x148</size>
         <input_file_ref idref="fl-a"/>
      </object_component>
      <object_component id="oc-514">
         <name>.debug_info</name>
         <load_address>0x6c4f</load_address>
         <run_address>0x6c4f</run_address>
         <size>0x29c</size>
         <input_file_ref idref="fl-a"/>
      </object_component>
      <object_component id="oc-429">
         <name>.debug_info</name>
         <load_address>0x6eeb</load_address>
         <run_address>0x6eeb</run_address>
         <size>0x12c</size>
         <input_file_ref idref="fl-a"/>
      </object_component>
      <object_component id="oc-501">
         <name>.debug_info</name>
         <load_address>0x7017</load_address>
         <run_address>0x7017</run_address>
         <size>0x77b</size>
         <input_file_ref idref="fl-b"/>
      </object_component>
      <object_component id="oc-2ca">
         <name>.debug_info</name>
         <load_address>0x7792</load_address>
         <run_address>0x7792</run_address>
         <size>0x13e</size>
         <input_file_ref idref="fl-b"/>
      </object_component>
      <object_component id="oc-637">
         <name>.debug_info</name>
         <load_address>0x78d0</load_address>
         <run_address>0x78d0</run_address>
         <size>0x17c</size>
         <input_file_ref idref="fl-b"/>
      </object_component>
      <object_component id="oc-5cb">
         <name>.debug_info</name>
         <load_address>0x7a4c</load_address>
         <run_address>0x7a4c</run_address>
         <size>0x22e</size>
[...]
         <object_component_ref idref="oc-2bd"/>
      </symbol>
      <symbol id="sm-11f">
         <name>led_timer0handler</name>
         <value>0x2d1d</value>
         <object_component_ref idref="oc-53"/>
      </symbol>
      <symbol id="sm-120">
         <name>alerttask_init</name>
         <value>0x23f5</value>
         <object_component_ref idref="oc-2db"/>
      </symbol>
      <symbol id="sm-121">
         <name>timer_config</name>
         <value>0x1305</value>
         <object_component_ref idref="oc-2e1"/>
      </symbol>
      <symbol id="sm-157">
         <name>ResetISR</name>
         <value>0x330b</value>
         <object_component_ref idref="oc-24"/>
      </symbol>
      <symbol id="sm-158">
         <name>g_pfnVectors</name>
         <value>0x0</value>
         <object_component_ref idref="oc-f"/>
      </symbol>
      <symbol id="sm-209">
         <name>ledtask_init</name>
         <value>0x2785</value>
         <object_component_ref idref="oc-2cf"/>
      </symbol>
      <symbol id="sm-20a">
         <name>led_send</name>
         <value>0x1771</value>
         <object_component_ref idref="oc-508"/>
      </symbol>
      <symbol id="sm-20b">
         <name>led_config</name>
         <value>0x2e69</value>
         <object_component_ref idref="oc-2ab"/>
      </symbol>
      <symbol id="sm-244">
         <name>loggertask_init</name>
         <value>0x24b5</value>
         <object_component_ref idref="oc-2d5"/>
      </symbol>
      <symbol id="sm-245">
         <name>log</name>
         <value>0x201</value>
         <object_component_ref idref="oc-513"/>
      </symbol>
      <symbol id="sm-292">
         <name>temp_read</name>
         <value>0x1cf5</value>
         <object_component_ref idref="oc-5ca"/>
      </symbol>
      <symbol id="sm-293">
         <name>temp_send</name>
         <value>0x1495</value>
         <object_component_ref idref="oc-4fa"/>
      </symbol>
      <symbol id="sm-294">
         <name>temptask_init</name>
         <value>0x232d</value>
         <object_component_ref idref="oc-2c9"/>
      </symbol>
      <symbol id="sm-295">
         <name>temp_write</name>
         <value>0x2dc9</value>
         <object_component_ref idref="oc-636"/>
      </symbol>
      <symbol id="sm-2c6">
         <name>uxListRemove</name>
         <value>0x3021</value>
         <object_component_ref idref="oc-164"/>
      </symbol>
      <symbol id="sm-2c7">
         <name>vListInsert</name>
         <value>0x2e35</value>
         <object_component_ref idref="oc-366"/>
      </symbol>
      <symbol id="sm-2c8">
         <name>vListInitialiseItem</name>
         <value>0x3317</value>
         <object_component_ref idref="oc-593"/>
      </symbol>
      <symbol id="sm-2c9">
         <name>vListInsertEnd</name>
         <value>0x31c1</value>
         <object_component_ref idref="oc-16a"/>
      </symbol>
      <symbol id="sm-2ca">
         <name>vListInitialise</name>
         <value>0x30eb</value>
         <object_component_ref idref="oc-40d"/>
      </symbol>
      <symbol id="sm-388">
         <name>xQueueRegistry</name>
         <value>0x20010624</value>
      </symbol>
      <symbol id="sm-389">
         <name>xQueueGenericSendFromISR</name>
         <value>0x25c9</value>
         <object_component_ref idref="oc-101"/>
      </symbol>
      <symbol id="sm-38a">
         <name>vQueueAddToRegistry</name>
         <value>0x2e99</value>
         <object_component_ref idref="oc-5e8"/>
      </symbol>
      <symbol id="sm-38b">
         <name>xQueueGenericCreate</name>
         <value>0x2b1d</value>
         <object_component_ref idref="oc-2b1"/>
      </symbol>
      <symbol id="sm-38c">
         <name>xQueueCreateMutex</name>
         <value>0x29b5</value>
         <object_component_ref idref="oc-2c3"/>
      </symbol>
      <symbol id="sm-38d">
         <name>xQueueGenericSend</name>
         <value>0xf4d</value>
         <object_component_ref idref="oc-e3"/>
      </symbol>
      <symbol id="sm-38e">
         <name>xQueueGenericReset</name>
         <value>0x1fc9</value>
         <object_component_ref idref="oc-3f9"/>
      </symbol>
      <symbol id="sm-38f">
         <name>xQueueGenericReceive</name>
         <value>0xc21</value>
         <object_component_ref idref="oc-4f4"/>
      </symbol>
      <symbol id="sm-390">
         <name>vQueueWaitForMessageRestricted</name>
         <value>0x2be1</value>
         <object_component_ref idref="oc-670"/>
      </symbol>
      <symbol id="sm-59a">
         <name>vTaskSuspendAll</name>
         <value>0x327d</value>
         <object_component_ref idref="oc-196"/>
      </symbol>
      <symbol id="sm-59b">
         <name>vTaskPriorityInherit</name>
         <value>0x1b4d</value>
         <object_component_ref idref="oc-5b1"/>
      </symbol>
      <symbol id="sm-59c">
         <name>vTaskPlaceOnEventList</name>
         <value>0x26d5</value>
         <object_component_ref idref="oc-1ba"/>
      </symbol>
      <symbol id="sm-59d">
         <name>ulTaskNotifyTake</name>
         <value>0x16c1</value>
         <object_component_ref idref="oc-51c"/>
      </symbol>
      <symbol id="sm-59e">
         <name>xTaskCheckForTimeOut</name>
         <value>0x2455</value>
         <object_component_ref idref="oc-1a2"/>
      </symbol>
      <symbol id="sm-59f">
         <name>xTaskPriorityDisinherit</name>
         <value>0x1c71</value>
         <object_component_ref idref="oc-376"/>
      </symbol>
      <symbol id="sm-5a0">
         <name>vTaskStartScheduler</name>
         <value>0x20ad</value>
         <object_component_ref idref="oc-2e7"/>
      </symbol>
      <symbol id="sm-5a1">
         <name>pvTaskIncrementMutexHeldCount</name>
         <value>0x31a9</value>
         <object_component_ref idref="oc-5bd"/>
      </symbol>
      <symbol id="sm-5a2">
         <name>xTaskGenericNotify</name>
         <value>0x160d</value>
         <object_component_ref idref="oc-5d0"/>
      </symbol>
      <symbol id="sm-5a3">
         <name>vTaskMissedYield</name>
         <value>0x32b5</value>
         <object_component_ref idref="oc-35a"/>
      </symbol>
      <symbol id="sm-5a4">
         <name>xTaskResumeAll</name>
         <value>0x1145</value>
         <object_component_ref idref="oc-1ae"/>
      </symbol>
      <symbol id="sm-5a5">
         <name>xTaskGetTickCount</name>
         <value>0x32c1</value>
         <object_component_ref idref="oc-5c4"/>
      </symbol>
      <symbol id="sm-5a6">
         <name>xTaskGenericCreate</name>
         <value>0x1049</value>
         <object_component_ref idref="oc-414"/>
      </symbol>
      <symbol id="sm-5a7">
         <name>pxCurrentTCB</name>
         <value>0x20014740</value>
         <object_component_ref idref="oc-a3"/>
      </symbol>
      <symbol id="sm-5a8">
         <name>vTaskPlaceOnEventListRestricted</name>
         <value>0x272d</value>
         <object_component_ref idref="oc-6a6"/>
      </symbol>
      <symbol id="sm-5a9">
         <name>vTaskSetTimeOutState</name>
         <value>0x3209</value>
         <object_component_ref idref="oc-190"/>
      </symbol>
      <symbol id="sm-5aa">
         <name>xTaskIncrementTick</name>
         <value>0xd49</value>
         <object_component_ref idref="oc-b0"/>
      </symbol>
      <symbol id="sm-5ab">
         <name>vTaskSwitchContext</name>
         <value>0x13cd</value>
         <object_component_ref idref="oc-a9"/>
      </symbol>
      <symbol id="sm-5ac">
         <name>xTaskGetSchedulerState</name>
         <value>0x30ad</value>
         <object_component_ref idref="oc-6af"/>
      </symbol>
      <symbol id="sm-5ad">
         <name>xTaskRemoveFromEventList</name>
         <value>0x1df1</value>
         <object_component_ref idref="oc-1c6"/>
      </symbol>
      <symbol id="sm-673">
         <name>xTimerCreateTimerTask</name>
         <value>0x2c61</value>
         <object_component_ref idref="oc-438"/>
      </symbol>
      <symbol id="sm-674">
         <name>xTimerGenericCommand</name>
         <value>0x27d9</value>
         <object_component_ref idref="oc-683"/>
      </symbol>
      <symbol id="sm-6d1">
         <name>ulMaxSyscallInterruptPriority</name>
         <value>0x364c</value>
         <object_component_ref idref="oc-a6"/>
      </symbol>
      <symbol id="sm-6d2">
         <name>vPortSetupTimerInterrupt</name>
         <value>0x31f1</value>
         <object_component_ref idref="oc-536"/>
      </symbol>
      <symbol id="sm-6d3">
         <name>xPortSysTickHandler</name>
         <value>0x2f79</value>
         <object_component_ref idref="oc-41"/>
      </symbol>
      <symbol id="sm-6d4">
         <name>pxPortInitialiseStack</name>
         <value>0x2ff9</value>
         <object_component_ref idref="oc-4e7"/>
      </symbol>
      <symbol id="sm-6d5">
         <name>vPortExitCritical</name>
         <value>0x31d9</value>
         <object_component_ref idref="oc-18a"/>
      </symbol>
      <symbol id="sm-6d6">
         <name>xPortStartScheduler</name>
         <value>0x2c21</value>
         <object_component_ref idref="oc-43e"/>
      </symbol>
      <symbol id="sm-6d7">
         <name>vPortEnterCritical</name>
         <value>0x3125</value>
         <object_component_ref idref="oc-19c"/>
      </symbol>
      <symbol id="sm-6e6">
         <name>vPortStartFirstTask</name>
         <value>0x12d9</value>
         <object_component_ref idref="oc-3c"/>
      </symbol>
      <symbol id="sm-6e7">
         <name>ulPortGetIPSR</name>
         <value>0x1241</value>
         <object_component_ref idref="oc-3c"/>
      </symbol>
      <symbol id="sm-6e8">
         <name>vPortEnableVFP</name>
         <value>0x12f5</value>
         <object_component_ref idref="oc-3c"/>
      </symbol>
      <symbol id="sm-6e9">
         <name>xPortPendSVHandler</name>
         <value>0x1259</value>
         <object_component_ref idref="oc-3c"/>
      </symbol>
      <symbol id="sm-6ea">
         <name>vPortSVCHandler</name>
         <value>0x12b9</value>
         <object_component_ref idref="oc-3c"/>
      </symbol>
      <symbol id="sm-715">
         <name>pvPortMalloc</name>
         <value>0x256d</value>
         <object_component_ref idref="oc-3f3"/>
      </symbol>
      <symbol id="sm-716">
         <name>vPortFree</name>
         <value>0x23f3</value>
         <object_component_ref idref="oc-58c"/>
      </symbol>
      <symbol id="sm-796">
         <name>g_pfnTimerHandler</name>
         <value>0x20010724</value>
      </symbol>
      <symbol id="sm-797">
         <name>lwIPEthernetIntHandler</name>
         <value>0x181d</value>
         <object_component_ref idref="oc-59"/>
      </symbol>
      <symbol id="sm-89b">
         <name>UARTFlushRx</name>
         <value>0x2ef5</value>
         <object_component_ref idref="oc-496"/>
      </symbol>
      <symbol id="sm-89c">
         <name>UARTFlushTx</name>
         <value>0x2ce1</value>
         <object_component_ref idref="oc-49c"/>
      </symbol>
      <symbol id="sm-89d">
         <name>UARTStdioConfig</name>
         <value>0x1555</value>
         <object_component_ref idref="oc-3ba"/>
      </symbol>
      <symbol id="sm-89e">
         <name>UARTStdioIntHandler</name>
         <value>0x819</value>
         <object_component_ref idref="oc-47"/>
      </symbol>
      <symbol id="sm-89f">
         <name>UARTwrite</name>
         <value>0x18c9</value>
         <object_component_ref idref="oc-c3"/>
      </symbol>
      <symbol id="sm-8a0">
         <name>UARTprintf</name>
         <value>0x315b</value>
         <object_component_ref idref="oc-2b7"/>
      </symbol>
      <symbol id="sm-8a1">
         <name>UARTvprintf</name>
         <value>0x411</value>
         <object_component_ref idref="oc-400"/>
      </symbol>
      <symbol id="sm-8b1">
         <name>__aeabi_uidivmod</name>
         <value>0x2b5f</value>
         <object_component_ref idref="oc-4d1"/>
      </symbol>
      <symbol id="sm-8b2">
         <name>__aeabi_uidiv</name>
         <value>0x2b5f</value>
         <object_component_ref idref="oc-4d1"/>
      </symbol>
      <symbol id="sm-8bd">
         <name>__aeabi_dmul</name>
         <value>0xe51</value>
         <object_component_ref idref="oc-659"/>
      </symbol>
      <symbol id="sm-8c9">
         <name>__aeabi_d2f</name>
         <value>0x211d</value>
         <object_component_ref idref="oc-65e"/>
      </symbol>
      <symbol id="sm-8e4">
         <name>memcpy</name>
         <value>0x1ab1</value>
         <object_component_ref idref="oc-6d"/>
      </symbol>
      <symbol id="sm-8e5">
         <name>__aeabi_memcpy</name>
         <value>0x1ab1</value>
         <object_component_ref idref="oc-6d"/>
      </symbol>
      <symbol id="sm-8e6">
         <name>__aeabi_memcpy8</name>
         <value>0x1ab1</value>
         <object_component_ref idref="oc-6d"/>
      </symbol>
      <symbol id="sm-8e7">
         <name>__aeabi_memcpy4</name>
         <value>0x1ab1</value>
         <object_component_ref idref="oc-6d"/>
      </symbol>
      <symbol id="sm-8f1">
         <name>__aeabi_ui2d</name>
         <value>0x308d</value>
         <object_component_ref idref="oc-654"/>
      </symbol>
      <symbol id="sm-900">
         <name>__aeabi_memset</name>
         <value>0x1d77</value>
         <object_component_ref idref="oc-12a"/>
      </symbol>
      <symbol id="sm-901">
         <name>memset</name>
         <value>0x1d7d</value>
         <object_component_ref idref="oc-12a"/>
      </symbol>
      <symbol id="sm-902">
         <name>__aeabi_memset8</name>
         <value>0x1d77</value>
         <object_component_ref idref="oc-12a"/>
      </symbol>
      <symbol id="sm-903">
         <name>__aeabi_memset4</name>
         <value>0x1d77</value>
         <object_component_ref idref="oc-12a"/>
      </symbol>
      <symbol id="sm-904">
         <name>__aeabi_memclr8</name>
         <value>0x1d75</value>
         <object_component_ref idref="oc-12a"/>
      </symbol>
      <symbol id="sm-905">
         <name>__aeabi_memclr4</name>
         <value>0x1d75</value>
         <object_component_ref idref="oc-12a"/>
      </symbol>
      <symbol id="sm-906">
         <name>__aeabi_memclr</name>
         <value>0x1d75</value>
         <object_component_ref idref="oc-12a"/>
      </symbol>
      <symbol id="sm-918">
         <name>__TI_zero_init</name>
         <value>0x32a9</value>
         <object_component_ref idref="oc-7f"/>
      </symbol>
      <symbol id="sm-92f">
         <name>__TI_decompress_none</name>
         <value>0x329b</value>
         <object_component_ref idref="oc-18"/>
      </symbol>
      <symbol id="sm-952">
         <name>__TI_decompress_lzss</name>
         <value>0x21f9</value>
         <object_component_ref idref="oc-12"/>
      </symbol>
      <symbol id="sm-965">
         <name>__stack</name>
         <value>0x20010740</value>
         <object_component_ref idref="oc-21"/>
      </symbol>
      <symbol id="sm-966">
         <name>_c_int00_noargs</name>
         <value>0x2d91</value>
         <object_component_ref idref="oc-8b"/>
      </symbol>
      <symbol id="sm-971">
         <name>C$$EXIT</name>
         <value>0x332d</value>
         <object_component_ref idref="oc-2f2"/>
      </symbol>
      <symbol id="sm-972">
         <name>abort</name>
         <value>0x332d</value>
         <object_component_ref idref="oc-2f2"/>
      </symbol>
      <symbol id="sm-984">
         <name>__aeabi_idiv0</name>
         <value>0x1edf</value>
         <object_component_ref idref="oc-583"/>
      </symbol>
      <symbol id="sm-985">
         <name>__aeabi_ldiv0</name>
         <value>0x1edf</value>
         <object_component_ref idref="oc-583"/>
      </symbol>
      <symbol id="sm-9ad">
         <name>__TI_auto_init_nobinit_nopinit</name>
         <value>0x2ad9</value>
         <object_component_ref idref="oc-2fe"/>
      </symbol>
      <symbol id="sm-9b7">
         <name>_system_pre_init</name>
         <value>0x3329</value>
         <object_component_ref idref="oc-130"/>
      </symbol>
      <symbol id="sm-9e6">
         <name>EMACTimestampIntStatus</name>
         <value>0x32ff</value>
         <object_component_ref idref="oc-fb"/>
      </symbol>
      <symbol id="sm-9e7">
         <name>EMACPowerManagementStatusGet</name>
         <value>0x32d7</value>
         <object_component_ref idref="oc-f5"/>
      </symbol>
      <symbol id="sm-9e8">
         <name>EMACIntStatus</name>
         <value>0x2ec9</value>
         <object_component_ref idref="oc-ef"/>
      </symbol>
      <symbol id="sm-a33">
         <name>GPIOPinConfigure</name>
         <value>0x2a01</value>
         <object_component_ref idref="oc-3d3"/>
      </symbol>
      <symbol id="sm-a34">
         <name>GPIOPinTypeI2CSCL</name>
         <value>0x3247</value>
         <object_component_ref idref="oc-3df"/>
      </symbol>
      <symbol id="sm-a35">
         <name>GPIOPinTypeI2C</name>
         <value>0x3235</value>
         <object_component_ref idref="oc-3d9"/>
      </symbol>
      <symbol id="sm-a36">
         <name>GPIOPinTypeGPIOOutput</name>
         <value>0x318f</value>
         <object_component_ref idref="oc-3ec"/>
      </symbol>
      <symbol id="sm-a37">
         <name>GPIODirModeSet</name>
         <value>0x2fa5</value>
         <object_component_ref idref="oc-4b1"/>
      </symbol>
      <symbol id="sm-a38">
         <name>GPIOPinWrite</name>
         <value>0x3305</value>
         <object_component_ref idref="oc-502"/>
      </symbol>
      <symbol id="sm-a39">
         <name>GPIOPadConfigSet</name>
         <value>0xaed</value>
         <object_component_ref idref="oc-4b7"/>
      </symbol>
      <symbol id="sm-a7a">
         <name>I2CMasterDataPut</name>
         <value>0x3325</value>
         <object_component_ref idref="oc-692"/>
      </symbol>
      <symbol id="sm-a7b">
         <name>I2CMasterInitExpClk</name>
         <value>0x28d1</value>
         <object_component_ref idref="oc-3e5"/>
      </symbol>
      <symbol id="sm-a7c">
         <name>I2CMasterSlaveAddrSet</name>
         <value>0x32e7</value>
         <object_component_ref idref="oc-63c"/>
      </symbol>
      <symbol id="sm-a7d">
         <name>I2CMasterDataGet</name>
         <value>0x3321</value>
         <object_component_ref idref="oc-64e"/>
      </symbol>
      <symbol id="sm-a7e">
         <name>I2CMasterControl</name>
         <value>0x331d</value>
         <object_component_ref idref="oc-642"/>
      </symbol>
      <symbol id="sm-a7f">
         <name>I2CMasterBusy</name>
         <value>0x32df</value>
         <object_component_ref idref="oc-648"/>
      </symbol>
      <symbol id="sm-a80">
         <name>I2CMasterEnable</name>
         <value>0x32cd</value>
         <object_component_ref idref="oc-4bf"/>
      </symbol>
      <symbol id="sm-b08">
         <name>SysCtlPeripheralEnable</name>
         <value>0x2e01</value>
         <object_component_ref idref="oc-3c1"/>
      </symbol>
      <symbol id="sm-b09">
         <name>SysCtlPeripheralReady</name>
         <value>0x2d59</value>
         <object_component_ref idref="oc-3cd"/>
      </symbol>
      <symbol id="sm-b0a">
         <name>SysCtlClockFreqSet</name>
         <value>0x619</value>
         <object_component_ref idref="oc-299"/>
      </symbol>
      <symbol id="sm-b0b">
         <name>SysCtlPeripheralReset</name>
         <value>0x2881</value>
         <object_component_ref idref="oc-3c7"/>
      </symbol>
      <symbol id="sm-b18">
         <name>UARTClockSourceSet</name>
         <value>0x3311</value>
         <object_component_ref idref="oc-3b4"/>
      </symbol>
      <symbol id="sm-b1b">
         <name>__TI_static_base__</name>
         <value>0x0</value>
      </symbol>
      <symbol id="sm-b1e">
         <name>__mpu_init</name>
         <value>0x0</value>
      </symbol>
      <symbol id="sm-b1f">
         <name>_system_post_cinit</name>
         <value>0x0</value>
      </symbol>
   </symbol_table>
   <title>Link successful</title>
</link_info>
