<?xml version="1.0" encoding="ISO-8859-1" ?>
<link_info>
   <banner>TI ARM Linker PC v18.1.4.LTS</banner>
   <copyright>Copyright (c) 1996-2018 Texas Instruments Incorporated</copyright>
   <link_time>0x5cad820a</link_time>
   <link_errors>0x0</link_errors>
   <output_file>senshub_iot.out</output_file>
   <entry_point>
      <name>_c_int00_noargs</name>
      <address>0x2d9d</address>
   </entry_point>
   <input_file_list>
      <input_file id="fl-2">
         <path>.\</path>
         <kind>object</kind>
         <file>main.obj</file>
         <name>main.obj</name>
      </input_file>
      <input_file id="fl-3">
         <path>.\</path>
         <kind>object</kind>
         <file>startup_ccs.obj</file>
         <name>startup_ccs.obj</name>
      </input_file>
      <input_file id="fl-4">
         <path>.\drivers\</path>
         <kind>object</kind>
         <file>buttons.obj</file>
         <name>buttons.obj</name>
      </input_file>
      <input_file id="fl-5">
         <path>.\drivers\</path>
         <kind>object</kind>
         <file>eth_client_lwip.obj</file>
         <name>eth_client_lwip.obj</name>
      </input_file>
      <input_file id="fl-6">
         <path>.\drivers\</path>
         <kind>object</kind>
         <file>exosite_hal_lwip.obj</file>
         <name>exosite_hal_lwip.obj</name>
      </input_file>
      <input_file id="fl-7">
         <path>.\drivers\</path>
         <kind>object</kind>
         <file>http.obj</file>
         <name>http.obj</name>
      </input_file>
      <input_file id="fl-8">
         <path>.\drivers\</path>
         <kind>object</kind>
         <file>pinout.obj</file>
         <name>pinout.obj</name>
      </input_file>
      <input_file id="fl-9">
         <path>.\src\</path>
         <kind>object</kind>
         <file>led.obj</file>
         <name>led.obj</name>
      </input_file>
      <input_file id="fl-a">
         <path>.\src\</path>
         <kind>object</kind>
         <file>logger.obj</file>
         <name>logger.obj</name>
      </input_file>
      <input_file id="fl-b">
         <path>.\src\</path>
         <kind>object</kind>
         <file>temp.obj</file>
         <name>temp.obj</name>
      </input_file>
      <input_file id="fl-c">
         <path>.\third_party\FreeRTOS\Source\</path>
         <kind>object</kind>
         <file>list.obj</file>
         <name>list.obj</name>
      </input_file>
      <input_file id="fl-d">
         <path>.\third_party\FreeRTOS\Source\</path>
         <kind>object</kind>
         <file>queue.obj</file>
         <name>queue.obj</name>
      </input_file>
      <input_file id="fl-e">
         <path>.\third_party\FreeRTOS\Source\</path>
         <kind>object</kind>
         <file>tasks.obj</file>
         <name>tasks.obj</name>
      </input_file>
      <input_file id="fl-f">
         <path>.\third_party\FreeRTOS\Source\</path>
         <kind>object</kind>
         <file>timers.obj</file>
         <name>timers.obj</name>
      </input_file>
      <input_file id="fl-10">
         <path>.\third_party\FreeRTOS\Source\portable\CCS\ARM_CM4F\</path>
         <kind>object</kind>
         <file>port.obj</file>
         <name>port.obj</name>
      </input_file>
      <input_file id="fl-11">
         <path>.\third_party\FreeRTOS\Source\portable\CCS\ARM_CM4F\</path>
         <kind>object</kind>
         <file>portasm.obj</file>
         <name>portasm.obj</name>
      </input_file>
      <input_file id="fl-12">
         <path>.\third_party\FreeRTOS\Source\portable\MemMang\</path>
         <kind>object</kind>
         <file>heap_1.obj</file>
         <name>heap_1.obj</name>
      </input_file>
      <input_file id="fl-13">
         <path>.\third_party\exosite\</path>
         <kind>object</kind>
         <file>exosite.obj</file>
         <name>exosite.obj</name>
      </input_file>
      <input_file id="fl-14">
         <path>.\third_party\exosite\</path>
         <kind>object</kind>
         <file>exosite_meta.obj</file>
         <name>exosite_meta.obj</name>
      </input_file>
      <input_file id="fl-15">
         <path>.\utils\</path>
         <kind>object</kind>
         <file>cmdline.obj</file>
         <name>cmdline.obj</name>
      </input_file>
      <input_file id="fl-16">
         <path>.\utils\</path>
         <kind>object</kind>
         <file>flash_pb.obj</file>
         <name>flash_pb.obj</name>
      </input_file>
      <input_file id="fl-17">
         <path>.\utils\</path>
         <kind>object</kind>
         <file>locator.obj</file>
         <name>locator.obj</name>
      </input_file>
      <input_file id="fl-18">
         <path>.\utils\</path>
         <kind>object</kind>
         <file>lwiplib.obj</file>
         <name>lwiplib.obj</name>
      </input_file>
      <input_file id="fl-19">
         <path>.\utils\</path>
         <kind>object</kind>
         <file>ringbuf.obj</file>
         <name>ringbuf.obj</name>
      </input_file>
      <input_file id="fl-1a">
         <path>.\utils\</path>
         <kind>object</kind>
         <file>uartstdio.obj</file>
         <name>uartstdio.obj</name>
      </input_file>
      <input_file id="fl-1b">
         <path>.\utils\</path>
         <kind>object</kind>
         <file>ustdlib.obj</file>
         <name>ustdlib.obj</name>
      </input_file>
      <input_file id="fl-21">
         <kind>object</kind>
         <file>&lt;internal&gt;</file>
         <name>&lt;internal&gt;</name>
      </input_file>
      <input_file id="fl-d7">
         <path>C:\ti\ccsv8\tools\compiler\ti-cgt-arm_18.1.4.LTS\lib\</path>
         <kind>archive</kind>
         <file>rtsv7M4_T_le_v4SPD16_eabi.lib</file>
         <name>u_divt2.asm.obj</name>
      </input_file>
      <input_file id="fl-d8">
         <path>C:\ti\ccsv8\tools\compiler\ti-cgt-arm_18.1.4.LTS\lib\</path>
         <kind>archive</kind>
         <file>rtsv7M4_T_le_v4SPD16_eabi.lib</file>
         <name>fd_mul_t2.asm.obj</name>
      </input_file>
      <input_file id="fl-d9">
         <path>C:\ti\ccsv8\tools\compiler\ti-cgt-arm_18.1.4.LTS\lib\</path>
         <kind>archive</kind>
         <file>rtsv7M4_T_le_v4SPD16_eabi.lib</file>
         <name>fd_tos_t2.asm.obj</name>
      </input_file>
      <input_file id="fl-da">
         <path>C:\ti\ccsv8\tools\compiler\ti-cgt-arm_18.1.4.LTS\lib\</path>
         <kind>archive</kind>
         <file>rtsv7M4_T_le_v4SPD16_eabi.lib</file>
         <name>memcpy_t2.asm.obj</name>
      </input_file>
      <input_file id="fl-db">
         <path>C:\ti\ccsv8\tools\compiler\ti-cgt-arm_18.1.4.LTS\lib\</path>
         <kind>archive</kind>
         <file>rtsv7M4_T_le_v4SPD16_eabi.lib</file>
         <name>u_tofd_t2.asm.obj</name>
      </input_file>
      <input_file id="fl-dc">
         <path>C:\ti\ccsv8\tools\compiler\ti-cgt-arm_18.1.4.LTS\lib\</path>
         <kind>archive</kind>
         <file>rtsv7M4_T_le_v4SPD16_eabi.lib</file>
         <name>memset_t2.asm.obj</name>
      </input_file>
      <input_file id="fl-dd">
         <path>C:\ti\ccsv8\tools\compiler\ti-cgt-arm_18.1.4.LTS\lib\</path>
         <kind>archive</kind>
         <file>rtsv7M4_T_le_v4SPD16_eabi.lib</file>
         <name>copy_zero_init.c.obj</name>
      </input_file>
      <input_file id="fl-de">
         <path>C:\ti\ccsv8\tools\compiler\ti-cgt-arm_18.1.4.LTS\lib\</path>
         <kind>archive</kind>
         <file>rtsv7M4_T_le_v4SPD16_eabi.lib</file>
         <name>copy_decompress_none.c.obj</name>
      </input_file>
      <input_file id="fl-df">
         <path>C:\ti\ccsv8\tools\compiler\ti-cgt-arm_18.1.4.LTS\lib\</path>
         <kind>archive</kind>
         <file>rtsv7M4_T_le_v4SPD16_eabi.lib</file>
         <name>copy_decompress_lzss.c.obj</name>
      </input_file>
      <input_file id="fl-e0">
         <path>C:\ti\ccsv8\tools\compiler\ti-cgt-arm_18.1.4.LTS\lib\</path>
         <kind>archive</kind>
         <file>rtsv7M4_T_le_v4SPD16_eabi.lib</file>
         <name>boot_cortex_m.c.obj</name>
      </input_file>
      <input_file id="fl-e1">
         <path>C:\ti\ccsv8\tools\compiler\ti-cgt-arm_18.1.4.LTS\lib\</path>
         <kind>archive</kind>
         <file>rtsv7M4_T_le_v4SPD16_eabi.lib</file>
         <name>exit.c.obj</name>
      </input_file>
      <input_file id="fl-e2">
         <path>C:\ti\ccsv8\tools\compiler\ti-cgt-arm_18.1.4.LTS\lib\</path>
         <kind>archive</kind>
         <file>rtsv7M4_T_le_v4SPD16_eabi.lib</file>
         <name>_lock.c.obj</name>
      </input_file>
      <input_file id="fl-e3">
         <path>C:\ti\ccsv8\tools\compiler\ti-cgt-arm_18.1.4.LTS\lib\</path>
         <kind>archive</kind>
         <file>rtsv7M4_T_le_v4SPD16_eabi.lib</file>
         <name>args_main.c.obj</name>
      </input_file>
      <input_file id="fl-e4">
         <path>C:\ti\ccsv8\tools\compiler\ti-cgt-arm_18.1.4.LTS\lib\</path>
         <kind>archive</kind>
         <file>rtsv7M4_T_le_v4SPD16_eabi.lib</file>
         <name>memcmp.c.obj</name>
      </input_file>
      <input_file id="fl-e5">
         <path>C:\ti\ccsv8\tools\compiler\ti-cgt-arm_18.1.4.LTS\lib\</path>
         <kind>archive</kind>
         <file>rtsv7M4_T_le_v4SPD16_eabi.lib</file>
         <name>strcat.c.obj</name>
      </input_file>
      <input_file id="fl-e6">
         <path>C:\ti\ccsv8\tools\compiler\ti-cgt-arm_18.1.4.LTS\lib\</path>
         <kind>archive</kind>
         <file>rtsv7M4_T_le_v4SPD16_eabi.lib</file>
         <name>strcmp.c.obj</name>
      </input_file>
      <input_file id="fl-e7">
         <path>C:\ti\ccsv8\tools\compiler\ti-cgt-arm_18.1.4.LTS\lib\</path>
         <kind>archive</kind>
         <file>rtsv7M4_T_le_v4SPD16_eabi.lib</file>
         <name>strlen.c.obj</name>
      </input_file>
      <input_file id="fl-e8">
         <path>C:\ti\ccsv8\tools\compiler\ti-cgt-arm_18.1.4.LTS\lib\</path>
         <kind>archive</kind>
         <file>rtsv7M4_T_le_v4SPD16_eabi.lib</file>
         <name>strncmp.c.obj</name>
      </input_file>
      <input_file id="fl-e9">
         <path>C:\ti\ccsv8\tools\compiler\ti-cgt-arm_18.1.4.LTS\lib\</path>
         <kind>archive</kind>
         <file>rtsv7M4_T_le_v4SPD16_eabi.lib</file>
         <name>strncpy.c.obj</name>
      </input_file>
      <input_file id="fl-ea">
         <path>C:\ti\ccsv8\tools\compiler\ti-cgt-arm_18.1.4.LTS\lib\</path>
         <kind>archive</kind>
         <file>rtsv7M4_T_le_v4SPD16_eabi.lib</file>
         <name>div0.asm.obj</name>
      </input_file>
      <input_file id="fl-eb">
         <path>C:\ti\ccsv8\tools\compiler\ti-cgt-arm_18.1.4.LTS\lib\</path>
         <kind>archive</kind>
         <file>rtsv7M4_T_le_v4SPD16_eabi.lib</file>
         <name>autoinit.c.obj</name>
      </input_file>
      <input_file id="fl-ec">
         <path>C:\ti\ccsv8\tools\compiler\ti-cgt-arm_18.1.4.LTS\lib\</path>
         <kind>archive</kind>
         <file>rtsv7M4_T_le_v4SPD16_eabi.lib</file>
         <name>pre_init.c.obj</name>
      </input_file>
      <input_file id="fl-ed">
         <path>C:\ti\ccsv8\tools\compiler\ti-cgt-arm_18.1.4.LTS\lib\</path>
         <kind>archive</kind>
         <file>rtsv7M4_T_le_v4SPD16_eabi.lib</file>
         <name>cpy_tbl.c.obj</name>
      </input_file>
      <input_file id="fl-ee">
         <path>C:\ti\TivaWare_C_Series-2.1.4.178\driverlib\ccs\Debug\</path>
         <kind>archive</kind>
         <file>driverlib.lib</file>
         <name>eeprom.obj</name>
      </input_file>
      <input_file id="fl-ef">
         <path>C:\ti\TivaWare_C_Series-2.1.4.178\driverlib\ccs\Debug\</path>
         <kind>archive</kind>
         <file>driverlib.lib</file>
         <name>emac.obj</name>
      </input_file>
      <input_file id="fl-f0">
         <path>C:\ti\TivaWare_C_Series-2.1.4.178\driverlib\ccs\Debug\</path>
         <kind>archive</kind>
         <file>driverlib.lib</file>
         <name>flash.obj</name>
      </input_file>
      <input_file id="fl-f1">
         <path>C:\ti\TivaWare_C_Series-2.1.4.178\driverlib\ccs\Debug\</path>
         <kind>archive</kind>
         <file>driverlib.lib</file>
         <name>gpio.obj</name>
      </input_file>
      <input_file id="fl-f2">
         <path>C:\ti\TivaWare_C_Series-2.1.4.178\driverlib\ccs\Debug\</path>
         <kind>archive</kind>
         <file>driverlib.lib</file>
         <name>i2c.obj</name>
      </input_file>
      <input_file id="fl-f3">
         <path>C:\ti\TivaWare_C_Series-2.1.4.178\driverlib\ccs\Debug\</path>
         <kind>archive</kind>
         <file>driverlib.lib</file>
         <name>interrupt.obj</name>
      </input_file>
      <input_file id="fl-f4">
         <path>C:\ti\TivaWare_C_Series-2.1.4.178\driverlib\ccs\Debug\</path>
         <kind>archive</kind>
         <file>driverlib.lib</file>
         <name>sw_crc.obj</name>
      </input_file>
      <input_file id="fl-f5">
         <path>C:\ti\TivaWare_C_Series-2.1.4.178\driverlib\ccs\Debug\</path>
         <kind>archive</kind>
         <file>driverlib.lib</file>
         <name>sysctl.obj</name>
      </input_file>
      <input_file id="fl-f6">
         <path>C:\ti\TivaWare_C_Series-2.1.4.178\driverlib\ccs\Debug\</path>
         <kind>archive</kind>
         <file>driverlib.lib</file>
         <name>uart.obj</name>
      </input_file>
      <input_file id="fl-f7">
         <path>C:\ti\TivaWare_C_Series-2.1.4.178\driverlib\ccs\Debug\</path>
         <kind>archive</kind>
         <file>driverlib.lib</file>
         <name>cpu.obj</name>
      </input_file>
      <input_file id="fl-f8">
         <path>C:\ti\TivaWare_C_Series-2.1.4.178\sensorlib\ccs\Debug\</path>
         <kind>archive</kind>
         <file>sensorlib.lib</file>
         <name>i2cm_drv.obj</name>
      </input_file>
   </input_file_list>
   <object_component_list>
      <object_component id="oc-f">
         <name>.intvecs</name>
         <load_address>0x0</load_address>
         <run_address>0x0</run_address>
         <size>0x200</size>
         <input_file_ref idref="fl-3"/>
      </object_component>
      <object_component id="oc-532">
         <name>.text:log</name>
         <load_address>0x200</load_address>
         <run_address>0x200</run_address>
         <size>0x270</size>
         <input_file_ref idref="fl-a"/>
      </object_component>
      <object_component id="oc-1f2">
         <name>.text:UARTvprintf</name>
         <load_address>0x470</load_address>
         <run_address>0x470</run_address>
         <size>0x208</size>
         <input_file_ref idref="fl-1a"/>
      </object_component>
      <object_component id="oc-2cb">
         <name>.text:SysCtlClockFreqSet</name>
         <load_address>0x678</load_address>
         <run_address>0x678</run_address>
         <size>0x200</size>
         <input_file_ref idref="fl-f5"/>
      </object_component>
      <object_component id="oc-47">
         <name>.text:UARTStdioIntHandler</name>
         <load_address>0x878</load_address>
         <run_address>0x878</run_address>
         <size>0x170</size>
         <input_file_ref idref="fl-1a"/>
      </object_component>
      <object_component id="oc-143">
         <name>.text:main</name>
         <load_address>0x9e8</load_address>
         <run_address>0x9e8</run_address>
         <size>0x164</size>
         <input_file_ref idref="fl-2"/>
      </object_component>
      <object_component id="oc-4e5">
         <name>.text:GPIOPadConfigSet</name>
         <load_address>0xb4c</load_address>
         <run_address>0xb4c</run_address>
         <size>0x132</size>
         <input_file_ref idref="fl-f1"/>
      </object_component>
      <object_component id="oc-30">
         <name>.text:FaultISR</name>
         <load_address>0xc7e</load_address>
         <run_address>0xc7e</run_address>
         <size>0x2</size>
         <input_file_ref idref="fl-3"/>
      </object_component>
      <object_component id="oc-e3">
         <name>.text:xQueueGenericReceive</name>
         <load_address>0xc80</load_address>
         <run_address>0xc80</run_address>
         <size>0x128</size>
         <input_file_ref idref="fl-d"/>
      </object_component>
      <object_component id="oc-b0">
         <name>.text:xTaskIncrementTick</name>
         <load_address>0xda8</load_address>
         <run_address>0xda8</run_address>
         <size>0x108</size>
         <input_file_ref idref="fl-e"/>
      </object_component>
      <object_component id="oc-652">
         <name>.text</name>
         <load_address>0xeb0</load_address>
         <run_address>0xeb0</run_address>
         <size>0xfc</size>
         <input_file_ref idref="fl-d8"/>
      </object_component>
      <object_component id="oc-ef">
         <name>.text:xQueueGenericSend</name>
         <load_address>0xfac</load_address>
         <run_address>0xfac</run_address>
         <size>0xfc</size>
         <input_file_ref idref="fl-d"/>
      </object_component>
      <object_component id="oc-43a">
         <name>.text:xTaskGenericCreate</name>
         <load_address>0x10a8</load_address>
         <run_address>0x10a8</run_address>
         <size>0xfc</size>
         <input_file_ref idref="fl-e"/>
      </object_component>
      <object_component id="oc-1bb">
         <name>.text:xTaskResumeAll</name>
         <load_address>0x11a4</load_address>
         <run_address>0x11a4</run_address>
         <size>0xec</size>
         <input_file_ref idref="fl-e"/>
      </object_component>
      <object_component id="oc-3c">
         <name>.text</name>
         <load_address>0x1290</load_address>
         <run_address>0x1290</run_address>
         <size>0xd2</size>
         <input_file_ref idref="fl-11"/>
      </object_component>
      <object_component id="oc-36">
         <name>.text:IntDefaultHandler</name>
         <load_address>0x1362</load_address>
         <run_address>0x1362</run_address>
         <size>0x2</size>
         <input_file_ref idref="fl-3"/>
      </object_component>
      <object_component id="oc-30d">
         <name>.text:timer_config</name>
         <load_address>0x1364</load_address>
         <run_address>0x1364</run_address>
         <size>0xc8</size>
         <input_file_ref idref="fl-2"/>
      </object_component>
      <object_component id="oc-a9">
         <name>.text:vTaskSwitchContext</name>
         <load_address>0x142c</load_address>
         <run_address>0x142c</run_address>
         <size>0xc8</size>
         <input_file_ref idref="fl-e"/>
      </object_component>
      <object_component id="oc-3f2">
         <name>.text:UARTStdioConfig</name>
         <load_address>0x14f4</load_address>
         <run_address>0x14f4</run_address>
         <size>0xb8</size>
         <input_file_ref idref="fl-1a"/>
      </object_component>
      <object_component id="oc-5ce">
         <name>.text:xTaskGenericNotify</name>
         <load_address>0x15ac</load_address>
         <run_address>0x15ac</run_address>
         <size>0xb4</size>
         <input_file_ref idref="fl-e"/>
      </object_component>
      <object_component id="oc-53b">
         <name>.text:ulTaskNotifyTake</name>
         <load_address>0x1660</load_address>
         <run_address>0x1660</run_address>
         <size>0xb0</size>
         <input_file_ref idref="fl-e"/>
      </object_component>
      <object_component id="oc-59">
         <name>.text:lwIPEthernetIntHandler</name>
         <load_address>0x1710</load_address>
         <run_address>0x1710</run_address>
         <size>0xac</size>
         <input_file_ref idref="fl-18"/>
      </object_component>
      <object_component id="oc-c3">
         <name>.text:UARTwrite</name>
         <load_address>0x17bc</load_address>
         <run_address>0x17bc</run_address>
         <size>0xa8</size>
         <input_file_ref idref="fl-1a"/>
      </object_component>
      <object_component id="oc-602">
         <name>.text:prvProcessReceivedCommands</name>
         <load_address>0x1864</load_address>
         <run_address>0x1864</run_address>
         <size>0xa4</size>
         <input_file_ref idref="fl-f"/>
      </object_component>
      <object_component id="oc-b7">
         <name>.text:UARTPrimeTransmit</name>
         <load_address>0x1908</load_address>
         <run_address>0x1908</run_address>
         <size>0x9c</size>
         <input_file_ref idref="fl-1a"/>
      </object_component>
      <object_component id="oc-6d">
         <name>.text</name>
         <load_address>0x19a4</load_address>
         <run_address>0x19a4</run_address>
         <size>0x9c</size>
         <input_file_ref idref="fl-da"/>
      </object_component>
      <object_component id="oc-519">
         <name>.text:temp_send</name>
         <load_address>0x1a40</load_address>
         <run_address>0x1a40</run_address>
         <size>0x9c</size>
         <input_file_ref idref="fl-b"/>
      </object_component>
      <object_component id="oc-1c7">
         <name>.text:vTaskPriorityInherit</name>
         <load_address>0x1adc</load_address>
         <run_address>0x1adc</run_address>
         <size>0x98</size>
         <input_file_ref idref="fl-e"/>
      </object_component>
      <object_component id="oc-2e9">
         <name>.text:sem_create</name>
         <load_address>0x1b74</load_address>
         <run_address>0x1b74</run_address>
         <size>0x8c</size>
         <input_file_ref idref="fl-2"/>
      </object_component>
      <object_component id="oc-527">
         <name>.text:led_send</name>
         <load_address>0x1c00</load_address>
         <run_address>0x1c00</run_address>
         <size>0x88</size>
         <input_file_ref idref="fl-9"/>
      </object_component>
      <object_component id="oc-4d">
         <name>.text:temp_timer0handler</name>
         <load_address>0x1c88</load_address>
         <run_address>0x1c88</run_address>
         <size>0x88</size>
         <input_file_ref idref="fl-2"/>
      </object_component>
      <object_component id="oc-3b6">
         <name>.text:xTaskPriorityDisinherit</name>
         <load_address>0x1d10</load_address>
         <run_address>0x1d10</run_address>
         <size>0x84</size>
         <input_file_ref idref="fl-e"/>
      </object_component>
      <object_component id="oc-5c8">
         <name>.text:temp_read</name>
         <load_address>0x1d94</load_address>
         <run_address>0x1d94</run_address>
         <size>0x80</size>
         <input_file_ref idref="fl-b"/>
      </object_component>
      <object_component id="oc-137">
         <name>.text</name>
         <load_address>0x1e14</load_address>
         <run_address>0x1e14</run_address>
         <size>0x7a</size>
         <input_file_ref idref="fl-dc"/>
      </object_component>
      <object_component id="oc-2a">
         <name>.text:NmiSR</name>
         <load_address>0x1e8e</load_address>
         <run_address>0x1e8e</run_address>
         <size>0x2</size>
         <input_file_ref idref="fl-3"/>
      </object_component>
      <object_component id="oc-1df">
         <name>.text:xTaskRemoveFromEventList</name>
         <load_address>0x1e90</load_address>
         <run_address>0x1e90</run_address>
         <size>0x78</size>
         <input_file_ref idref="fl-e"/>
      </object_component>
      <object_component id="oc-204">
         <name>.text:prvCopyDataToQueue</name>
         <load_address>0x1f08</load_address>
         <run_address>0x1f08</run_address>
         <size>0x76</size>
         <input_file_ref idref="fl-d"/>
      </object_component>
      <object_component id="oc-49c">
         <name>.text</name>
         <load_address>0x1f7e</load_address>
         <run_address>0x1f7e</run_address>
         <size>0x2</size>
         <input_file_ref idref="fl-ea"/>
      </object_component>
      <object_component id="oc-699">
         <name>.text:prvSwitchTimerLists</name>
         <load_address>0x1f80</load_address>
         <run_address>0x1f80</run_address>
         <size>0x74</size>
         <input_file_ref idref="fl-f"/>
      </object_component>
      <object_component id="oc-42b">
         <name>.text:xQueueGenericReset</name>
         <load_address>0x1ff4</load_address>
         <run_address>0x1ff4</run_address>
         <size>0x74</size>
         <input_file_ref idref="fl-d"/>
      </object_component>
      <object_component id="oc-2d7">
         <name>.text:configure_i2c</name>
         <load_address>0x2068</load_address>
         <run_address>0x2068</run_address>
         <size>0x70</size>
         <input_file_ref idref="fl-2"/>
      </object_component>
      <object_component id="oc-5fc">
         <name>.text:prvProcessTimerOrBlockTask</name>
         <load_address>0x20d8</load_address>
         <run_address>0x20d8</run_address>
         <size>0x70</size>
         <input_file_ref idref="fl-f"/>
      </object_component>
      <object_component id="oc-313">
         <name>.text:vTaskStartScheduler</name>
         <load_address>0x2148</load_address>
         <run_address>0x2148</run_address>
         <size>0x70</size>
         <input_file_ref idref="fl-e"/>
      </object_component>
      <object_component id="oc-657">
         <name>.text</name>
         <load_address>0x21b8</load_address>
         <run_address>0x21b8</run_address>
         <size>0x6e</size>
         <input_file_ref idref="fl-d9"/>
      </object_component>
      <object_component id="oc-160">
         <name>.text:vApplicationStackOverflowHook</name>
         <load_address>0x2226</load_address>
         <run_address>0x2226</run_address>
         <size>0x2</size>
         <input_file_ref idref="fl-2"/>
      </object_component>
      <object_component id="oc-2d1">
         <name>.text:ConfigureUART</name>
         <load_address>0x2228</load_address>
         <run_address>0x2228</run_address>
         <size>0x6c</size>
         <input_file_ref idref="fl-2"/>
      </object_component>
      <object_component id="oc-12">
         <name>.text:decompress:lzss:__TI_decompress_lzss</name>
         <load_address>0x2294</load_address>
         <run_address>0x2294</run_address>
         <size>0x68</size>
         <input_file_ref idref="fl-df"/>
      </object_component>
      <object_component id="oc-512">
         <name>.text:prvInitialiseTaskLists</name>
         <load_address>0x22fc</load_address>
         <run_address>0x22fc</run_address>
         <size>0x68</size>
         <input_file_ref idref="fl-e"/>
      </object_component>
      <object_component id="oc-55c">
         <name>.text:prvCheckTasksWaitingTermination</name>
         <load_address>0x2364</load_address>
         <run_address>0x2364</run_address>
         <size>0x64</size>
         <input_file_ref idref="fl-e"/>
      </object_component>
      <object_component id="oc-2f5">
         <name>.text:temptask_init</name>
         <load_address>0x23c8</load_address>
         <run_address>0x23c8</run_address>
         <size>0x64</size>
         <input_file_ref idref="fl-b"/>
      </object_component>
      <object_component id="oc-1b5">
         <name>.text:prvUnlockQueue</name>
         <load_address>0x242c</load_address>
         <run_address>0x242c</run_address>
         <size>0x62</size>
         <input_file_ref idref="fl-d"/>
      </object_component>
      <object_component id="oc-5a3">
         <name>.text:vPortFree</name>
         <load_address>0x248e</load_address>
         <run_address>0x248e</run_address>
         <size>0x2</size>
         <input_file_ref idref="fl-12"/>
      </object_component>
      <object_component id="oc-307">
         <name>.text:alerttask_init</name>
         <load_address>0x2490</load_address>
         <run_address>0x2490</run_address>
         <size>0x60</size>
         <input_file_ref idref="fl-2"/>
      </object_component>
      <object_component id="oc-1af">
         <name>.text:xTaskCheckForTimeOut</name>
         <load_address>0x24f0</load_address>
         <run_address>0x24f0</run_address>
         <size>0x60</size>
         <input_file_ref idref="fl-e"/>
      </object_component>
      <object_component id="oc-301">
         <name>.text:loggertask_init</name>
         <load_address>0x2550</load_address>
         <run_address>0x2550</run_address>
         <size>0x5c</size>
         <input_file_ref idref="fl-a"/>
      </object_component>
      <object_component id="oc-542">
         <name>.text:prvCheckForValidListAndQueue</name>
         <load_address>0x25ac</load_address>
         <run_address>0x25ac</run_address>
         <size>0x5c</size>
         <input_file_ref idref="fl-f"/>
      </object_component>
      <object_component id="oc-425">
         <name>.text:pvPortMalloc</name>
         <load_address>0x2608</load_address>
         <run_address>0x2608</run_address>
         <size>0x5c</size>
         <input_file_ref idref="fl-12"/>
      </object_component>
      <object_component id="oc-10e">
         <name>.text:xQueueGenericSendFromISR</name>
         <load_address>0x2664</load_address>
         <run_address>0x2664</run_address>
         <size>0x5c</size>
         <input_file_ref idref="fl-d"/>
      </object_component>
      <object_component id="oc-456">
         <name>.text:alert</name>
         <load_address>0x26c0</load_address>
         <run_address>0x26c0</run_address>
         <size>0x58</size>
         <input_file_ref idref="fl-2"/>
      </object_component>
      <object_component id="oc-447">
         <name>.text:led</name>
         <load_address>0x2718</load_address>
         <run_address>0x2718</run_address>
         <size>0x58</size>
         <input_file_ref idref="fl-9"/>
      </object_component>
      <object_component id="oc-1cd">
         <name>.text:vTaskPlaceOnEventList</name>
         <load_address>0x2770</load_address>
         <run_address>0x2770</run_address>
         <size>0x58</size>
         <input_file_ref idref="fl-e"/>
      </object_component>
      <object_component id="oc-69f">
         <name>.text:vTaskPlaceOnEventListRestricted</name>
         <load_address>0x27c8</load_address>
         <run_address>0x27c8</run_address>
         <size>0x58</size>
         <input_file_ref idref="fl-e"/>
      </object_component>
      <object_component id="oc-2fb">
         <name>.text:ledtask_init</name>
         <load_address>0x2820</load_address>
         <run_address>0x2820</run_address>
         <size>0x54</size>
         <input_file_ref idref="fl-9"/>
      </object_component>
      <object_component id="oc-67c">
         <name>.text:xTimerGenericCommand</name>
         <load_address>0x2874</load_address>
         <run_address>0x2874</run_address>
         <size>0x54</size>
         <input_file_ref idref="fl-f"/>
      </object_component>
      <object_component id="oc-506">
         <name>.text:prvInitialiseTCBVariables</name>
         <load_address>0x28c8</load_address>
         <run_address>0x28c8</run_address>
         <size>0x52</size>
         <input_file_ref idref="fl-e"/>
      </object_component>
      <object_component id="oc-417">
         <name>.text:I2CMasterInitExpClk</name>
         <load_address>0x291c</load_address>
         <run_address>0x291c</run_address>
         <size>0x4c</size>
         <input_file_ref idref="fl-f2"/>
      </object_component>
      <object_component id="oc-398">
         <name>.text:prvAddCurrentTaskToDelayedList</name>
         <load_address>0x2968</load_address>
         <run_address>0x2968</run_address>
         <size>0x4c</size>
         <input_file_ref idref="fl-e"/>
      </object_component>
      <object_component id="oc-676">
         <name>.text:prvInsertTimerInActiveList</name>
         <load_address>0x29b4</load_address>
         <run_address>0x29b4</run_address>
         <size>0x4c</size>
         <input_file_ref idref="fl-f"/>
      </object_component>
      <object_component id="oc-2ef">
         <name>.text:xQueueCreateMutex</name>
         <load_address>0x2a00</load_address>
         <run_address>0x2a00</run_address>
         <size>0x4c</size>
         <input_file_ref idref="fl-d"/>
      </object_component>
      <object_component id="oc-405">
         <name>.text:GPIOPinConfigure</name>
         <load_address>0x2a4c</load_address>
         <run_address>0x2a4c</run_address>
         <size>0x48</size>
         <input_file_ref idref="fl-f1"/>
      </object_component>
      <object_component id="oc-3db">
         <name>.text:_SysCtlFrequencyGet</name>
         <load_address>0x2a94</load_address>
         <run_address>0x2a94</run_address>
         <size>0x48</size>
         <input_file_ref idref="fl-f5"/>
      </object_component>
      <object_component id="oc-66f">
         <name>.text:prvProcessExpiredTimer</name>
         <load_address>0x2adc</load_address>
         <run_address>0x2adc</run_address>
         <size>0x48</size>
         <input_file_ref idref="fl-f"/>
      </object_component>
      <object_component id="oc-329">
         <name>.text:__TI_auto_init_nobinit_nopinit:__TI_auto_init_nobinit_nopinit</name>
         <load_address>0x2b24</load_address>
         <run_address>0x2b24</run_address>
         <size>0x44</size>
         <input_file_ref idref="fl-eb"/>
      </object_component>
      <object_component id="oc-2e3">
         <name>.text:xQueueGenericCreate</name>
         <load_address>0x2b68</load_address>
         <run_address>0x2b68</run_address>
         <size>0x42</size>
         <input_file_ref idref="fl-d"/>
      </object_component>
      <object_component id="oc-3ac">
         <name>.text</name>
         <load_address>0x2baa</load_address>
         <run_address>0x2baa</run_address>
         <size>0x40</size>
         <input_file_ref idref="fl-d7"/>
      </object_component>
      <object_component id="oc-669">
         <name>.text:vQueueWaitForMessageRestricted</name>
         <load_address>0x2bea</load_address>
         <run_address>0x2bea</run_address>
         <size>0x40</size>
         <input_file_ref idref="fl-d"/>
      </object_component>
      <object_component id="oc-464">
         <name>.text:xPortStartScheduler</name>
         <load_address>0x2c2c</load_address>
         <run_address>0x2c2c</run_address>
         <size>0x40</size>
         <input_file_ref idref="fl-10"/>
      </object_component>
      <object_component id="oc-45e">
         <name>.text:xTimerCreateTimerTask</name>
         <load_address>0x2c6c</load_address>
         <run_address>0x2c6c</run_address>
         <size>0x40</size>
         <input_file_ref idref="fl-f"/>
      </object_component>
      <object_component id="oc-500">
         <name>.text:prvAllocateTCBAndStack</name>
         <load_address>0x2cac</load_address>
         <run_address>0x2cac</run_address>
         <size>0x3e</size>
         <input_file_ref idref="fl-e"/>
      </object_component>
      <object_component id="oc-4cb">
         <name>.text:UARTFlushTx</name>
         <load_address>0x2cec</load_address>
         <run_address>0x2cec</run_address>
         <size>0x3c</size>
         <input_file_ref idref="fl-1a"/>
      </object_component>
      <object_component id="oc-53">
         <name>.text:led_timer0handler</name>
         <load_address>0x2d28</load_address>
         <run_address>0x2d28</run_address>
         <size>0x3c</size>
         <input_file_ref idref="fl-2"/>
      </object_component>
      <object_component id="oc-3ff">
         <name>.text:SysCtlPeripheralReady</name>
         <load_address>0x2d64</load_address>
         <run_address>0x2d64</run_address>
         <size>0x38</size>
         <input_file_ref idref="fl-f5"/>
      </object_component>
      <object_component id="oc-8b">
         <name>.text:_c_int00_noargs:_c_int00_noargs</name>
         <load_address>0x2d9c</load_address>
         <run_address>0x2d9c</run_address>
         <size>0x38</size>
         <input_file_ref idref="fl-e0"/>
      </object_component>
      <object_component id="oc-62f">
         <name>.text:temp_write</name>
         <load_address>0x2dd4</load_address>
         <run_address>0x2dd4</run_address>
         <size>0x38</size>
         <input_file_ref idref="fl-b"/>
      </object_component>
      <object_component id="oc-3f9">
         <name>.text:SysCtlPeripheralEnable</name>
         <load_address>0x2e0c</load_address>
         <run_address>0x2e0c</run_address>
         <size>0x34</size>
         <input_file_ref idref="fl-f5"/>
      </object_component>
      <object_component id="oc-392">
         <name>.text:vListInsert</name>
         <load_address>0x2e40</load_address>
         <run_address>0x2e40</run_address>
         <size>0x32</size>
         <input_file_ref idref="fl-c"/>
      </object_component>
      <object_component id="oc-2dd">
         <name>.text:led_config</name>
         <load_address>0x2e74</load_address>
         <run_address>0x2e74</run_address>
         <size>0x30</size>
         <input_file_ref idref="fl-9"/>
      </object_component>
      <object_component id="oc-5e6">
         <name>.text:vQueueAddToRegistry</name>
         <load_address>0x2ea4</load_address>
         <run_address>0x2ea4</run_address>
         <size>0x30</size>
         <input_file_ref idref="fl-d"/>
      </object_component>
      <object_component id="oc-fc">
         <name>.text:EMACIntStatus</name>
         <load_address>0x2ed4</load_address>
         <run_address>0x2ed4</run_address>
         <size>0x2c</size>
         <input_file_ref idref="fl-ef"/>
      </object_component>
      <object_component id="oc-4c5">
         <name>.text:UARTFlushRx</name>
         <load_address>0x2f00</load_address>
         <run_address>0x2f00</run_address>
         <size>0x2c</size>
         <input_file_ref idref="fl-1a"/>
      </object_component>
      <object_component id="oc-16b">
         <name>.text:prvResetNextTaskUnblockTime</name>
         <load_address>0x2f2c</load_address>
         <run_address>0x2f2c</run_address>
         <size>0x2c</size>
         <input_file_ref idref="fl-e"/>
      </object_component>
      <object_component id="oc-667">
         <name>.text:prvSampleTimeNow</name>
         <load_address>0x2f58</load_address>
         <run_address>0x2f58</run_address>
         <size>0x2c</size>
         <input_file_ref idref="fl-f"/>
      </object_component>
      <object_component id="oc-41">
         <name>.text:xPortSysTickHandler</name>
         <load_address>0x2f84</load_address>
         <run_address>0x2f84</run_address>
         <size>0x2c</size>
         <input_file_ref idref="fl-10"/>
      </object_component>
      <object_component id="oc-4df">
         <name>.text:GPIODirModeSet</name>
         <load_address>0x2fb0</load_address>
         <run_address>0x2fb0</run_address>
         <size>0x2a</size>
         <input_file_ref idref="fl-f1"/>
      </object_component>
      <object_component id="oc-1d3">
         <name>.text:prvCopyDataFromQueue</name>
         <load_address>0x2fda</load_address>
         <run_address>0x2fda</run_address>
         <size>0x28</size>
         <input_file_ref idref="fl-d"/>
      </object_component>
      <object_component id="oc-50c">
         <name>.text:pxPortInitialiseStack</name>
         <load_address>0x3004</load_address>
         <run_address>0x3004</run_address>
         <size>0x28</size>
         <input_file_ref idref="fl-10"/>
      </object_component>
      <object_component id="oc-171">
         <name>.text:uxListRemove</name>
         <load_address>0x302c</load_address>
         <run_address>0x302c</run_address>
         <size>0x26</size>
         <input_file_ref idref="fl-c"/>
      </object_component>
      <object_component id="oc-5f6">
         <name>.text:prvGetNextExpireTime</name>
         <load_address>0x3054</load_address>
         <run_address>0x3054</run_address>
         <size>0x24</size>
         <input_file_ref idref="fl-f"/>
      </object_component>
      <object_component id="oc-3d5">
         <name>.text:_SysCtlMemTimingGet</name>
         <load_address>0x3078</load_address>
         <run_address>0x3078</run_address>
         <size>0x20</size>
         <input_file_ref idref="fl-f5"/>
      </object_component>
      <object_component id="oc-64d">
         <name>.text</name>
         <load_address>0x3098</load_address>
         <run_address>0x3098</run_address>
         <size>0x20</size>
         <input_file_ref idref="fl-db"/>
      </object_component>
      <object_component id="oc-6a8">
         <name>.text:xTaskGetSchedulerState</name>
         <load_address>0x30b8</load_address>
         <run_address>0x30b8</run_address>
         <size>0x20</size>
         <input_file_ref idref="fl-e"/>
      </object_component>
      <object_component id="oc-1fe">
         <name>.text:prvIsQueueFull</name>
         <load_address>0x30d8</load_address>
         <run_address>0x30d8</run_address>
         <size>0x1e</size>
         <input_file_ref idref="fl-d"/>
      </object_component>
      <object_component id="oc-433">
         <name>.text:vListInitialise</name>
         <load_address>0x30f6</load_address>
         <run_address>0x30f6</run_address>
         <size>0x1e</size>
         <input_file_ref idref="fl-c"/>
      </object_component>
      <object_component id="oc-440">
         <name>.text:temp</name>
         <load_address>0x3114</load_address>
         <run_address>0x3114</run_address>
         <size>0x1c</size>
         <input_file_ref idref="fl-b"/>
      </object_component>
      <object_component id="oc-1a9">
         <name>.text:vPortEnterCritical</name>
         <load_address>0x3130</load_address>
         <run_address>0x3130</run_address>
         <size>0x1c</size>
         <input_file_ref idref="fl-10"/>
      </object_component>
      <object_component id="oc-c9">
         <name>.text:IsBufferFull</name>
         <load_address>0x314c</load_address>
         <run_address>0x314c</run_address>
         <size>0x1a</size>
         <input_file_ref idref="fl-1a"/>
      </object_component>
      <object_component id="oc-e9">
         <name>.text:UARTprintf</name>
         <load_address>0x3166</load_address>
         <run_address>0x3166</run_address>
         <size>0x1a</size>
         <input_file_ref idref="fl-1a"/>
      </object_component>
      <object_component id="oc-1c1">
         <name>.text:prvIsQueueEmpty</name>
         <load_address>0x3180</load_address>
         <run_address>0x3180</run_address>
         <size>0x1a</size>
         <input_file_ref idref="fl-d"/>
      </object_component>
      <object_component id="oc-41e">
         <name>.text:GPIOPinTypeGPIOOutput</name>
         <load_address>0x319a</load_address>
         <run_address>0x319a</run_address>
         <size>0x18</size>
         <input_file_ref idref="fl-f1"/>
      </object_component>
      <object_component id="oc-1d9">
         <name>.text:pvTaskIncrementMutexHeldCount</name>
         <load_address>0x31b4</load_address>
         <run_address>0x31b4</run_address>
         <size>0x18</size>
         <input_file_ref idref="fl-e"/>
      </object_component>
      <object_component id="oc-177">
         <name>.text:vListInsertEnd</name>
         <load_address>0x31cc</load_address>
         <run_address>0x31cc</run_address>
         <size>0x18</size>
         <input_file_ref idref="fl-c"/>
      </object_component>
      <object_component id="oc-197">
         <name>.text:vPortExitCritical</name>
         <load_address>0x31e4</load_address>
         <run_address>0x31e4</run_address>
         <size>0x18</size>
         <input_file_ref idref="fl-10"/>
      </object_component>
      <object_component id="oc-555">
         <name>.text:vPortSetupTimerInterrupt</name>
         <load_address>0x31fc</load_address>
         <run_address>0x31fc</run_address>
         <size>0x18</size>
         <input_file_ref idref="fl-10"/>
      </object_component>
      <object_component id="oc-19d">
         <name>.text:vTaskSetTimeOutState</name>
         <load_address>0x3214</load_address>
         <run_address>0x3214</run_address>
         <size>0x18</size>
         <input_file_ref idref="fl-e"/>
      </object_component>
      <object_component id="oc-548">
         <name>.text:prvTimerTask</name>
         <load_address>0x322c</load_address>
         <run_address>0x322c</run_address>
         <size>0x14</size>
         <input_file_ref idref="fl-f"/>
      </object_component>
      <object_component id="oc-40b">
         <name>.text:GPIOPinTypeI2C</name>
         <load_address>0x3240</load_address>
         <run_address>0x3240</run_address>
         <size>0x12</size>
         <input_file_ref idref="fl-f1"/>
      </object_component>
      <object_component id="oc-411">
         <name>.text:GPIOPinTypeI2CSCL</name>
         <load_address>0x3252</load_address>
         <run_address>0x3252</run_address>
         <size>0x12</size>
         <input_file_ref idref="fl-f1"/>
      </object_component>
      <object_component id="oc-60f">
         <name>.text:prvDeleteTCB</name>
         <load_address>0x3264</load_address>
         <run_address>0x3264</run_address>
         <size>0x12</size>
         <input_file_ref idref="fl-e"/>
      </object_component>
      <object_component id="oc-5b1">
         <name>.text:prvTaskExitError</name>
         <load_address>0x3276</load_address>
         <run_address>0x3276</run_address>
         <size>0x10</size>
         <input_file_ref idref="fl-10"/>
      </object_component>
      <object_component id="oc-1a3">
         <name>.text:vTaskSuspendAll</name>
         <load_address>0x3288</load_address>
         <run_address>0x3288</run_address>
         <size>0x10</size>
         <input_file_ref idref="fl-e"/>
      </object_component>
      <object_component id="oc-bd">
         <name>.text:IsBufferEmpty</name>
         <load_address>0x3298</load_address>
         <run_address>0x3298</run_address>
         <size>0xe</size>
         <input_file_ref idref="fl-1a"/>
      </object_component>
      <object_component id="oc-18">
         <name>.text:decompress:none:__TI_decompress_none</name>
         <load_address>0x32a6</load_address>
         <run_address>0x32a6</run_address>
         <size>0xe</size>
         <input_file_ref idref="fl-de"/>
      </object_component>
      <object_component id="oc-7f">
         <name>.text:decompress:ZI:__TI_zero_init</name>
         <load_address>0x32b4</load_address>
         <run_address>0x32b4</run_address>
         <size>0xc</size>
         <input_file_ref idref="fl-dd"/>
      </object_component>
      <object_component id="oc-385">
         <name>.text:vTaskMissedYield</name>
         <load_address>0x32c0</load_address>
         <run_address>0x32c0</run_address>
         <size>0xc</size>
         <input_file_ref idref="fl-e"/>
      </object_component>
      <object_component id="oc-5c2">
         <name>.text:xTaskGetTickCount</name>
         <load_address>0x32cc</load_address>
         <run_address>0x32cc</run_address>
         <size>0xc</size>
         <input_file_ref idref="fl-e"/>
      </object_component>
      <object_component id="oc-4ed">
         <name>.text:I2CMasterEnable</name>
         <load_address>0x32d8</load_address>
         <run_address>0x32d8</run_address>
         <size>0xa</size>
         <input_file_ref idref="fl-f2"/>
      </object_component>
      <object_component id="oc-102">
         <name>.text:EMACPowerManagementStatusGet</name>
         <load_address>0x32e2</load_address>
         <run_address>0x32e2</run_address>
         <size>0x8</size>
         <input_file_ref idref="fl-ef"/>
      </object_component>
      <object_component id="oc-641">
         <name>.text:I2CMasterBusy</name>
         <load_address>0x32ea</load_address>
         <run_address>0x32ea</run_address>
         <size>0x8</size>
         <input_file_ref idref="fl-f2"/>
      </object_component>
      <object_component id="oc-635">
         <name>.text:I2CMasterSlaveAddrSet</name>
         <load_address>0x32f2</load_address>
         <run_address>0x32f2</run_address>
         <size>0x8</size>
         <input_file_ref idref="fl-f2"/>
      </object_component>
      <object_component id="oc-44e">
         <name>.text:logger</name>
         <load_address>0x32fa</load_address>
         <run_address>0x32fa</run_address>
         <size>0x8</size>
         <input_file_ref idref="fl-a"/>
      </object_component>
      <object_component id="oc-46a">
         <name>.text:prvIdleTask</name>
         <load_address>0x3302</load_address>
         <run_address>0x3302</run_address>
         <size>0x8</size>
         <input_file_ref idref="fl-e"/>
      </object_component>
      <object_component id="oc-108">
         <name>.text:EMACTimestampIntStatus</name>
         <load_address>0x330a</load_address>
         <run_address>0x330a</run_address>
         <size>0x6</size>
         <input_file_ref idref="fl-ef"/>
      </object_component>
      <object_component id="oc-521">
         <name>.text:GPIOPinWrite</name>
         <load_address>0x3310</load_address>
         <run_address>0x3310</run_address>
         <size>0x6</size>
         <input_file_ref idref="fl-f1"/>
      </object_component>
      <object_component id="oc-24">
         <name>.text:ResetISR</name>
         <load_address>0x3316</load_address>
         <run_address>0x3316</run_address>
         <size>0x6</size>
         <input_file_ref idref="fl-3"/>
      </object_component>
      <object_component id="oc-3ec">
         <name>.text:UARTClockSourceSet</name>
         <load_address>0x331c</load_address>
         <run_address>0x331c</run_address>
         <size>0x6</size>
         <input_file_ref idref="fl-f6"/>
      </object_component>
      <object_component id="oc-5aa">
         <name>.text:vListInitialiseItem</name>
         <load_address>0x3322</load_address>
         <run_address>0x3322</run_address>
         <size>0x6</size>
         <input_file_ref idref="fl-c"/>
      </object_component>
      <object_component id="oc-63b">
         <name>.text:I2CMasterControl</name>
         <load_address>0x3328</load_address>
         <run_address>0x3328</run_address>
         <size>0x4</size>
         <input_file_ref idref="fl-f2"/>
      </object_component>
      <object_component id="oc-647">
         <name>.text:I2CMasterDataGet</name>
         <load_address>0x332c</load_address>
         <run_address>0x332c</run_address>
         <size>0x4</size>
         <input_file_ref idref="fl-f2"/>
      </object_component>
      <object_component id="oc-68b">
         <name>.text:I2CMasterDataPut</name>
         <load_address>0x3330</load_address>
         <run_address>0x3330</run_address>
         <size>0x4</size>
         <input_file_ref idref="fl-f2"/>
      </object_component>
      <object_component id="oc-13d">
         <name>.text:_system_pre_init</name>
         <load_address>0x3334</load_address>
         <run_address>0x3334</run_address>
         <size>0x4</size>
         <input_file_ref idref="fl-ec"/>
      </object_component>
      <object_component id="oc-31d">
         <name>.text:abort:abort</name>
         <load_address>0x3338</load_address>
         <run_address>0x3338</run_address>
         <size>0x4</size>
         <input_file_ref idref="fl-e1"/>
      </object_component>
      <object_component id="oc-3e4">
         <name>.const:g_pppui32XTALtoVCO</name>
         <load_address>0x333c</load_address>
         <run_address>0x333c</run_address>
         <size>0x1b0</size>
         <input_file_ref idref="fl-f5"/>
      </object_component>
      <object_component id="oc-4da">
         <name>.const:g_pui32GPIOBaseAddrs</name>
         <load_address>0x34ec</load_address>
         <run_address>0x34ec</run_address>
         <size>0x90</size>
         <input_file_ref idref="fl-f1"/>
      </object_component>
      <object_component id="oc-3e1">
         <name>.const:g_pui32Xtals</name>
         <load_address>0x357c</load_address>
         <run_address>0x357c</run_address>
         <size>0x6c</size>
         <input_file_ref idref="fl-f5"/>
      </object_component>
      <object_component id="oc-4b1">
         <name>.const:g_sXTALtoMEMTIM</name>
         <load_address>0x35e8</load_address>
         <run_address>0x35e8</run_address>
         <size>0x30</size>
         <input_file_ref idref="fl-f5"/>
      </object_component>
      <object_component id="oc-4a2">
         <name>.const:.string</name>
         <load_address>0x3618</load_address>
         <run_address>0x3618</run_address>
         <size>0x12</size>
         <input_file_ref idref="fl-1a"/>
      </object_component>
      <object_component id="oc-4d4">
         <name>.const:g_ui32UARTBase</name>
         <load_address>0x362c</load_address>
         <run_address>0x362c</run_address>
         <size>0xc</size>
         <input_file_ref idref="fl-1a"/>
      </object_component>
      <object_component id="oc-181">
         <name>.const:g_ui32UARTInt</name>
         <load_address>0x3638</load_address>
         <run_address>0x3638</run_address>
         <size>0xc</size>
         <input_file_ref idref="fl-1a"/>
      </object_component>
      <object_component id="oc-4d1">
         <name>.const:g_ui32UARTPeriph</name>
         <load_address>0x3644</load_address>
         <run_address>0x3644</run_address>
         <size>0xc</size>
         <input_file_ref idref="fl-1a"/>
      </object_component>
      <object_component id="oc-3e7">
         <name>.const</name>
         <load_address>0x3650</load_address>
         <run_address>0x3650</run_address>
         <size>0x8</size>
         <input_file_ref idref="fl-f5"/>
      </object_component>
      <object_component id="oc-a6">
         <name>.const</name>
         <load_address>0x3658</load_address>
         <run_address>0x3658</run_address>
         <size>0x4</size>
         <input_file_ref idref="fl-10"/>
      </object_component>
      <object_component id="oc-3b1">
         <name>.const</name>
         <load_address>0x365c</load_address>
         <run_address>0x365c</run_address>
         <size>0x4</size>
         <input_file_ref idref="fl-1a"/>
      </object_component>
      <object_component id="oc-6da">
         <name>__TI_handler_table</name>
         <load_address>0x3660</load_address>
         <run_address>0x3660</run_address>
         <size>0xc</size>
      </object_component>
      <object_component id="oc-6dc">
         <name>.cinit..data.load</name>
         <load_address>0x366c</load_address>
         <run_address>0x366c</run_address>
         <size>0xb</size>
      </object_component>
      <object_component id="oc-6dd">
         <name>.cinit..bss.load</name>
         <load_address>0x3678</load_address>
         <run_address>0x3678</run_address>
         <size>0x8</size>
      </object_component>
      <object_component id="oc-6db">
         <name>__TI_cinit_table</name>
         <load_address>0x3680</load_address>
         <run_address>0x3680</run_address>
         <size>0x10</size>
      </object_component>
      <object_component id="oc-a3">
         <name>.data</name>
         <load_address>0x20014740</load_address>
         <run_address>0x20014740</run_address>
         <size>0x38</size>
         <input_file_ref idref="fl-e"/>
      </object_component>
      <object_component id="oc-54e">
         <name>.data</name>
         <load_address>0x20014798</load_address>
         <run_address>0x20014798</run_address>
         <size>0x8</size>
         <input_file_ref idref="fl-f"/>
      </object_component>
      <object_component id="oc-37d">
         <name>.data</name>
         <load_address>0x200147a0</load_address>
         <run_address>0x200147a0</run_address>
         <size>0x4</size>
         <input_file_ref idref="fl-10"/>
      </object_component>
      <object_component id="oc-4f6">
         <name>.data</name>
         <load_address>0x20014790</load_address>
         <run_address>0x20014790</run_address>
         <size>0x8</size>
         <input_file_ref idref="fl-12"/>
      </object_component>
      <object_component id="oc-cf">
         <name>.data</name>
         <load_address>0x20014778</load_address>
         <run_address>0x20014778</run_address>
         <size>0x15</size>
         <input_file_ref idref="fl-1a"/>
      </object_component>
      <object_component id="oc-52d">
         <name>.bss</name>
         <uninitialized>true</uninitialized>
         <run_address>0x20010718</run_address>
         <size>0x4</size>
         <input_file_ref idref="fl-9"/>
      </object_component>
      <object_component id="oc-167">
         <name>.bss:pxReadyTasksLists</name>
         <uninitialized>true</uninitialized>
         <run_address>0x20010400</run_address>
         <size>0x140</size>
         <input_file_ref idref="fl-e"/>
      </object_component>
      <object_component id="oc-5b8">
         <name>.bss:xDelayedTaskList1</name>
         <uninitialized>true</uninitialized>
         <run_address>0x2001069c</run_address>
         <size>0x14</size>
         <input_file_ref idref="fl-e"/>
      </object_component>
      <object_component id="oc-5bb">
         <name>.bss:xDelayedTaskList2</name>
         <uninitialized>true</uninitialized>
         <run_address>0x200106b0</run_address>
         <size>0x14</size>
         <input_file_ref idref="fl-e"/>
      </object_component>
      <object_component id="oc-17d">
         <name>.bss</name>
         <uninitialized>true</uninitialized>
         <run_address>0x20010700</run_address>
         <size>0x8</size>
         <input_file_ref idref="fl-e"/>
      </object_component>
      <object_component id="oc-38c">
         <name>.bss:xPendingReadyList</name>
         <uninitialized>true</uninitialized>
         <run_address>0x200106c4</run_address>
         <size>0x14</size>
         <input_file_ref idref="fl-e"/>
      </object_component>
      <object_component id="oc-5be">
         <name>.bss:xTasksWaitingTermination</name>
         <uninitialized>true</uninitialized>
         <run_address>0x200106ec</run_address>
         <size>0x14</size>
         <input_file_ref idref="fl-e"/>
      </object_component>
      <object_component id="oc-39e">
         <name>.bss:xSuspendedTaskList</name>
         <uninitialized>true</uninitialized>
         <run_address>0x200106d8</run_address>
         <size>0x14</size>
         <input_file_ref idref="fl-e"/>
      </object_component>
      <object_component id="oc-5ec">
         <name>.bss:xActiveTimerList1</name>
         <uninitialized>true</uninitialized>
         <run_address>0x20010674</run_address>
         <size>0x14</size>
         <input_file_ref idref="fl-f"/>
      </object_component>
      <object_component id="oc-5ef">
         <name>.bss:xActiveTimerList2</name>
         <uninitialized>true</uninitialized>
         <run_address>0x20010688</run_address>
         <size>0x14</size>
         <input_file_ref idref="fl-f"/>
      </object_component>
      <object_component id="oc-5f2">
         <name>.bss</name>
         <uninitialized>true</uninitialized>
         <run_address>0x20010708</run_address>
         <size>0x8</size>
         <input_file_ref idref="fl-f"/>
      </object_component>
      <object_component id="oc-4f9">
         <name>.bss:ucHeap</name>
         <uninitialized>true</uninitialized>
         <run_address>0x20000000</run_address>
         <size>0x10000</size>
         <input_file_ref idref="fl-12"/>
      </object_component>
      <object_component id="oc-117">
         <name>.bss</name>
         <uninitialized>true</uninitialized>
         <run_address>0x200105c0</run_address>
         <size>0x64</size>
         <input_file_ref idref="fl-18"/>
      </object_component>
      <object_component id="oc-d2">
         <name>.bss</name>
         <uninitialized>true</uninitialized>
         <run_address>0x20010710</run_address>
         <size>0x8</size>
         <input_file_ref idref="fl-1a"/>
      </object_component>
      <object_component id="oc-184">
         <name>.bss:g_pcUARTTxBuffer</name>
         <uninitialized>true</uninitialized>
         <run_address>0x20010000</run_address>
         <size>0x400</size>
         <input_file_ref idref="fl-1a"/>
      </object_component>
      <object_component id="oc-d5">
         <name>.bss:g_pcUARTRxBuffer</name>
         <uninitialized>true</uninitialized>
         <run_address>0x20010540</run_address>
         <size>0x80</size>
         <input_file_ref idref="fl-1a"/>
      </object_component>
      <object_component id="oc-f5">
         <name>.common:g_uartsem</name>
         <uninitialized>true</uninitialized>
         <run_address>0x20010730</run_address>
         <size>0x4</size>
      </object_component>
      <object_component id="oc-31a">
         <name>.common:g_qsem</name>
         <uninitialized>true</uninitialized>
         <run_address>0x20010728</run_address>
         <size>0x4</size>
      </object_component>
      <object_component id="oc-31b">
         <name>.common:g_ui32SysClock</name>
         <uninitialized>true</uninitialized>
         <run_address>0x20010734</run_address>
         <size>0x4</size>
      </object_component>
      <object_component id="oc-f8">
         <name>.common:g_temp</name>
         <uninitialized>true</uninitialized>
         <run_address>0x2001072c</run_address>
         <size>0x4</size>
      </object_component>
      <object_component id="oc-fa">
         <name>.common:g_led</name>
         <uninitialized>true</uninitialized>
         <run_address>0x20010720</run_address>
         <size>0x4</size>
      </object_component>
      <object_component id="oc-319">
         <name>.common:log_mq</name>
         <uninitialized>true</uninitialized>
         <run_address>0x2001073c</run_address>
         <size>0x4</size>
      </object_component>
      <object_component id="oc-455">
         <name>.common:alert_id</name>
         <uninitialized>true</uninitialized>
         <run_address>0x2001071c</run_address>
         <size>0x4</size>
      </object_component>
      <object_component id="oc-166">
         <name>.common:g_vulRunTimeStatsCountValue</name>
         <uninitialized>true</uninitialized>
         <run_address>0x20010738</run_address>
         <size>0x4</size>
      </object_component>
      <object_component id="oc-65e">
         <name>.common:xQueueRegistry</name>
         <uninitialized>true</uninitialized>
         <run_address>0x20010624</run_address>
         <size>0x50</size>
      </object_component>
      <object_component id="oc-114">
         <name>.common:g_pfnTimerHandler</name>
         <uninitialized>true</uninitialized>
         <run_address>0x20010724</run_address>
         <size>0x4</size>
      </object_component>
      <object_component id="oc-21">
         <name>.stack</name>
         <uninitialized>true</uninitialized>
         <run_address>0x20010740</run_address>
         <size>0x4</size>
         <input_file_ref idref="fl-e0"/>
      </object_component>
      <object_component id="oc-6de">
         <name>.stack</name>
         <uninitialized>true</uninitialized>
         <run_address>0x20010740</run_address>
         <size>0x0</size>
      </object_component>
      <object_component id="oc-f6">
         <name>.debug_info</name>
         <load_address>0x0</load_address>
         <run_address>0x0</run_address>
         <size>0xa5d</size>
         <input_file_ref idref="fl-2"/>
      </object_component>
      <object_component id="oc-161">
         <name>.debug_info</name>
         <load_address>0xa5d</load_address>
         <run_address>0xa5d</run_address>
         <size>0x14a</size>
         <input_file_ref idref="fl-2"/>
      </object_component>
      <object_component id="oc-458">
         <name>.debug_info</name>
         <load_address>0xba7</load_address>
         <run_address>0xba7</run_address>
         <size>0x164</size>
         <input_file_ref idref="fl-2"/>
      </object_component>
      <object_component id="oc-30f">
         <name>.debug_info</name>
         <load_address>0xd0b</load_address>
         <run_address>0xd0b</run_address>
         <size>0x157</size>
         <input_file_ref idref="fl-2"/>
      </object_component>
      <object_component id="oc-4f">
         <name>.debug_info</name>
         <load_address>0xe62</load_address>
         <run_address>0xe62</run_address>
         <size>0x179</size>
         <input_file_ref idref="fl-2"/>
      </object_component>
      <object_component id="oc-2eb">
         <name>.debug_info</name>
         <load_address>0xfdb</load_address>
         <run_address>0xfdb</run_address>
         <size>0x165</size>
         <input_file_ref idref="fl-2"/>
      </object_component>
      <object_component id="oc-2d3">
         <name>.debug_info</name>
         <load_address>0x1140</load_address>
         <run_address>0x1140</run_address>
         <size>0x153</size>
         <input_file_ref idref="fl-2"/>
      </object_component>
      <object_component id="oc-2d9">
         <name>.debug_info</name>
         <load_address>0x1293</load_address>
         <run_address>0x1293</run_address>
         <size>0x1e8</size>
         <input_file_ref idref="fl-2"/>
      </object_component>
      <object_component id="oc-309">
         <name>.debug_info</name>
         <load_address>0x147b</load_address>
         <run_address>0x147b</run_address>
         <size>0x12e</size>
         <input_file_ref idref="fl-2"/>
      </object_component>
      <object_component id="oc-145">
         <name>.debug_info</name>
         <load_address>0x15a9</load_address>
         <run_address>0x15a9</run_address>
         <size>0x28f</size>
         <input_file_ref idref="fl-2"/>
      </object_component>
      <object_component id="oc-55">
         <name>.debug_info</name>
         <load_address>0x1838</load_address>
         <run_address>0x1838</run_address>
         <size>0x133</size>
         <input_file_ref idref="fl-2"/>
      </object_component>
      <object_component id="oc-1ed">
         <name>.debug_info</name>
         <load_address>0x196b</load_address>
         <run_address>0x196b</run_address>
         <size>0x2ef</size>
         <input_file_ref idref="fl-2"/>
      </object_component>
      <object_component id="oc-20d">
         <name>.debug_info</name>
         <load_address>0x1c5a</load_address>
         <run_address>0x1c5a</run_address>
         <size>0x4e6</size>
         <input_file_ref idref="fl-2"/>
      </object_component>
      <object_component id="oc-11d">
         <name>.debug_info</name>
         <load_address>0x2140</load_address>
         <run_address>0x2140</run_address>
         <size>0x26b</size>
         <input_file_ref idref="fl-2"/>
      </object_component>
      <object_component id="oc-367">
         <name>.debug_info</name>
         <load_address>0x23ab</load_address>
         <run_address>0x23ab</run_address>
         <size>0x110</size>
         <input_file_ref idref="fl-2"/>
      </object_component>
      <object_component id="oc-5d5">
         <name>.debug_info</name>
         <load_address>0x24bb</load_address>
         <run_address>0x24bb</run_address>
         <size>0x110</size>
         <input_file_ref idref="fl-2"/>
      </object_component>
      <object_component id="oc-d9">
         <name>.debug_info</name>
         <load_address>0x25cb</load_address>
         <run_address>0x25cb</run_address>
         <size>0x8b</size>
         <input_file_ref idref="fl-2"/>
      </object_component>
      <object_component id="oc-1e6">
         <name>.debug_info</name>
         <load_address>0x2656</load_address>
         <run_address>0x2656</run_address>
         <size>0x46</size>
         <input_file_ref idref="fl-2"/>
      </object_component>
      <object_component id="oc-21c">
         <name>.debug_info</name>
         <load_address>0x269c</load_address>
         <run_address>0x269c</run_address>
         <size>0x2c</size>
         <input_file_ref idref="fl-2"/>
      </object_component>
      <object_component id="oc-221">
         <name>.debug_info</name>
         <load_address>0x26c8</load_address>
         <run_address>0x26c8</run_address>
         <size>0x2c</size>
         <input_file_ref idref="fl-2"/>
      </object_component>
      <object_component id="oc-192">
         <name>.debug_info</name>
         <load_address>0x26f4</load_address>
         <run_address>0x26f4</run_address>
         <size>0x297</size>
         <input_file_ref idref="fl-2"/>
      </object_component>
      <object_component id="oc-212">
         <name>.debug_info</name>
         <load_address>0x298b</load_address>
         <run_address>0x298b</run_address>
         <size>0xef</size>
         <input_file_ref idref="fl-2"/>
      </object_component>
      <object_component id="oc-de">
         <name>.debug_info</name>
         <load_address>0x2a7a</load_address>
         <run_address>0x2a7a</run_address>
         <size>0xbb</size>
         <input_file_ref idref="fl-2"/>
      </object_component>
      <object_component id="oc-158">
         <name>.debug_info</name>
         <load_address>0x2b35</load_address>
         <run_address>0x2b35</run_address>
         <size>0x53</size>
         <input_file_ref idref="fl-2"/>
      </object_component>
      <object_component id="oc-1f9">
         <name>.debug_info</name>
         <load_address>0x2b88</load_address>
         <run_address>0x2b88</run_address>
         <size>0x2c</size>
         <input_file_ref idref="fl-2"/>
      </object_component>
      <object_component id="oc-217">
         <name>.debug_info</name>
         <load_address>0x2bb4</load_address>
         <run_address>0x2bb4</run_address>
         <size>0x14c</size>
         <input_file_ref idref="fl-2"/>
      </object_component>
      <object_component id="oc-61">
         <name>.debug_info</name>
         <load_address>0x2d00</load_address>
         <run_address>0x2d00</run_address>
         <size>0x3d2</size>
         <input_file_ref idref="fl-3"/>
      </object_component>
      <object_component id="oc-10">
         <name>.debug_info</name>
         <load_address>0x30d2</load_address>
         <run_address>0x30d2</run_address>
         <size>0xd9</size>
         <input_file_ref idref="fl-3"/>
      </object_component>
      <object_component id="oc-25">
         <name>.debug_info</name>
         <load_address>0x31ab</load_address>
         <run_address>0x31ab</run_address>
         <size>0x109</size>
         <input_file_ref idref="fl-3"/>
      </object_component>
      <object_component id="oc-2b">
         <name>.debug_info</name>
         <load_address>0x32b4</load_address>
         <run_address>0x32b4</run_address>
         <size>0xf7</size>
         <input_file_ref idref="fl-3"/>
      </object_component>
      <object_component id="oc-37">
         <name>.debug_info</name>
         <load_address>0x33ab</load_address>
         <run_address>0x33ab</run_address>
         <size>0x112</size>
         <input_file_ref idref="fl-3"/>
      </object_component>
      <object_component id="oc-31">
         <name>.debug_info</name>
         <load_address>0x34bd</load_address>
         <run_address>0x34bd</run_address>
         <size>0x100</size>
         <input_file_ref idref="fl-3"/>
      </object_component>
      <object_component id="oc-68">
         <name>.debug_info</name>
         <load_address>0x35bd</load_address>
         <run_address>0x35bd</run_address>
         <size>0x84</size>
         <input_file_ref idref="fl-3"/>
      </object_component>
      <object_component id="oc-3c9">
         <name>.debug_info</name>
         <load_address>0x3641</load_address>
         <run_address>0x3641</run_address>
         <size>0x8fb</size>
         <input_file_ref idref="fl-5"/>
      </object_component>
      <object_component id="oc-4a8">
         <name>.debug_info</name>
         <load_address>0x3f3c</load_address>
         <run_address>0x3f3c</run_address>
         <size>0x176</size>
         <input_file_ref idref="fl-5"/>
      </object_component>
      <object_component id="oc-28c">
         <name>.debug_info</name>
         <load_address>0x40b2</load_address>
         <run_address>0x40b2</run_address>
         <size>0x12f</size>
         <input_file_ref idref="fl-5"/>
      </object_component>
      <object_component id="oc-24b">
         <name>.debug_info</name>
         <load_address>0x41e1</load_address>
         <run_address>0x41e1</run_address>
         <size>0xc4</size>
         <input_file_ref idref="fl-5"/>
      </object_component>
      <object_component id="oc-585">
         <name>.debug_info</name>
         <load_address>0x42a5</load_address>
         <run_address>0x42a5</run_address>
         <size>0x2c</size>
         <input_file_ref idref="fl-5"/>
      </object_component>
      <object_component id="oc-296">
         <name>.debug_info</name>
         <load_address>0x42d1</load_address>
         <run_address>0x42d1</run_address>
         <size>0x8a</size>
         <input_file_ref idref="fl-5"/>
      </object_component>
      <object_component id="oc-2a0">
         <name>.debug_info</name>
         <load_address>0x435b</load_address>
         <run_address>0x435b</run_address>
         <size>0x651</size>
         <input_file_ref idref="fl-5"/>
      </object_component>
      <object_component id="oc-2aa">
         <name>.debug_info</name>
         <load_address>0x49ac</load_address>
         <run_address>0x49ac</run_address>
         <size>0x174</size>
         <input_file_ref idref="fl-5"/>
      </object_component>
      <object_component id="oc-3d0">
         <name>.debug_info</name>
         <load_address>0x4b20</load_address>
         <run_address>0x4b20</run_address>
         <size>0x2c</size>
         <input_file_ref idref="fl-5"/>
      </object_component>
      <object_component id="oc-4ac">
         <name>.debug_info</name>
         <load_address>0x4b4c</load_address>
         <run_address>0x4b4c</run_address>
         <size>0x1cd</size>
         <input_file_ref idref="fl-5"/>
      </object_component>
      <object_component id="oc-2af">
         <name>.debug_info</name>
         <load_address>0x4d19</load_address>
         <run_address>0x4d19</run_address>
         <size>0x2c</size>
         <input_file_ref idref="fl-5"/>
      </object_component>
      <object_component id="oc-241">
         <name>.debug_info</name>
         <load_address>0x4d45</load_address>
         <run_address>0x4d45</run_address>
         <size>0x87</size>
         <input_file_ref idref="fl-5"/>
      </object_component>
      <object_component id="oc-255">
         <name>.debug_info</name>
         <load_address>0x4dcc</load_address>
         <run_address>0x4dcc</run_address>
         <size>0x2c</size>
         <input_file_ref idref="fl-5"/>
      </object_component>
      <object_component id="oc-3cb">
         <name>.debug_info</name>
         <load_address>0x4df8</load_address>
         <run_address>0x4df8</run_address>
         <size>0x2c</size>
         <input_file_ref idref="fl-5"/>
      </object_component>
      <object_component id="oc-2b4">
         <name>.debug_info</name>
         <load_address>0x4e24</load_address>
         <run_address>0x4e24</run_address>
         <size>0x53</size>
         <input_file_ref idref="fl-5"/>
      </object_component>
      <object_component id="oc-273">
         <name>.debug_info</name>
         <load_address>0x4e77</load_address>
         <run_address>0x4e77</run_address>
         <size>0xf5</size>
         <input_file_ref idref="fl-5"/>
      </object_component>
      <object_component id="oc-237">
         <name>.debug_info</name>
         <load_address>0x4f6c</load_address>
         <run_address>0x4f6c</run_address>
         <size>0x9f</size>
         <input_file_ref idref="fl-5"/>
      </object_component>
      <object_component id="oc-278">
         <name>.debug_info</name>
         <load_address>0x500b</load_address>
         <run_address>0x500b</run_address>
         <size>0x167</size>
         <input_file_ref idref="fl-5"/>
      </object_component>
      <object_component id="oc-23c">
         <name>.debug_info</name>
         <load_address>0x5172</load_address>
         <run_address>0x5172</run_address>
         <size>0x40f</size>
         <input_file_ref idref="fl-5"/>
      </object_component>
      <object_component id="oc-246">
         <name>.debug_info</name>
         <load_address>0x5581</load_address>
         <run_address>0x5581</run_address>
         <size>0x17e</size>
         <input_file_ref idref="fl-5"/>
      </object_component>
      <object_component id="oc-2c2">
         <name>.debug_info</name>
         <load_address>0x56ff</load_address>
         <run_address>0x56ff</run_address>
         <size>0x2c</size>
         <input_file_ref idref="fl-6"/>
      </object_component>
      <object_component id="oc-531">
         <name>.debug_info</name>
         <load_address>0x572b</load_address>
         <run_address>0x572b</run_address>
         <size>0x6be</size>
         <input_file_ref idref="fl-9"/>
      </object_component>
      <object_component id="oc-52e">
         <name>.debug_info</name>
         <load_address>0x5de9</load_address>
         <run_address>0x5de9</run_address>
         <size>0xc2</size>
         <input_file_ref idref="fl-9"/>
      </object_component>
      <object_component id="oc-2fc">
         <name>.debug_info</name>
         <load_address>0x5eab</load_address>
         <run_address>0x5eab</run_address>
         <size>0x133</size>
         <input_file_ref idref="fl-9"/>
      </object_component>
      <object_component id="oc-528">
         <name>.debug_info</name>
         <load_address>0x5fde</load_address>
         <run_address>0x5fde</run_address>
         <size>0x183</size>
         <input_file_ref idref="fl-9"/>
      </object_component>
      <object_component id="oc-2df">
         <name>.debug_info</name>
         <load_address>0x6161</load_address>
         <run_address>0x6161</run_address>
         <size>0x172</size>
         <input_file_ref idref="fl-9"/>
      </object_component>
      <object_component id="oc-449">
         <name>.debug_info</name>
         <load_address>0x62d3</load_address>
         <run_address>0x62d3</run_address>
         <size>0x17f</size>
         <input_file_ref idref="fl-9"/>
      </object_component>
      <object_component id="oc-539">
         <name>.debug_info</name>
         <load_address>0x6452</load_address>
         <run_address>0x6452</run_address>
         <size>0x5ba</size>
         <input_file_ref idref="fl-a"/>
      </object_component>
      <object_component id="oc-302">
         <name>.debug_info</name>
         <load_address>0x6a0c</load_address>
         <run_address>0x6a0c</run_address>
         <size>0x142</size>
         <input_file_ref idref="fl-a"/>
      </object_component>
      <object_component id="oc-533">
         <name>.debug_info</name>
         <load_address>0x6b4e</load_address>
         <run_address>0x6b4e</run_address>
         <size>0x2a7</size>
         <input_file_ref idref="fl-a"/>
      </object_component>
      <object_component id="oc-44f">
         <name>.debug_info</name>
         <load_address>0x6df5</load_address>
         <run_address>0x6df5</run_address>
         <size>0x126</size>
         <input_file_ref idref="fl-a"/>
      </object_component>
      <object_component id="oc-520">
         <name>.debug_info</name>
         <load_address>0x6f1b</load_address>
         <run_address>0x6f1b</run_address>
         <size>0x757</size>
         <input_file_ref idref="fl-b"/>
      </object_component>
      <object_component id="oc-2f6">
         <name>.debug_info</name>
         <load_address>0x7672</load_address>
         <run_address>0x7672</run_address>
         <size>0x138</size>
         <input_file_ref idref="fl-b"/>
      </object_component>
      <object_component id="oc-630">
         <name>.debug_info</name>
         <load_address>0x77aa</load_address>
         <run_address>0x77aa</run_address>
         <size>0x176</size>
         <input_file_ref idref="fl-b"/>
      </object_component>
      <object_component id="oc-5c9">
         <name>.debug_info</name>
         <load_address>0x7920</load_address>
         <run_address>0x7920</run_address>
         <size>0x228</size>
         <input_file_ref idref="fl-b"/>
      </object_component>
      <object_component id="oc-51a">
         <name>.debug_info</name>
         <load_address>0x7b48</load_address>
         <run_address>0x7b48</run_address>
         <size>0x1b1</size>
         <input_file_ref idref="fl-b"/>
[...]
         <object_component_ref idref="oc-2d1"/>
      </symbol>
      <symbol id="sm-121">
         <name>sem_create</name>
         <value>0x1b75</value>
         <object_component_ref idref="oc-2e9"/>
      </symbol>
      <symbol id="sm-122">
         <name>led_timer0handler</name>
         <value>0x2d29</value>
         <object_component_ref idref="oc-53"/>
      </symbol>
      <symbol id="sm-123">
         <name>alerttask_init</name>
         <value>0x2491</value>
         <object_component_ref idref="oc-307"/>
      </symbol>
      <symbol id="sm-124">
         <name>timer_config</name>
         <value>0x1365</value>
         <object_component_ref idref="oc-30d"/>
      </symbol>
      <symbol id="sm-15a">
         <name>ResetISR</name>
         <value>0x3317</value>
         <object_component_ref idref="oc-24"/>
      </symbol>
      <symbol id="sm-15b">
         <name>g_pfnVectors</name>
         <value>0x0</value>
         <object_component_ref idref="oc-f"/>
      </symbol>
      <symbol id="sm-20b">
         <name>ledtask_init</name>
         <value>0x2821</value>
         <object_component_ref idref="oc-2fb"/>
      </symbol>
      <symbol id="sm-20c">
         <name>led_send</name>
         <value>0x1c01</value>
         <object_component_ref idref="oc-527"/>
      </symbol>
      <symbol id="sm-20d">
         <name>led_config</name>
         <value>0x2e75</value>
         <object_component_ref idref="oc-2dd"/>
      </symbol>
      <symbol id="sm-245">
         <name>loggertask_init</name>
         <value>0x2551</value>
         <object_component_ref idref="oc-301"/>
      </symbol>
      <symbol id="sm-246">
         <name>log</name>
         <value>0x201</value>
         <object_component_ref idref="oc-532"/>
      </symbol>
      <symbol id="sm-292">
         <name>temp_read</name>
         <value>0x1d95</value>
         <object_component_ref idref="oc-5c8"/>
      </symbol>
      <symbol id="sm-293">
         <name>temp_send</name>
         <value>0x1a41</value>
         <object_component_ref idref="oc-519"/>
      </symbol>
      <symbol id="sm-294">
         <name>temptask_init</name>
         <value>0x23c9</value>
         <object_component_ref idref="oc-2f5"/>
      </symbol>
      <symbol id="sm-295">
         <name>temp_write</name>
         <value>0x2dd5</value>
         <object_component_ref idref="oc-62f"/>
      </symbol>
      <symbol id="sm-2c6">
         <name>uxListRemove</name>
         <value>0x302d</value>
         <object_component_ref idref="oc-171"/>
      </symbol>
      <symbol id="sm-2c7">
         <name>vListInsert</name>
         <value>0x2e41</value>
         <object_component_ref idref="oc-392"/>
      </symbol>
      <symbol id="sm-2c8">
         <name>vListInitialiseItem</name>
         <value>0x3323</value>
         <object_component_ref idref="oc-5aa"/>
      </symbol>
      <symbol id="sm-2c9">
         <name>vListInsertEnd</name>
         <value>0x31cd</value>
         <object_component_ref idref="oc-177"/>
      </symbol>
      <symbol id="sm-2ca">
         <name>vListInitialise</name>
         <value>0x30f7</value>
         <object_component_ref idref="oc-433"/>
      </symbol>
      <symbol id="sm-388">
         <name>xQueueRegistry</name>
         <value>0x20010624</value>
      </symbol>
      <symbol id="sm-389">
         <name>xQueueGenericSendFromISR</name>
         <value>0x2665</value>
         <object_component_ref idref="oc-10e"/>
      </symbol>
      <symbol id="sm-38a">
         <name>vQueueAddToRegistry</name>
         <value>0x2ea5</value>
         <object_component_ref idref="oc-5e6"/>
      </symbol>
      <symbol id="sm-38b">
         <name>xQueueGenericCreate</name>
         <value>0x2b69</value>
         <object_component_ref idref="oc-2e3"/>
      </symbol>
      <symbol id="sm-38c">
         <name>xQueueCreateMutex</name>
         <value>0x2a01</value>
         <object_component_ref idref="oc-2ef"/>
      </symbol>
      <symbol id="sm-38d">
         <name>xQueueGenericSend</name>
         <value>0xfad</value>
         <object_component_ref idref="oc-ef"/>
      </symbol>
      <symbol id="sm-38e">
         <name>xQueueGenericReset</name>
         <value>0x1ff5</value>
         <object_component_ref idref="oc-42b"/>
      </symbol>
      <symbol id="sm-38f">
         <name>xQueueGenericReceive</name>
         <value>0xc81</value>
         <object_component_ref idref="oc-e3"/>
      </symbol>
      <symbol id="sm-390">
         <name>vQueueWaitForMessageRestricted</name>
         <value>0x2beb</value>
         <object_component_ref idref="oc-669"/>
      </symbol>
      <symbol id="sm-59a">
         <name>vTaskSuspendAll</name>
         <value>0x3289</value>
         <object_component_ref idref="oc-1a3"/>
      </symbol>
      <symbol id="sm-59b">
         <name>vTaskPriorityInherit</name>
         <value>0x1add</value>
         <object_component_ref idref="oc-1c7"/>
      </symbol>
      <symbol id="sm-59c">
         <name>vTaskPlaceOnEventList</name>
         <value>0x2771</value>
         <object_component_ref idref="oc-1cd"/>
      </symbol>
      <symbol id="sm-59d">
         <name>ulTaskNotifyTake</name>
         <value>0x1661</value>
         <object_component_ref idref="oc-53b"/>
      </symbol>
      <symbol id="sm-59e">
         <name>xTaskCheckForTimeOut</name>
         <value>0x24f1</value>
         <object_component_ref idref="oc-1af"/>
      </symbol>
      <symbol id="sm-59f">
         <name>xTaskPriorityDisinherit</name>
         <value>0x1d11</value>
         <object_component_ref idref="oc-3b6"/>
      </symbol>
      <symbol id="sm-5a0">
         <name>vTaskStartScheduler</name>
         <value>0x2149</value>
         <object_component_ref idref="oc-313"/>
      </symbol>
      <symbol id="sm-5a1">
         <name>pvTaskIncrementMutexHeldCount</name>
         <value>0x31b5</value>
         <object_component_ref idref="oc-1d9"/>
      </symbol>
      <symbol id="sm-5a2">
         <name>xTaskGenericNotify</name>
         <value>0x15ad</value>
         <object_component_ref idref="oc-5ce"/>
      </symbol>
      <symbol id="sm-5a3">
         <name>vTaskMissedYield</name>
         <value>0x32c1</value>
         <object_component_ref idref="oc-385"/>
      </symbol>
      <symbol id="sm-5a4">
         <name>xTaskResumeAll</name>
         <value>0x11a5</value>
         <object_component_ref idref="oc-1bb"/>
      </symbol>
      <symbol id="sm-5a5">
         <name>xTaskGetTickCount</name>
         <value>0x32cd</value>
         <object_component_ref idref="oc-5c2"/>
      </symbol>
      <symbol id="sm-5a6">
         <name>xTaskGenericCreate</name>
         <value>0x10a9</value>
         <object_component_ref idref="oc-43a"/>
      </symbol>
      <symbol id="sm-5a7">
         <name>pxCurrentTCB</name>
         <value>0x20014740</value>
         <object_component_ref idref="oc-a3"/>
      </symbol>
      <symbol id="sm-5a8">
         <name>vTaskPlaceOnEventListRestricted</name>
         <value>0x27c9</value>
         <object_component_ref idref="oc-69f"/>
      </symbol>
      <symbol id="sm-5a9">
         <name>vTaskSetTimeOutState</name>
         <value>0x3215</value>
         <object_component_ref idref="oc-19d"/>
      </symbol>
      <symbol id="sm-5aa">
         <name>xTaskIncrementTick</name>
         <value>0xda9</value>
         <object_component_ref idref="oc-b0"/>
      </symbol>
      <symbol id="sm-5ab">
         <name>vTaskSwitchContext</name>
         <value>0x142d</value>
         <object_component_ref idref="oc-a9"/>
      </symbol>
      <symbol id="sm-5ac">
         <name>xTaskGetSchedulerState</name>
         <value>0x30b9</value>
         <object_component_ref idref="oc-6a8"/>
      </symbol>
      <symbol id="sm-5ad">
         <name>xTaskRemoveFromEventList</name>
         <value>0x1e91</value>
         <object_component_ref idref="oc-1df"/>
      </symbol>
      <symbol id="sm-673">
         <name>xTimerCreateTimerTask</name>
         <value>0x2c6d</value>
         <object_component_ref idref="oc-45e"/>
      </symbol>
      <symbol id="sm-674">
         <name>xTimerGenericCommand</name>
         <value>0x2875</value>
         <object_component_ref idref="oc-67c"/>
      </symbol>
      <symbol id="sm-6d1">
         <name>ulMaxSyscallInterruptPriority</name>
         <value>0x3658</value>
         <object_component_ref idref="oc-a6"/>
      </symbol>
      <symbol id="sm-6d2">
         <name>vPortSetupTimerInterrupt</name>
         <value>0x31fd</value>
         <object_component_ref idref="oc-555"/>
      </symbol>
      <symbol id="sm-6d3">
         <name>xPortSysTickHandler</name>
         <value>0x2f85</value>
         <object_component_ref idref="oc-41"/>
      </symbol>
      <symbol id="sm-6d4">
         <name>pxPortInitialiseStack</name>
         <value>0x3005</value>
         <object_component_ref idref="oc-50c"/>
      </symbol>
      <symbol id="sm-6d5">
         <name>vPortExitCritical</name>
         <value>0x31e5</value>
         <object_component_ref idref="oc-197"/>
      </symbol>
      <symbol id="sm-6d6">
         <name>xPortStartScheduler</name>
         <value>0x2c2d</value>
         <object_component_ref idref="oc-464"/>
      </symbol>
      <symbol id="sm-6d7">
         <name>vPortEnterCritical</name>
         <value>0x3131</value>
         <object_component_ref idref="oc-1a9"/>
      </symbol>
      <symbol id="sm-6e6">
         <name>vPortStartFirstTask</name>
         <value>0x1339</value>
         <object_component_ref idref="oc-3c"/>
      </symbol>
      <symbol id="sm-6e7">
         <name>ulPortGetIPSR</name>
         <value>0x12a1</value>
         <object_component_ref idref="oc-3c"/>
      </symbol>
      <symbol id="sm-6e8">
         <name>vPortEnableVFP</name>
         <value>0x1355</value>
         <object_component_ref idref="oc-3c"/>
      </symbol>
      <symbol id="sm-6e9">
         <name>xPortPendSVHandler</name>
         <value>0x12b9</value>
         <object_component_ref idref="oc-3c"/>
      </symbol>
      <symbol id="sm-6ea">
         <name>vPortSVCHandler</name>
         <value>0x1319</value>
         <object_component_ref idref="oc-3c"/>
      </symbol>
      <symbol id="sm-715">
         <name>pvPortMalloc</name>
         <value>0x2609</value>
         <object_component_ref idref="oc-425"/>
      </symbol>
      <symbol id="sm-716">
         <name>vPortFree</name>
         <value>0x248f</value>
         <object_component_ref idref="oc-5a3"/>
      </symbol>
      <symbol id="sm-796">
         <name>g_pfnTimerHandler</name>
         <value>0x20010724</value>
      </symbol>
      <symbol id="sm-797">
         <name>lwIPEthernetIntHandler</name>
         <value>0x1711</value>
         <object_component_ref idref="oc-59"/>
      </symbol>
      <symbol id="sm-89b">
         <name>UARTFlushRx</name>
         <value>0x2f01</value>
         <object_component_ref idref="oc-4c5"/>
      </symbol>
      <symbol id="sm-89c">
         <name>UARTFlushTx</name>
         <value>0x2ced</value>
         <object_component_ref idref="oc-4cb"/>
      </symbol>
      <symbol id="sm-89d">
         <name>UARTStdioConfig</name>
         <value>0x14f5</value>
         <object_component_ref idref="oc-3f2"/>
      </symbol>
      <symbol id="sm-89e">
         <name>UARTStdioIntHandler</name>
         <value>0x879</value>
         <object_component_ref idref="oc-47"/>
      </symbol>
      <symbol id="sm-89f">
         <name>UARTwrite</name>
         <value>0x17bd</value>
         <object_component_ref idref="oc-c3"/>
      </symbol>
      <symbol id="sm-8a0">
         <name>UARTprintf</name>
         <value>0x3167</value>
         <object_component_ref idref="oc-e9"/>
      </symbol>
      <symbol id="sm-8a1">
         <name>UARTvprintf</name>
         <value>0x471</value>
         <object_component_ref idref="oc-1f2"/>
      </symbol>
      <symbol id="sm-8b1">
         <name>__aeabi_uidivmod</name>
         <value>0x2bab</value>
         <object_component_ref idref="oc-3ac"/>
      </symbol>
      <symbol id="sm-8b2">
         <name>__aeabi_uidiv</name>
         <value>0x2bab</value>
         <object_component_ref idref="oc-3ac"/>
      </symbol>
      <symbol id="sm-8bd">
         <name>__aeabi_dmul</name>
         <value>0xeb1</value>
         <object_component_ref idref="oc-652"/>
      </symbol>
      <symbol id="sm-8c9">
         <name>__aeabi_d2f</name>
         <value>0x21b9</value>
         <object_component_ref idref="oc-657"/>
      </symbol>
      <symbol id="sm-8e4">
         <name>memcpy</name>
         <value>0x19a5</value>
         <object_component_ref idref="oc-6d"/>
      </symbol>
      <symbol id="sm-8e5">
         <name>__aeabi_memcpy</name>
         <value>0x19a5</value>
         <object_component_ref idref="oc-6d"/>
      </symbol>
      <symbol id="sm-8e6">
         <name>__aeabi_memcpy8</name>
         <value>0x19a5</value>
         <object_component_ref idref="oc-6d"/>
      </symbol>
      <symbol id="sm-8e7">
         <name>__aeabi_memcpy4</name>
         <value>0x19a5</value>
         <object_component_ref idref="oc-6d"/>
      </symbol>
      <symbol id="sm-8f1">
         <name>__aeabi_ui2d</name>
         <value>0x3099</value>
         <object_component_ref idref="oc-64d"/>
      </symbol>
      <symbol id="sm-900">
         <name>__aeabi_memset</name>
         <value>0x1e17</value>
         <object_component_ref idref="oc-137"/>
      </symbol>
      <symbol id="sm-901">
         <name>memset</name>
         <value>0x1e1d</value>
         <object_component_ref idref="oc-137"/>
      </symbol>
      <symbol id="sm-902">
         <name>__aeabi_memset8</name>
         <value>0x1e17</value>
         <object_component_ref idref="oc-137"/>
      </symbol>
      <symbol id="sm-903">
         <name>__aeabi_memset4</name>
         <value>0x1e17</value>
         <object_component_ref idref="oc-137"/>
      </symbol>
      <symbol id="sm-904">
         <name>__aeabi_memclr8</name>
         <value>0x1e15</value>
         <object_component_ref idref="oc-137"/>
      </symbol>
      <symbol id="sm-905">
         <name>__aeabi_memclr4</name>
         <value>0x1e15</value>
         <object_component_ref idref="oc-137"/>
      </symbol>
      <symbol id="sm-906">
         <name>__aeabi_memclr</name>
         <value>0x1e15</value>
         <object_component_ref idref="oc-137"/>
      </symbol>
      <symbol id="sm-918">
         <name>__TI_zero_init</name>
         <value>0x32b5</value>
         <object_component_ref idref="oc-7f"/>
      </symbol>
      <symbol id="sm-92f">
         <name>__TI_decompress_none</name>
         <value>0x32a7</value>
         <object_component_ref idref="oc-18"/>
      </symbol>
      <symbol id="sm-952">
         <name>__TI_decompress_lzss</name>
         <value>0x2295</value>
         <object_component_ref idref="oc-12"/>
      </symbol>
      <symbol id="sm-965">
         <name>__stack</name>
         <value>0x20010740</value>
         <object_component_ref idref="oc-21"/>
      </symbol>
      <symbol id="sm-966">
         <name>_c_int00_noargs</name>
         <value>0x2d9d</value>
         <object_component_ref idref="oc-8b"/>
      </symbol>
      <symbol id="sm-971">
         <name>C$$EXIT</name>
         <value>0x3339</value>
         <object_component_ref idref="oc-31d"/>
      </symbol>
      <symbol id="sm-972">
         <name>abort</name>
         <value>0x3339</value>
         <object_component_ref idref="oc-31d"/>
      </symbol>
      <symbol id="sm-984">
         <name>__aeabi_idiv0</name>
         <value>0x1f7f</value>
         <object_component_ref idref="oc-49c"/>
      </symbol>
      <symbol id="sm-985">
         <name>__aeabi_ldiv0</name>
         <value>0x1f7f</value>
         <object_component_ref idref="oc-49c"/>
      </symbol>
      <symbol id="sm-9ad">
         <name>__TI_auto_init_nobinit_nopinit</name>
         <value>0x2b25</value>
         <object_component_ref idref="oc-329"/>
      </symbol>
      <symbol id="sm-9b7">
         <name>_system_pre_init</name>
         <value>0x3335</value>
         <object_component_ref idref="oc-13d"/>
      </symbol>
      <symbol id="sm-9e6">
         <name>EMACTimestampIntStatus</name>
         <value>0x330b</value>
         <object_component_ref idref="oc-108"/>
      </symbol>
      <symbol id="sm-9e7">
         <name>EMACPowerManagementStatusGet</name>
         <value>0x32e3</value>
         <object_component_ref idref="oc-102"/>
      </symbol>
      <symbol id="sm-9e8">
         <name>EMACIntStatus</name>
         <value>0x2ed5</value>
         <object_component_ref idref="oc-fc"/>
      </symbol>
      <symbol id="sm-a33">
         <name>GPIOPinConfigure</name>
         <value>0x2a4d</value>
         <object_component_ref idref="oc-405"/>
      </symbol>
      <symbol id="sm-a34">
         <name>GPIOPinTypeI2CSCL</name>
         <value>0x3253</value>
         <object_component_ref idref="oc-411"/>
      </symbol>
      <symbol id="sm-a35">
         <name>GPIOPinTypeI2C</name>
         <value>0x3241</value>
         <object_component_ref idref="oc-40b"/>
      </symbol>
      <symbol id="sm-a36">
         <name>GPIOPinTypeGPIOOutput</name>
         <value>0x319b</value>
         <object_component_ref idref="oc-41e"/>
      </symbol>
      <symbol id="sm-a37">
         <name>GPIODirModeSet</name>
         <value>0x2fb1</value>
         <object_component_ref idref="oc-4df"/>
      </symbol>
      <symbol id="sm-a38">
         <name>GPIOPinWrite</name>
         <value>0x3311</value>
         <object_component_ref idref="oc-521"/>
      </symbol>
      <symbol id="sm-a39">
         <name>GPIOPadConfigSet</name>
         <value>0xb4d</value>
         <object_component_ref idref="oc-4e5"/>
      </symbol>
      <symbol id="sm-a7a">
         <name>I2CMasterDataPut</name>
         <value>0x3331</value>
         <object_component_ref idref="oc-68b"/>
      </symbol>
      <symbol id="sm-a7b">
         <name>I2CMasterInitExpClk</name>
         <value>0x291d</value>
         <object_component_ref idref="oc-417"/>
      </symbol>
      <symbol id="sm-a7c">
         <name>I2CMasterSlaveAddrSet</name>
         <value>0x32f3</value>
         <object_component_ref idref="oc-635"/>
      </symbol>
      <symbol id="sm-a7d">
         <name>I2CMasterDataGet</name>
         <value>0x332d</value>
         <object_component_ref idref="oc-647"/>
      </symbol>
      <symbol id="sm-a7e">
         <name>I2CMasterControl</name>
         <value>0x3329</value>
         <object_component_ref idref="oc-63b"/>
      </symbol>
      <symbol id="sm-a7f">
         <name>I2CMasterBusy</name>
         <value>0x32eb</value>
         <object_component_ref idref="oc-641"/>
      </symbol>
      <symbol id="sm-a80">
         <name>I2CMasterEnable</name>
         <value>0x32d9</value>
         <object_component_ref idref="oc-4ed"/>
      </symbol>
      <symbol id="sm-afc">
         <name>SysCtlPeripheralEnable</name>
         <value>0x2e0d</value>
         <object_component_ref idref="oc-3f9"/>
      </symbol>
      <symbol id="sm-afd">
         <name>SysCtlPeripheralReady</name>
         <value>0x2d65</value>
         <object_component_ref idref="oc-3ff"/>
      </symbol>
      <symbol id="sm-afe">
         <name>SysCtlClockFreqSet</name>
         <value>0x679</value>
         <object_component_ref idref="oc-2cb"/>
      </symbol>
      <symbol id="sm-b0b">
         <name>UARTClockSourceSet</name>
         <value>0x331d</value>
         <object_component_ref idref="oc-3ec"/>
      </symbol>
      <symbol id="sm-b0e">
         <name>__TI_static_base__</name>
         <value>0x0</value>
      </symbol>
      <symbol id="sm-b11">
         <name>__mpu_init</name>
         <value>0x0</value>
      </symbol>
      <symbol id="sm-b12">
         <name>_system_post_cinit</name>
         <value>0x0</value>
      </symbol>
   </symbol_table>
   <title>Link successful</title>
</link_info>
