******************************************************************************
                  TI ARM Linker PC v18.1.4                     
******************************************************************************
>> Linked Wed Apr 10 19:33:07 2019

OUTPUT FILE NAME:   <senshub_iot.out>
ENTRY POINT SYMBOL: "_c_int00_noargs"  address: 00002d91


MEMORY CONFIGURATION

         name            origin    length      used     unused   attr    fill
----------------------  --------  ---------  --------  --------  ----  --------
  FLASH                 00000000   00100000  00003684  000fc97c  R  X
  SRAM                  20000000   00040000  000147a4  0002b85c  RW X


SEGMENT ALLOCATION MAP

run origin  load origin   length   init length attrs members
----------  ----------- ---------- ----------- ----- -------
00000000    00000000    00003688   00003688    r-x
  00000000    00000000    00000200   00000200    r-- .intvecs
  00000200    00000200    00003130   00003130    r-x .text
  00003330    00003330    00000324   00000324    r-- .const
  00003658    00003658    00000030   00000030    r-- .cinit
20000000    20000000    000147a4   00000000    rw-
  20000000    20000000    00010740   00000000    rw- .bss
  20010740    20010740    00004000   00000000    rw- .stack
  20014740    20014740    00000064   00000000    rw- .data


SECTION ALLOCATION MAP

 output                                  attributes/
section   page    origin      length       input sections
--------  ----  ----------  ----------   ----------------
.intvecs   0    00000000    00000200     
                  00000000    00000200     startup_ccs.obj (.intvecs)

.text      0    00000200    00003130     
                  00000200    00000210     logger.obj (.text:log)
                  00000410    00000208     uartstdio.obj (.text:UARTvprintf)
                  00000618    00000200     driverlib.lib : sysctl.obj (.text:SysCtlClockFreqSet)
                  00000818    00000170     uartstdio.obj (.text:UARTStdioIntHandler)
                  00000988    00000164     main.obj (.text:main)
                  00000aec    00000132     driverlib.lib : gpio.obj (.text:GPIOPadConfigSet)
                  00000c1e    00000002     startup_ccs.obj (.text:FaultISR)
                  00000c20    00000128     queue.obj (.text:xQueueGenericReceive)
                  00000d48    00000108     tasks.obj (.text:xTaskIncrementTick)
                  00000e50    000000fc     rtsv7M4_T_le_v4SPD16_eabi.lib : fd_mul_t2.asm.obj (.text)
                  00000f4c    000000fc     queue.obj (.text:xQueueGenericSend)
                  00001048    000000fc     tasks.obj (.text:xTaskGenericCreate)
                  00001144    000000ec     tasks.obj (.text:xTaskResumeAll)
                  00001230    000000d2     portasm.obj (.text)
                  00001302    00000002     startup_ccs.obj (.text:IntDefaultHandler)
                  00001304    000000c8     main.obj (.text:timer_config)
                  000013cc    000000c8     tasks.obj (.text:vTaskSwitchContext)
                  00001494    000000c0     temp.obj (.text:temp_send)
                  00001554    000000b8     uartstdio.obj (.text:UARTStdioConfig)
                  0000160c    000000b4     tasks.obj (.text:xTaskGenericNotify)
                  000016c0    000000b0     tasks.obj (.text:ulTaskNotifyTake)
                  00001770    000000ac     led.obj (.text:led_send)
                  0000181c    000000ac     lwiplib.obj (.text:lwIPEthernetIntHandler)
                  000018c8    000000a8     uartstdio.obj (.text:UARTwrite)
                  00001970    000000a4     timers.obj (.text:prvProcessReceivedCommands)
                  00001a14    0000009c     uartstdio.obj (.text:UARTPrimeTransmit)
                  00001ab0    0000009c     rtsv7M4_T_le_v4SPD16_eabi.lib : memcpy_t2.asm.obj (.text)
                  00001b4c    00000098     tasks.obj (.text:vTaskPriorityInherit)
                  00001be4    0000008c     main.obj (.text:sem_create)
                  00001c70    00000084     tasks.obj (.text:xTaskPriorityDisinherit)
                  00001cf4    00000080     temp.obj (.text:temp_read)
                  00001d74    0000007a     rtsv7M4_T_le_v4SPD16_eabi.lib : memset_t2.asm.obj (.text)
                  00001dee    00000002     startup_ccs.obj (.text:NmiSR)
                  00001df0    00000078     tasks.obj (.text:xTaskRemoveFromEventList)
                  00001e68    00000076     queue.obj (.text:prvCopyDataToQueue)
                  00001ede    00000002     rtsv7M4_T_le_v4SPD16_eabi.lib : div0.asm.obj (.text)
                  00001ee0    00000074     main.obj (.text:configure_i2c)
                  00001f54    00000074     timers.obj (.text:prvSwitchTimerLists)
                  00001fc8    00000074     queue.obj (.text:xQueueGenericReset)
                  0000203c    00000070     timers.obj (.text:prvProcessTimerOrBlockTask)
                  000020ac    00000070     tasks.obj (.text:vTaskStartScheduler)
                  0000211c    0000006e     rtsv7M4_T_le_v4SPD16_eabi.lib : fd_tos_t2.asm.obj (.text)
                  0000218a    00000002     main.obj (.text:vApplicationStackOverflowHook)
                  0000218c    0000006c     main.obj (.text:ConfigureUART)
                  000021f8    00000068     rtsv7M4_T_le_v4SPD16_eabi.lib : copy_decompress_lzss.c.obj (.text:decompress:lzss:__TI_decompress_lzss)
                  00002260    00000068     tasks.obj (.text:prvInitialiseTaskLists)
                  000022c8    00000064     tasks.obj (.text:prvCheckTasksWaitingTermination)
                  0000232c    00000064     temp.obj (.text:temptask_init)
                  00002390    00000062     queue.obj (.text:prvUnlockQueue)
                  000023f2    00000002     heap_1.obj (.text:vPortFree)
                  000023f4    00000060     main.obj (.text:alerttask_init)
                  00002454    00000060     tasks.obj (.text:xTaskCheckForTimeOut)
                  000024b4    0000005c     logger.obj (.text:loggertask_init)
                  00002510    0000005c     timers.obj (.text:prvCheckForValidListAndQueue)
                  0000256c    0000005c     heap_1.obj (.text:pvPortMalloc)
                  000025c8    0000005c     queue.obj (.text:xQueueGenericSendFromISR)
                  00002624    00000058     main.obj (.text:alert)
                  0000267c    00000058     led.obj (.text:led)
                  000026d4    00000058     tasks.obj (.text:vTaskPlaceOnEventList)
                  0000272c    00000058     tasks.obj (.text:vTaskPlaceOnEventListRestricted)
                  00002784    00000054     led.obj (.text:ledtask_init)
                  000027d8    00000054     timers.obj (.text:xTimerGenericCommand)
                  0000282c    00000052     tasks.obj (.text:prvInitialiseTCBVariables)
                  0000287e    00000002     --HOLE-- [fill = 0]
                  00002880    00000050     driverlib.lib : sysctl.obj (.text:SysCtlPeripheralReset)
                  000028d0    0000004c                   : i2c.obj (.text:I2CMasterInitExpClk)
                  0000291c    0000004c     tasks.obj (.text:prvAddCurrentTaskToDelayedList)
                  00002968    0000004c     timers.obj (.text:prvInsertTimerInActiveList)
                  000029b4    0000004c     queue.obj (.text:xQueueCreateMutex)
                  00002a00    00000048     driverlib.lib : gpio.obj (.text:GPIOPinConfigure)
                  00002a48    00000048                   : sysctl.obj (.text:_SysCtlFrequencyGet)
                  00002a90    00000048     timers.obj (.text:prvProcessExpiredTimer)
                  00002ad8    00000044     rtsv7M4_T_le_v4SPD16_eabi.lib : autoinit.c.obj (.text:__TI_auto_init_nobinit_nopinit:__TI_auto_init_nobinit_nopinit)
                  00002b1c    00000042     queue.obj (.text:xQueueGenericCreate)
                  00002b5e    00000040     rtsv7M4_T_le_v4SPD16_eabi.lib : u_divt2.asm.obj (.text)
                  00002b9e    00000002     --HOLE-- [fill = 0]
                  00002ba0    00000040     main.obj (.text:temp_timer0handler)
                  00002be0    00000040     queue.obj (.text:vQueueWaitForMessageRestricted)
                  00002c20    00000040     port.obj (.text:xPortStartScheduler)
                  00002c60    00000040     timers.obj (.text:xTimerCreateTimerTask)
                  00002ca0    0000003e     tasks.obj (.text:prvAllocateTCBAndStack)
                  00002cde    00000002     --HOLE-- [fill = 0]
                  00002ce0    0000003c     uartstdio.obj (.text:UARTFlushTx)
                  00002d1c    0000003c     main.obj (.text:led_timer0handler)
                  00002d58    00000038     driverlib.lib : sysctl.obj (.text:SysCtlPeripheralReady)
                  00002d90    00000038     rtsv7M4_T_le_v4SPD16_eabi.lib : boot_cortex_m.c.obj (.text:_c_int00_noargs:_c_int00_noargs)
                  00002dc8    00000038     temp.obj (.text:temp_write)
                  00002e00    00000034     driverlib.lib : sysctl.obj (.text:SysCtlPeripheralEnable)
                  00002e34    00000032     list.obj (.text:vListInsert)
                  00002e66    00000002     --HOLE-- [fill = 0]
                  00002e68    00000030     led.obj (.text:led_config)
                  00002e98    00000030     queue.obj (.text:vQueueAddToRegistry)
                  00002ec8    0000002c     driverlib.lib : emac.obj (.text:EMACIntStatus)
                  00002ef4    0000002c     uartstdio.obj (.text:UARTFlushRx)
                  00002f20    0000002c     tasks.obj (.text:prvResetNextTaskUnblockTime)
                  00002f4c    0000002c     timers.obj (.text:prvSampleTimeNow)
                  00002f78    0000002c     port.obj (.text:xPortSysTickHandler)
                  00002fa4    0000002a     driverlib.lib : gpio.obj (.text:GPIODirModeSet)
                  00002fce    00000028     queue.obj (.text:prvCopyDataFromQueue)
                  00002ff6    00000002     --HOLE-- [fill = 0]
                  00002ff8    00000028     port.obj (.text:pxPortInitialiseStack)
                  00003020    00000026     list.obj (.text:uxListRemove)
                  00003046    00000002     --HOLE-- [fill = 0]
                  00003048    00000024     timers.obj (.text:prvGetNextExpireTime)
                  0000306c    00000020     driverlib.lib : sysctl.obj (.text:_SysCtlMemTimingGet)
                  0000308c    00000020     rtsv7M4_T_le_v4SPD16_eabi.lib : u_tofd_t2.asm.obj (.text)
                  000030ac    00000020     tasks.obj (.text:xTaskGetSchedulerState)
                  000030cc    0000001e     queue.obj (.text:prvIsQueueFull)
                  000030ea    0000001e     list.obj (.text:vListInitialise)
                  00003108    0000001c     temp.obj (.text:temp)
                  00003124    0000001c     port.obj (.text:vPortEnterCritical)
                  00003140    0000001a     uartstdio.obj (.text:IsBufferFull)
                  0000315a    0000001a     uartstdio.obj (.text:UARTprintf)
                  00003174    0000001a     queue.obj (.text:prvIsQueueEmpty)
                  0000318e    00000018     driverlib.lib : gpio.obj (.text:GPIOPinTypeGPIOOutput)
                  000031a6    00000002     --HOLE-- [fill = 0]
                  000031a8    00000018     tasks.obj (.text:pvTaskIncrementMutexHeldCount)
                  000031c0    00000018     list.obj (.text:vListInsertEnd)
                  000031d8    00000018     port.obj (.text:vPortExitCritical)
                  000031f0    00000018     port.obj (.text:vPortSetupTimerInterrupt)
                  00003208    00000018     tasks.obj (.text:vTaskSetTimeOutState)
                  00003220    00000014     timers.obj (.text:prvTimerTask)
                  00003234    00000012     driverlib.lib : gpio.obj (.text:GPIOPinTypeI2C)
                  00003246    00000012                   : gpio.obj (.text:GPIOPinTypeI2CSCL)
                  00003258    00000012     tasks.obj (.text:prvDeleteTCB)
                  0000326a    00000010     port.obj (.text:prvTaskExitError)
                  0000327a    00000002     --HOLE-- [fill = 0]
                  0000327c    00000010     tasks.obj (.text:vTaskSuspendAll)
                  0000328c    0000000e     uartstdio.obj (.text:IsBufferEmpty)
                  0000329a    0000000e     rtsv7M4_T_le_v4SPD16_eabi.lib : copy_decompress_none.c.obj (.text:decompress:none:__TI_decompress_none)
                  000032a8    0000000c                                   : copy_zero_init.c.obj (.text:decompress:ZI:__TI_zero_init)
                  000032b4    0000000c     tasks.obj (.text:vTaskMissedYield)
                  000032c0    0000000c     tasks.obj (.text:xTaskGetTickCount)
                  000032cc    0000000a     driverlib.lib : i2c.obj (.text:I2CMasterEnable)
                  000032d6    00000008                   : emac.obj (.text:EMACPowerManagementStatusGet)
                  000032de    00000008                   : i2c.obj (.text:I2CMasterBusy)
                  000032e6    00000008                   : i2c.obj (.text:I2CMasterSlaveAddrSet)
                  000032ee    00000008     logger.obj (.text:logger)
                  000032f6    00000008     tasks.obj (.text:prvIdleTask)
                  000032fe    00000006     driverlib.lib : emac.obj (.text:EMACTimestampIntStatus)
                  00003304    00000006                   : gpio.obj (.text:GPIOPinWrite)
                  0000330a    00000006     startup_ccs.obj (.text:ResetISR)
                  00003310    00000006     driverlib.lib : uart.obj (.text:UARTClockSourceSet)
                  00003316    00000006     list.obj (.text:vListInitialiseItem)
                  0000331c    00000004     driverlib.lib : i2c.obj (.text:I2CMasterControl)
                  00003320    00000004                   : i2c.obj (.text:I2CMasterDataGet)
                  00003324    00000004                   : i2c.obj (.text:I2CMasterDataPut)
                  00003328    00000004     rtsv7M4_T_le_v4SPD16_eabi.lib : pre_init.c.obj (.text:_system_pre_init)
                  0000332c    00000004                                   : exit.c.obj (.text:abort:abort)

.const     0    00003330    00000324     
                  00003330    000001b0     driverlib.lib : sysctl.obj (.const:g_pppui32XTALtoVCO)
                  000034e0    00000090                   : gpio.obj (.const:g_pui32GPIOBaseAddrs)
                  00003570    0000006c                   : sysctl.obj (.const:g_pui32Xtals)
                  000035dc    00000030                   : sysctl.obj (.const:g_sXTALtoMEMTIM)
                  0000360c    00000012     uartstdio.obj (.const:.string)
                  0000361e    00000002     --HOLE-- [fill = 0]
                  00003620    0000000c     uartstdio.obj (.const:g_ui32UARTBase)
                  0000362c    0000000c     uartstdio.obj (.const:g_ui32UARTInt)
                  00003638    0000000c     uartstdio.obj (.const:g_ui32UARTPeriph)
                  00003644    00000008     driverlib.lib : sysctl.obj (.const)
                  0000364c    00000004     port.obj (.const)
                  00003650    00000004     uartstdio.obj (.const)

.cinit     0    00003658    00000030     
                  00003658    0000000c     (__TI_handler_table)
                  00003664    0000000b     (.cinit..data.load) [load image, compression = lzss]
                  0000366f    00000001     --HOLE-- [fill = 0]
                  00003670    00000008     (.cinit..bss.load) [load image, compression = zero_init]
                  00003678    00000010     (__TI_cinit_table)

.init_array 
*          0    00000000    00000000     UNINITIALIZED

.bss       0    20000000    00010740     UNINITIALIZED
                  20000000    00010000     heap_1.obj (.bss:ucHeap)
                  20010000    00000400     uartstdio.obj (.bss:g_pcUARTTxBuffer)
                  20010400    00000140     tasks.obj (.bss:pxReadyTasksLists)
                  20010540    00000080     uartstdio.obj (.bss:g_pcUARTRxBuffer)
                  200105c0    00000064     lwiplib.obj (.bss)
                  20010624    00000050     (.common:xQueueRegistry)
                  20010674    00000014     timers.obj (.bss:xActiveTimerList1)
                  20010688    00000014     timers.obj (.bss:xActiveTimerList2)
                  2001069c    00000014     tasks.obj (.bss:xDelayedTaskList1)
                  200106b0    00000014     tasks.obj (.bss:xDelayedTaskList2)
                  200106c4    00000014     tasks.obj (.bss:xPendingReadyList)
                  200106d8    00000014     tasks.obj (.bss:xSuspendedTaskList)
                  200106ec    00000014     tasks.obj (.bss:xTasksWaitingTermination)
                  20010700    00000008     tasks.obj (.bss)
                  20010708    00000008     timers.obj (.bss)
                  20010710    00000008     uartstdio.obj (.bss)
                  20010718    00000004     led.obj (.bss)
                  2001071c    00000004     (.common:alert_id)
                  20010720    00000004     (.common:g_led)
                  20010724    00000004     (.common:g_pfnTimerHandler)
                  20010728    00000004     (.common:g_qsem)
                  2001072c    00000004     (.common:g_temp)
                  20010730    00000004     (.common:g_uartsem)
                  20010734    00000004     (.common:g_ui32SysClock)
                  20010738    00000004     (.common:g_vulRunTimeStatsCountValue)
                  2001073c    00000004     (.common:log_mq)

.data      0    20014740    00000064     UNINITIALIZED
                  20014740    00000038     tasks.obj (.data)
                  20014778    00000015     uartstdio.obj (.data)
                  2001478d    00000003     --HOLE--
                  20014790    00000008     heap_1.obj (.data)
                  20014798    00000008     timers.obj (.data)
                  200147a0    00000004     port.obj (.data)

.stack     0    20010740    00004000     UNINITIALIZED
                  20010740    00000004     rtsv7M4_T_le_v4SPD16_eabi.lib : boot_cortex_m.c.obj (.stack)
                  20010744    00003ffc     --HOLE--

MODULE SUMMARY

       Module                       code    ro data   rw data
       ------                       ----    -------   -------
    .\
       main.obj                     1230    0         32     
       startup_ccs.obj              12      512       0      
    +--+----------------------------+-------+---------+---------+
       Total:                       1242    512       32     
                                                             
    .\src\
       logger.obj                   628     0         0      
       temp.obj                     504     0         0      
       led.obj                      392     0         4      
    +--+----------------------------+-------+---------+---------+
       Total:                       1524    0         4      
                                                             
    .\third_party\FreeRTOS\Source\
       tasks.obj                    2710    0         484    
       queue.obj                    1322    0         80     
       timers.obj                   880     0         56     
       list.obj                     148     0         0      
    +--+----------------------------+-------+---------+---------+
       Total:                       5060    0         620    
                                                             
    .\third_party\FreeRTOS\Source\portable\CCS\ARM_CM4F\
       port.obj                     240     4         4      
       portasm.obj                  210     0         0      
    +--+----------------------------+-------+---------+---------+
       Total:                       450     4         4      
                                                             
    .\third_party\FreeRTOS\Source\portable\MemMang\
       heap_1.obj                   94      0         65544  
    +--+----------------------------+-------+---------+---------+
       Total:                       94      0         65544  
                                                             
    .\utils\
       uartstdio.obj                1566    58        1181   
       lwiplib.obj                  172     0         104    
    +--+----------------------------+-------+---------+---------+
       Total:                       1738    58        1285   
                                                             
    C:/ti/TivaWare_C_Series-2.1.4.178/driverlib/ccs/Debug/driverlib.lib
       sysctl.obj                   804     596       0      
       gpio.obj                     486     144       0      
       i2c.obj                      114     0         0      
       emac.obj                     58      0         0      
       uart.obj                     6       0         0      
    +--+----------------------------+-------+---------+---------+
       Total:                       1468    740       0      
                                                             
    C:\ti\ccsv8\tools\compiler\ti-cgt-arm_18.1.4.LTS\lib\rtsv7M4_T_le_v4SPD16_eabi.lib
       fd_mul_t2.asm.obj            252     0         0      
       memcpy_t2.asm.obj            156     0         0      
       memset_t2.asm.obj            122     0         0      
       fd_tos_t2.asm.obj            110     0         0      
       copy_decompress_lzss.c.obj   104     0         0      
       autoinit.c.obj               68      0         0      
       u_divt2.asm.obj              64      0         0      
       boot_cortex_m.c.obj          56      0         0      
       u_tofd_t2.asm.obj            32      0         0      
       copy_decompress_none.c.obj   14      0         0      
       copy_zero_init.c.obj         12      0         0      
       exit.c.obj                   4       0         0      
       pre_init.c.obj               4       0         0      
       div0.asm.obj                 2       0         0      
    +--+----------------------------+-------+---------+---------+
       Total:                       1000    0         0      
                                                             
       Stack:                       0       0         16384  
       Linker Generated:            0       47        0      
    +--+----------------------------+-------+---------+---------+
       Grand Total:                 12576   1361      83873  


LINKER GENERATED COPY TABLES

__TI_cinit_table @ 00003678 records: 2, size/record: 8, table size: 16
	.data: load addr=00003664, load size=0000000b bytes, run addr=20014740, run size=00000064 bytes, compression=lzss
	.bss: load addr=00003670, load size=00000008 bytes, run addr=20000000, run size=00010740 bytes, compression=zero_init


LINKER GENERATED HANDLER TABLE

__TI_handler_table @ 00003658 records: 3, size/record: 4, table size: 12
	index: 0, handler: __TI_decompress_lzss
	index: 1, handler: __TI_decompress_none
	index: 2, handler: __TI_zero_init


GLOBAL SYMBOLS: SORTED ALPHABETICALLY BY Name 

address   name                           
-------   ----                           
0000332d  C$$EXIT                        
0000218d  ConfigureUART                  
00002ec9  EMACIntStatus                  
000032d7  EMACPowerManagementStatusGet   
000032ff  EMACTimestampIntStatus         
00002fa5  GPIODirModeSet                 
00000aed  GPIOPadConfigSet               
00002a01  GPIOPinConfigure               
0000318f  GPIOPinTypeGPIOOutput          
00003235  GPIOPinTypeI2C                 
00003247  GPIOPinTypeI2CSCL              
00003305  GPIOPinWrite                   
000032df  I2CMasterBusy                  
0000331d  I2CMasterControl               
00003321  I2CMasterDataGet               
00003325  I2CMasterDataPut               
000032cd  I2CMasterEnable                
000028d1  I2CMasterInitExpClk            
000032e7  I2CMasterSlaveAddrSet          
0000330b  ResetISR                       
00000619  SysCtlClockFreqSet             
00002e01  SysCtlPeripheralEnable         
00002d59  SysCtlPeripheralReady          
00002881  SysCtlPeripheralReset          
00003311  UARTClockSourceSet             
00002ef5  UARTFlushRx                    
00002ce1  UARTFlushTx                    
00001555  UARTStdioConfig                
00000819  UARTStdioIntHandler            
0000315b  UARTprintf                     
00000411  UARTvprintf                    
000018c9  UARTwrite                      
20014740  __STACK_END                    
00004000  __STACK_SIZE                   
20014740  __STACK_TOP                    
00003678  __TI_CINIT_Base                
00003688  __TI_CINIT_Limit               
00003658  __TI_Handler_Table_Base        
00003664  __TI_Handler_Table_Limit       
00002ad9  __TI_auto_init_nobinit_nopinit 
000021f9  __TI_decompress_lzss           
0000329b  __TI_decompress_none           
ffffffff  __TI_pprof_out_hndl            
ffffffff  __TI_prof_data_size            
ffffffff  __TI_prof_data_start           
00000000  __TI_static_base__             
000032a9  __TI_zero_init                 
0000211d  __aeabi_d2f                    
00000e51  __aeabi_dmul                   
00001edf  __aeabi_idiv0                  
00001edf  __aeabi_ldiv0                  
00001d75  __aeabi_memclr                 
00001d75  __aeabi_memclr4                
00001d75  __aeabi_memclr8                
00001ab1  __aeabi_memcpy                 
00001ab1  __aeabi_memcpy4                
00001ab1  __aeabi_memcpy8                
00001d77  __aeabi_memset                 
00001d77  __aeabi_memset4                
00001d77  __aeabi_memset8                
0000308d  __aeabi_ui2d                   
00002b5f  __aeabi_uidiv                  
00002b5f  __aeabi_uidivmod               
ffffffff  __binit__                      
ffffffff  __c_args__                     
UNDEFED   __mpu_init                     
20010740  __stack                        
00002d91  _c_int00_noargs                
UNDEFED   _system_post_cinit             
00003329  _system_pre_init               
0000332d  abort                          
00002625  alert                          
2001071c  alert_id                       
000023f5  alerttask_init                 
ffffffff  binit                          
00001ee1  configure_i2c                  
20010720  g_led                          
20010724  g_pfnTimerHandler              
00000000  g_pfnVectors                   
20010728  g_qsem                         
2001072c  g_temp                         
20010730  g_uartsem                      
20010734  g_ui32SysClock                 
20010738  g_vulRunTimeStatsCountValue    
00002e69  led_config                     
00001771  led_send                       
00002d1d  led_timer0handler              
00002785  ledtask_init                   
00000201  log                            
2001073c  log_mq                         
000024b5  loggertask_init                
0000181d  lwIPEthernetIntHandler         
00000989  main                           
00001ab1  memcpy                         
00001d7d  memset                         
0000256d  pvPortMalloc                   
000031a9  pvTaskIncrementMutexHeldCount  
20014740  pxCurrentTCB                   
00002ff9  pxPortInitialiseStack          
00001be5  sem_create                     
00001cf5  temp_read                      
00001495  temp_send                      
00002ba1  temp_timer0handler             
00002dc9  temp_write                     
0000232d  temptask_init                  
00001305  timer_config                   
0000364c  ulMaxSyscallInterruptPriority  
00001241  ulPortGetIPSR                  
000016c1  ulTaskNotifyTake               
00003021  uxListRemove                   
0000218b  vApplicationStackOverflowHook  
000030eb  vListInitialise                
00003317  vListInitialiseItem            
00002e35  vListInsert                    
000031c1  vListInsertEnd                 
000012f5  vPortEnableVFP                 
00003125  vPortEnterCritical             
000031d9  vPortExitCritical              
000023f3  vPortFree                      
000012b9  vPortSVCHandler                
000031f1  vPortSetupTimerInterrupt       
000012d9  vPortStartFirstTask            
00002e99  vQueueAddToRegistry            
00002be1  vQueueWaitForMessageRestricted 
000032b5  vTaskMissedYield               
000026d5  vTaskPlaceOnEventList          
0000272d  vTaskPlaceOnEventListRestricted
00001b4d  vTaskPriorityInherit           
00003209  vTaskSetTimeOutState           
000020ad  vTaskStartScheduler            
0000327d  vTaskSuspendAll                
000013cd  vTaskSwitchContext             
00001259  xPortPendSVHandler             
00002c21  xPortStartScheduler            
00002f79  xPortSysTickHandler            
000029b5  xQueueCreateMutex              
00002b1d  xQueueGenericCreate            
00000c21  xQueueGenericReceive           
00001fc9  xQueueGenericReset             
00000f4d  xQueueGenericSend              
000025c9  xQueueGenericSendFromISR       
20010624  xQueueRegistry                 
00002455  xTaskCheckForTimeOut           
00001049  xTaskGenericCreate             
0000160d  xTaskGenericNotify             
000030ad  xTaskGetSchedulerState         
000032c1  xTaskGetTickCount              
00000d49  xTaskIncrementTick             
00001c71  xTaskPriorityDisinherit        
00001df1  xTaskRemoveFromEventList       
00001145  xTaskResumeAll                 
00002c61  xTimerCreateTimerTask          
000027d9  xTimerGenericCommand           


GLOBAL SYMBOLS: SORTED BY Symbol Address 

address   name                           
-------   ----                           
00000000  __TI_static_base__             
00000000  g_pfnVectors                   
00000201  log                            
00000411  UARTvprintf                    
00000619  SysCtlClockFreqSet             
00000819  UARTStdioIntHandler            
00000989  main                           
00000aed  GPIOPadConfigSet               
00000c21  xQueueGenericReceive           
00000d49  xTaskIncrementTick             
00000e51  __aeabi_dmul                   
00000f4d  xQueueGenericSend              
00001049  xTaskGenericCreate             
00001145  xTaskResumeAll                 
00001241  ulPortGetIPSR                  
00001259  xPortPendSVHandler             
000012b9  vPortSVCHandler                
000012d9  vPortStartFirstTask            
000012f5  vPortEnableVFP                 
00001305  timer_config                   
000013cd  vTaskSwitchContext             
00001495  temp_send                      
00001555  UARTStdioConfig                
0000160d  xTaskGenericNotify             
000016c1  ulTaskNotifyTake               
00001771  led_send                       
0000181d  lwIPEthernetIntHandler         
000018c9  UARTwrite                      
00001ab1  __aeabi_memcpy                 
00001ab1  __aeabi_memcpy4                
00001ab1  __aeabi_memcpy8                
00001ab1  memcpy                         
00001b4d  vTaskPriorityInherit           
00001be5  sem_create                     
00001c71  xTaskPriorityDisinherit        
00001cf5  temp_read                      
00001d75  __aeabi_memclr                 
00001d75  __aeabi_memclr4                
00001d75  __aeabi_memclr8                
00001d77  __aeabi_memset                 
00001d77  __aeabi_memset4                
00001d77  __aeabi_memset8                
00001d7d  memset                         
00001df1  xTaskRemoveFromEventList       
00001edf  __aeabi_idiv0                  
00001edf  __aeabi_ldiv0                  
00001ee1  configure_i2c                  
00001fc9  xQueueGenericReset             
000020ad  vTaskStartScheduler            
0000211d  __aeabi_d2f                    
0000218b  vApplicationStackOverflowHook  
0000218d  ConfigureUART                  
000021f9  __TI_decompress_lzss           
0000232d  temptask_init                  
000023f3  vPortFree                      
000023f5  alerttask_init                 
00002455  xTaskCheckForTimeOut           
000024b5  loggertask_init                
0000256d  pvPortMalloc                   
000025c9  xQueueGenericSendFromISR       
00002625  alert                          
000026d5  vTaskPlaceOnEventList          
0000272d  vTaskPlaceOnEventListRestricted
00002785  ledtask_init                   
000027d9  xTimerGenericCommand           
00002881  SysCtlPeripheralReset          
000028d1  I2CMasterInitExpClk            
000029b5  xQueueCreateMutex              
00002a01  GPIOPinConfigure               
00002ad9  __TI_auto_init_nobinit_nopinit 
00002b1d  xQueueGenericCreate            
00002b5f  __aeabi_uidiv                  
00002b5f  __aeabi_uidivmod               
00002ba1  temp_timer0handler             
00002be1  vQueueWaitForMessageRestricted 
00002c21  xPortStartScheduler            
00002c61  xTimerCreateTimerTask          
00002ce1  UARTFlushTx                    
00002d1d  led_timer0handler              
00002d59  SysCtlPeripheralReady          
00002d91  _c_int00_noargs                
00002dc9  temp_write                     
00002e01  SysCtlPeripheralEnable         
00002e35  vListInsert                    
00002e69  led_config                     
00002e99  vQueueAddToRegistry            
00002ec9  EMACIntStatus                  
00002ef5  UARTFlushRx                    
00002f79  xPortSysTickHandler            
00002fa5  GPIODirModeSet                 
00002ff9  pxPortInitialiseStack          
00003021  uxListRemove                   
0000308d  __aeabi_ui2d                   
000030ad  xTaskGetSchedulerState         
000030eb  vListInitialise                
00003125  vPortEnterCritical             
0000315b  UARTprintf                     
0000318f  GPIOPinTypeGPIOOutput          
000031a9  pvTaskIncrementMutexHeldCount  
000031c1  vListInsertEnd                 
000031d9  vPortExitCritical              
000031f1  vPortSetupTimerInterrupt       
00003209  vTaskSetTimeOutState           
00003235  GPIOPinTypeI2C                 
00003247  GPIOPinTypeI2CSCL              
0000327d  vTaskSuspendAll                
0000329b  __TI_decompress_none           
000032a9  __TI_zero_init                 
000032b5  vTaskMissedYield               
000032c1  xTaskGetTickCount              
000032cd  I2CMasterEnable                
000032d7  EMACPowerManagementStatusGet   
000032df  I2CMasterBusy                  
000032e7  I2CMasterSlaveAddrSet          
000032ff  EMACTimestampIntStatus         
00003305  GPIOPinWrite                   
0000330b  ResetISR                       
00003311  UARTClockSourceSet             
00003317  vListInitialiseItem            
0000331d  I2CMasterControl               
00003321  I2CMasterDataGet               
00003325  I2CMasterDataPut               
00003329  _system_pre_init               
0000332d  C$$EXIT                        
0000332d  abort                          
0000364c  ulMaxSyscallInterruptPriority  
00003658  __TI_Handler_Table_Base        
00003664  __TI_Handler_Table_Limit       
00003678  __TI_CINIT_Base                
00003688  __TI_CINIT_Limit               
00004000  __STACK_SIZE                   
20010624  xQueueRegistry                 
2001071c  alert_id                       
20010720  g_led                          
20010724  g_pfnTimerHandler              
20010728  g_qsem                         
2001072c  g_temp                         
20010730  g_uartsem                      
20010734  g_ui32SysClock                 
20010738  g_vulRunTimeStatsCountValue    
2001073c  log_mq                         
20010740  __stack                        
20014740  __STACK_END                    
20014740  __STACK_TOP                    
20014740  pxCurrentTCB                   
ffffffff  __TI_pprof_out_hndl            
ffffffff  __TI_prof_data_size            
ffffffff  __TI_prof_data_start           
ffffffff  __binit__                      
ffffffff  __c_args__                     
ffffffff  binit                          
UNDEFED   __mpu_init                     
UNDEFED   _system_post_cinit             

[153 symbols]
